BASELINE -- must PASS
      14 passed in 19.60s

MUTATIONS -- each must be REJECTED
  M1 the table is sized from a literal 256 instead of CELL_BITS
      breaks: at 12/16 the table is too short for the entries the slot can reach
      -> rejected   1 failed, 12 passed in 11.41s
  M2 the table is no longer aligned to its own size
      breaks: the table does not start at op 2^CELL_BITS, so entry V is not at V
      -> rejected   1 failed, 3 passed in 3.11s
  M3 nibble selection off by one hex
      breaks: high bits land in the wrong hex of read_byte
      -> rejected   1 failed in 0.95s
  M4 bit-in-nibble selection off by one
      breaks: every decoded bit is one position out
      -> rejected   1 failed in 1.15s
  M5 the arming flip still adds 256, not 2^CELL_BITS
      breaks: the slot lands 2^CELL_BITS-256 entries away from its own
      -> rejected   1 failed, 3 passed in 4.31s
  M6 the read destination is not cleared across the whole cell
      breaks: a wide read keeps the previous read's high hexes
      -> rejected   1 failed, 12 passed in 18.93s
  M7 zero_ptr clears only two hexes of a wider cell
      breaks: the write side stops matching the read side -- section 0.1
      -> rejected   1 failed, 12 passed in 18.55s
  M8 CELL_BITS is declared after the file that uses it
      breaks: a 4-bit cell cannot hold the byte the programs store
      -> rejected   1 failed in 0.96s

restored: runlib.fj, basic_pointers.fj, xor_from_pointer.fj, xor_to_pointer.fj

NEGATIVE CONTROL PASSED -- baseline passes, all 8 mutations rejected.
