SIZE: w=32  segments=416734  data=44,534,006 words (33.18% of 2^27)  span=83,751,840 words (62.40%)  file=31,238,616 bytes
calibration: startup + 2 menu frames = 495,716 ops (subtracted from every run)
  run  0: 1,978,986,489 ops / 102 presented -> raw 19,401,828, game-only 19,784,907 ops/frame
  run  1: 1,602,225,196 ops / 102 presented -> raw 15,708,090, game-only 16,017,294 ops/frame
  run  2: 2,048,037,046 ops / 102 presented -> raw 20,078,794, game-only 20,475,413 ops/frame
  run  3: 1,738,387,144 ops / 102 presented -> raw 17,043,011, game-only 17,378,914 ops/frame
  run  4: 1,056,971,402 ops / 102 presented -> raw 10,362,464, game-only 10,564,756 ops/frame
  run  5: 1,790,084,465 ops / 102 presented -> raw 17,549,847, game-only 17,895,887 ops/frame
  run  6: 1,460,266,330 ops / 102 presented -> raw 14,316,336, game-only 14,597,706 ops/frame
  run  7: 1,136,374,733 ops / 102 presented -> raw 11,140,928, game-only 11,358,790 ops/frame
  run  8: 1,307,622,951 ops / 102 presented -> raw 12,819,832, game-only 13,071,272 ops/frame
  run  9: 1,187,776,387 ops / 102 presented -> raw 11,644,866, game-only 11,872,806 ops/frame

==============================================================================
SPEED  BINDING (mean+p80)/2: 16,598,831 ops/frame   (target <= 20,000,000)  PASS
SPEED  mean run-average   : 15,301,774 ops/frame
SPEED  80th-pct run avg   : 17,895,887 ops/frame
SPEED  spread lo..hi      : 10,564,756 .. 20,475,413 ops/frame
SPEED  raw (menu included): mean 15,006,600, 80th-pct 17,549,847 ops/frame
SIZE   words              : 44,534,006 = 33.18% of 2^27   (target <= 35%)  PASS
SIZE   span / file        : 83,751,840 words (62.40%) / 31,238,616 bytes
==============================================================================
