$ python scratchpad/12m/msframe.py --a build/doom_e1m1_pads1.fjm --against shipped --frames 400 --reps 10 --note "...10x400, quiet box..."
machine : power plan 'Turbo'; busy processes: none
against : baseline 'shipped' = build\doom_e1m1_blocked25.fjm (fc46c28c5f2bbac8), recorded 2026-09-13 22:51:53 at 89.3 ms/frame
msframe : A=doom_e1m1_blocked25.fjm B=doom_e1m1_pads1.fjm, 400 game frames, 10 reps, cpu 2, resolution 3%
  rep 0  base      77.7 ms   252.4M fj/s  yard 3.63->3.60G   |  change    78.6 ms   243.8M fj/s  yard 3.61->3.65G
  rep 1  base      77.4 ms   253.3M fj/s  yard 3.63->3.65G   |  change    79.2 ms   242.1M fj/s  yard 3.61->3.65G
  rep 2  base      77.7 ms   252.5M fj/s  yard 3.60->3.65G   |  change    78.8 ms   243.4M fj/s  yard 3.63->3.64G
  rep 3  base      77.6 ms   252.6M fj/s  yard 3.63->3.65G   |  change    78.8 ms   243.5M fj/s  yard 3.65->3.59G
  rep 4  base      77.1 ms   254.3M fj/s  yard 3.64->3.65G   |  change    78.5 ms   244.1M fj/s  yard 3.64->3.65G
  rep 5  base      77.7 ms   252.3M fj/s  yard 3.63->3.63G   |  change    78.8 ms   243.5M fj/s  yard 3.64->3.65G
  rep 6  base      77.1 ms   254.4M fj/s  yard 3.65->3.64G   |  change    78.4 ms   244.5M fj/s  yard 3.59->3.62G
  rep 7  base      77.2 ms   253.8M fj/s  yard 3.63->3.64G   |  change    78.8 ms   243.2M fj/s  yard 3.62->3.55G
  rep 8  base      77.3 ms   253.7M fj/s  yard 3.62->3.63G   |  change    78.8 ms   243.2M fj/s  yard 3.63->3.64G
  rep 9  base      77.0 ms   254.6M fj/s  yard 3.63->3.65G   |  change    78.5 ms   244.3M fj/s  yard 3.64->3.64G

  base     median    77.3 ms/frame  [77.0 .. 77.7]    253.5M fj/s   19,609,198 ops/frame   cell=4 flat
  change   median    78.8 ms/frame  [78.4 .. 79.2]    243.5M fj/s   19,174,470 ops/frame   cell=4 flat

  pixels identical across arms and reps : YES
  ops identical across arms             : no   (expected when the arms are different binaries; not when they are one engine A/B)
  per-pair A/B ms ratio                 : 0.988 0.978 0.986 0.986 0.982 0.987 0.983 0.980 0.980 0.981
  median ratio                          : 0.982  (>1 = B faster)
  VERDICT: NOT SEPARATED   (rule: all 10 pairs agree in sign AND |median ratio - 1| > 3%)
  engine A: 79af8639f57bfa50 full_span=None C:\Users\tomhe\Documents\flipjump-151\flipjump\interpreter\_fjcore.pyd
  engine B: 79af8639f57bfa50 full_span=None C:\Users\tomhe\Documents\flipjump-151\flipjump\interpreter\_fjcore.pyd
  pin: cpu2 proc=ok thread=ok prio=high   yardstick median 3.63G
  ledger  : appended to scratchpad\12m\msframe_ledger.jsonl
exit=0
