# poolmap / fjmsize transcript for DESIGN.md section 1.2's blocked25 note (R4, PR #84).
# Captured by scratchpad-local _capture_poolmap_log.py; every non-# non-$ line is captured
# stdout+stderr of the $ line above it. Machine: the session box, 2026-09-15 21:12.
# The frozen counts cache is signed src=f9cce59b246886c1.
# 
$ python scratchpad/12m/fjmsize.py build/doom_e1m1_blocked25.fjm
w=32  segments=424743  data=43,657,732 words (32.53% of 2^27)  span=96,009,696 words (71.53%)  file=31,845,446 bytes
# rc=0

# Working tree hashes to src=adc2e11078a14eba after waiting 240 s, so this arm shows the REFUSAL.
$ python scratchpad/12m/poolmap.py
FJM    w=32  segments=424743  data=43,657,732 words (32.53% of 2^27)  span=96,009,696 words (71.53%)  file=31,845,446 bytes
       segment table sums to the payload: yes (43,657,732 words)
SPLIT  below word 50,331,648: 1 segment, 27,527,046 payload words, ending at word 27,527,046
       in the pool   : 424,742 segments, 16,130,686 payload words, words 50,331,648..96,009,696
GAP    program end -> pool base: 22,804,602 words
POOL   base word 50,331,648, window ends word 134,217,727 (--pool-base 0x60000000 --span-bits 0x9fffffe0); 38,208,031 words of the window above the image
  counts cache is for a DIFFERENT program -- recounting
       cache sig src=f9cce59b246886c1, this tree hashes to src=adc2e11078a14eba
PAD    counts cache STALE (C:\Users\tomhe\Documents\doom-flipjump\scratchpad\12m\_counts_game.json.gz) -- the block sizes are not priced. Re-run with --allow-stale to price it anyway, or `build_blocked.py --preflight-only` to re-count.
# rc=0

# The same, pricing the frozen counts against whatever the tree is now:
$ python scratchpad/12m/poolmap.py --allow-stale
FJM    w=32  segments=424743  data=43,657,732 words (32.53% of 2^27)  span=96,009,696 words (71.53%)  file=31,845,446 bytes
       segment table sums to the payload: yes (43,657,732 words)
SPLIT  below word 50,331,648: 1 segment, 27,527,046 payload words, ending at word 27,527,046
       in the pool   : 424,742 segments, 16,130,686 payload words, words 50,331,648..96,009,696
GAP    program end -> pool base: 22,804,602 words
POOL   base word 50,331,648, window ends word 134,217,727 (--pool-base 0x60000000 --span-bits 0x9fffffe0); 38,208,031 words of the window above the image
  counts cache is for a DIFFERENT program -- recounting
       cache sig src=f9cce59b246886c1, this tree hashes to src=adc2e11078a14eba
       --allow-stale: forcing the cache's OWN signature; the `counts cache HIT` below is that forced match, NOT this tree.
  counts cache HIT: 27,030 groups, 425,236 tables (skipping the counting assembly)
       --allow-stale: PRICED ANYWAY. These block sizes are the cached program's.
BLOCKS 27,030 of 27,030 groups placed (0 broken); demand 45,678,048 words, extent 45,678,048 words, capacity 83,886,079 words (54.5% used)
       demand == extent, i.e. no hole in front of any block: yes
       extent == the image's span above the pool base, i.e. the image ends at the allocator's cursor: yes
PAD    45,678,048 - 16,130,686 = 29,547,362 words INSIDE the blocks, by mechanism:
       block power-of-two round-up         8,305,632 words   28.1%  (--width-buckets only)
       alignment between buckets                   0 words    0.0%  (structurally 0)
       unused slots                       20,301,536 words   68.7%  (count rounded up, times --spread)
       slot width + declined tables          940,194 words    3.2%
       the four terms sum to the pad: yes
SUM    span - data = 96,009,696 - 43,657,732 = 52,351,964 = 22,804,602 gap + 29,547,362 pad: yes
# rc=0

# The R9 control set:
$ python scratchpad/12m/poolmap.py --selftest
poolmap selftest -- C1..C3 and C5 are the negative controls; C4 is the vacuity check.
  cache signature is {'tier': 'game', 'map': 'E1M1', 'wad': 'tests/fixtures/freedoom_e1m1.wad', 'macros': ['hex.double_exact_xor', 'hex.exact_xor', 'hex.quadrupled_exact_xor', 'hex.sparse_double_exact_xor', 'hex.sparse_exact_xor', 'hex.triple_exact_xor'], 'src': 'adc2e11078a14eba'}
  C1 the synthetic split comes back as the SYNTHETIC one         ok  below=(1, 10, 0, 10) in_pool=(2, 12, 1000, 1017)
  C1 it differs from the binary under test (a constant would fail here) ok
  counts cache is for a DIFFERENT program -- recounting
  C3 a cache signed for another program is REFUSED               ok
  counts cache HIT: 27,030 groups, 425,236 tables (skipping the counting assembly)
  C3 a cache signed for THIS tree is accepted (the check separates) ok
  counts cache is for a DIFFERENT program -- recounting
       cache sig src=f9cce59b246886c1, this tree hashes to src=adc2e11078a14eba
  (the real cache at C:\Users\tomhe\Documents\doom-flipjump\scratchpad\12m\_counts_game.json.gz is STALE against this working tree)
  counts cache is for a DIFFERENT program -- recounting
       cache sig src=f9cce59b246886c1, this tree hashes to src=adc2e11078a14eba
       --allow-stale: forcing the cache's OWN signature; the `counts cache HIT` below is that forced match, NOT this tree.
  counts cache HIT: 27,030 groups, 425,236 tables (skipping the counting assembly)
       --allow-stale: PRICED ANYWAY. These block sizes are the cached program's.
  C2 dropping one group's count moves the demand by that block's size ok  16,777,216 -> 64 words for (hex.tables.res + 32)
  C2 the demand MOVED (a cache-blind demand would not)           ok  45,678,048 -> 28,900,896 words
  C4 groups > 0                                                  ok  27,030
  C4 demand > 0                                                  ok  45,678,048 words
  C4 the binary emits words INTO the pool                        ok  16,130,686 words
  C4 the pad is not negative (demand covers what was emitted)    ok
  C5 the breakdown's total IS the demand the PAD line prices     ok  45,678,048 vs 45,678,048 words
  C5 no term is negative (demand >= top >= slots >= occupied >= emitted) ok
  C5 the hand-computed block breaks down as (1024, 256, 0, 64, 704) bits ok  got (1024, 256, 0, 64, 704)
  C5 with --no-width-buckets the round-up term vanishes (it names --width-buckets) ok  demand 2048 bits, round-up 0 bits

SELFTEST PASS
# rc=0

# The same counts priced with --no-width-buckets, for the note's claim that the bucket
# layout is what makes the pool fit at all. The block sizes come from the frozen counts,
# so --allow-stale changes nothing about them -- it only decides whether they are priced.
$ python scratchpad/12m/poolmap.py --no-width-buckets --allow-stale
FJM    w=32  segments=424743  data=43,657,732 words (32.53% of 2^27)  span=96,009,696 words (71.53%)  file=31,845,446 bytes
       segment table sums to the payload: yes (43,657,732 words)
SPLIT  below word 50,331,648: 1 segment, 27,527,046 payload words, ending at word 27,527,046
       in the pool   : 424,742 segments, 16,130,686 payload words, words 50,331,648..96,009,696
GAP    program end -> pool base: 22,804,602 words
POOL   base word 50,331,648, window ends word 134,217,727 (--pool-base 0x60000000 --span-bits 0x9fffffe0); 38,208,031 words of the window above the image
  counts cache is for a DIFFERENT program -- recounting
       cache sig src=f9cce59b246886c1, this tree hashes to src=adc2e11078a14eba
       --allow-stale: forcing the cache's OWN signature; the `counts cache HIT` below is that forced match, NOT this tree.
  counts cache HIT: 27,030 groups, 425,236 tables (skipping the counting assembly)
       --allow-stale: PRICED ANYWAY. These block sizes are the cached program's.
BLOCKS 14,755 of 27,030 groups placed (12,275 broken); demand 84,565,984 words, extent 83,886,048 words, capacity 83,886,079 words (100.8% used)
       demand == extent, i.e. no hole in front of any block: NO (and with 12,275 groups broken the two sums are over DIFFERENT blocks, so this equality decides nothing either way)
       extent == the image's span above the pool base, i.e. the image ends at the allocator's cursor: NO
PAD    84,565,984 - 16,130,686 = 68,435,298 words INSIDE the blocks, by mechanism:
       block power-of-two round-up                 0 words    0.0%  (--width-buckets only)
       alignment between buckets                   0 words    0.0%  (structurally 0)
       unused slots                       48,935,296 words   71.5%  (count rounded up, times --spread)
       slot width + declined tables       19,500,002 words   28.5%
       the four terms sum to the pad: yes
SUM    span - data = 96,009,696 - 43,657,732 = 52,351,964 = 22,804,602 gap + 68,435,298 pad: NO
# rc=0
