labels : scratchpad/12m/_full_labels.tsv.gz
         2,103,928 addresses
fjm    : build/doom_e1m1_s2.fjm  (walk seed 0, 2 game frames)
note   : hook saw 1 op more than the counter -- the EOF op, recorded then aborted
ops    : 78,675,599 over 4 presented frames (hook total matches interpreter)
saved  : scratchpad/12m/_s2_hist.json.gz (1,582,848 distinct addresses)
  (guard: 13,219 ops sat > 4096 ops past a BARE label and were NOT credited to it)

HOT PRIMITIVES (innermost macro -- what burns the ops)  (attributed 78,662,379 of 78,675,599 ops, 100.0%)
  macro                                                     ops    share
  ----------------------------------------------------------------------
  hex.exact_xor                                      31,062,806   39.48%
  hex.sparse_exact_xor                                9,389,693   11.93%
  hex.double_exact_xor                                6,785,965    8.63%
  hex.triple_exact_xor                                6,729,832    8.55%
  stl.comp_if1                                        1,706,186    2.17%
  hex.shifts.shl_bit_once                             1,539,174    1.96%
  hex.mul.init                                        1,352,154    1.72%
  hex.add.clear_carry                                 1,103,953    1.40%
  hex.tables.jump_to_table_entry                        990,928    1.26%
  hex.tables.clean_table_entry__table                   954,548    1.21%
  hex.shifts.shr_bit_once                               948,824    1.21%
  hex.add_mul                                           892,816    1.13%
  frame.sub8_chain                                      834,157    1.06%
  frame.add8_chain                                      813,362    1.03%
  hex.if_flags                                          807,424    1.03%
  hex.cmp                                               529,831    0.67%
  hex.pointers.xor_hex_to_flip_ptr                      523,728    0.67%
  hex.tables.ret                                        499,813    0.64%
  hex.mov                                               474,622    0.60%
  frame.sub4_chain                                      405,514    0.52%
  hex.tables.res                                        384,880    0.49%
  hex.add.dst                                           346,107    0.44%
  frame.sub10_chain                                     334,540    0.43%
  hex.add.init                                          327,919    0.42%
  hex.if1                                               313,289    0.40%
  (guard: 13,219 ops sat > 4096 ops past a BARE label and were NOT credited to it)

HOT DOOM MACROS (deepest non-stl caller -- our code)  (attributed 78,662,379 of 78,675,599 ops, 100.0%)
  macro                                                     ops    share
  ----------------------------------------------------------------------
  frame.dance_boundary                                5,289,252    6.72%
  sim.check_line                                      4,723,513    6.00%
  frame.seg_pass2_leaf_body_lines                     4,413,349    5.61%
  proj.wall_x_range_m                                 3,672,773    4.67%
  proj.point_on_side_leaf                             3,568,380    4.54%
  sim.thing_pass                                      2,968,907    3.77%
  proj.project_thing                                  2,892,193    3.68%
  sim.check_block                                     2,451,527    3.12%
  frame.arm5                                          2,249,447    2.86%
  sim.bind_things                                     2,226,365    2.83%
  frame.seg_pass1_leaf_body_lines                     2,224,923    2.83%
  proj.slope_div                                      1,881,562    2.39%
  sim.thing_load                                      1,831,200    2.33%
  m1.zerobyte                                         1,657,895    2.11%
  frame.ts_piece_store                                1,462,936    1.86%
  frame.seg_pass1_leaf_body_ts                        1,413,098    1.80%
  hex.mul.init                                        1,352,154    1.72%
  proj.point_to_angle                                 1,228,082    1.56%
  proj.scale_recip_div                                1,220,544    1.55%
  frame.ts_step_faces                                 1,189,139    1.51%
  frame.ptr_index_fill                                1,140,826    1.45%
  proj.scalestep                                      1,110,366    1.41%
  frame.add8_chain                                    1,102,425    1.40%
  frame.sub8_chain                                    1,021,584    1.30%
  hex.tables.clean_table_entry__table                   906,241    1.15%
