table-placement gate -- relocating a lookup table must not change the program

  program / pool                       output     ops       reloc   verdict
  hex.xor [inline]                     b'0x1234'  1685      -       reference
      run_ops=16                       b'0x1234'  1079      113     SAME  -35.96% ops
      run_ops=64                       b'0x1234'  1165      113     SAME  -30.86% ops
      run_ops=256                      b'0x1234'  1293      113     SAME  -23.26% ops
      run_ops=4096                     b'0x1234'  1373      113     SAME  -18.52% ops
  hex.add/sub [inline]                 b'0x8F4D'  5592      -       reference
      run_ops=16                       b'0x8F4D'  4610      255     SAME  -17.56% ops
      run_ops=64                       b'0x8F4D'  4898      255     SAME  -12.41% ops
      run_ops=256                      b'0x8F4D'  5036      255     SAME  -9.94% ops
      run_ops=4096                     b'0x8F4D'  5592      255     SAME  +0.00% ops
  hex.cmp/shift/mul [inline]           b'0x3D'    2897      -       reference
      run_ops=16                       b'0x3D'    2189      138     SAME  -24.44% ops
      run_ops=64                       b'0x3D'    2291      138     SAME  -20.92% ops
      run_ops=256                      b'0x3D'    2395      138     SAME  -17.33% ops
      run_ops=4096                     b'0x3D'    2509      138     SAME  -13.39% ops
  bit.exact_xor (fall-through table) [inline] b'IK\x02\x01' 618       -       reference
      run_ops=16                       b'IK\x02\x01' 618       0       SAME  +0.00% ops
      run_ops=64                       b'IK\x02\x01' 618       0       SAME  +0.00% ops
      run_ops=256                      b'IK\x02\x01' 618       0       SAME  +0.00% ops
      run_ops=4096                     b'IK\x02\x01' 618       0       SAME  +0.00% ops

  program / blocking                   output     ops       groups  verdict
  hex.xor                              b'0x1234'  963       8       SAME  -42.85% ops
  hex.add/sub                          b'0x8F4D'  4440      9       SAME  -20.60% ops
  hex.cmp/shift/mul                    b'0x3D'    2129      32      SAME  -26.51% ops
  bit.exact_xor (fall-through table)   b'IK\x02\x01' 618       0       SAME  +0.00% ops

  program / blocking, span forced tiny output     ops       declined verdict
  hex.xor                              b'0x1234'  1289      54      SAME  (6 group(s) un-pinned)
  hex.add/sub                          b'0x8F4D'  5394      200     SAME  (7 group(s) un-pinned)
  hex.cmp/shift/mul                    b'0x3D'    2627      70      SAME  (28 group(s) un-pinned)
  bit.exact_xor (fall-through table)   b'IK\x02\x01' 618       0       SAME

GATE PASS
