SIZE: w=32  segments=1  data=51,145,042 words (38.11% of 2^27)  span=51,145,042 words (38.11%)  file=18,249,358 bytes
calibration: startup + 2 menu frames = 507,223 ops (subtracted from every run)
  run  0: 2,717,109,840 ops / 102 presented -> raw 26,638,331, game-only 27,166,026 ops/frame
  run  1: 2,208,305,164 ops / 102 presented -> raw 21,650,050, game-only 22,077,979 ops/frame
  run  2: 2,865,723,136 ops / 102 presented -> raw 28,095,324, game-only 28,652,159 ops/frame
  run  3: 2,414,843,153 ops / 102 presented -> raw 23,674,932, game-only 24,143,359 ops/frame
  run  4: 1,482,278,119 ops / 102 presented -> raw 14,532,138, game-only 14,817,708 ops/frame
  run  5: 2,501,304,983 ops / 102 presented -> raw 24,522,597, game-only 25,007,977 ops/frame
  run  6: 2,023,024,014 ops / 102 presented -> raw 19,833,568, game-only 20,225,167 ops/frame
  run  7: 1,496,051,831 ops / 102 presented -> raw 14,667,174, game-only 14,955,446 ops/frame
  run  8: 1,804,494,194 ops / 102 presented -> raw 17,691,119, game-only 18,039,869 ops/frame
  run  9: 1,572,167,894 ops / 102 presented -> raw 15,413,410, game-only 15,716,606 ops/frame

==============================================================================
SPEED  BINDING (mean+p80)/2: 23,044,103 ops/frame   (target <= 20,000,000)  OVER
SPEED  mean run-average   : 21,080,230 ops/frame
SPEED  80th-pct run avg   : 25,007,977 ops/frame
SPEED  spread lo..hi      : 14,817,708 .. 28,652,159 ops/frame
SPEED  raw (menu included): mean 20,671,865, 80th-pct 24,522,597 ops/frame
SIZE   words              : 51,145,042 = 38.11% of 2^27   (target <= 35%)  OVER
SIZE   span / file        : 51,145,042 words (38.11%) / 18,249,358 bytes
==============================================================================
