$ python scratchpad/12m/msframe.py --a C:/Users/tomhe/Documents/doom-m7i/build/doom_e1m1_blocked37.fjm --b build/doom_e1m1_blocked38.fjm --note M7 P3.0 the monster tables, uncalled: blocked38 vs doom_e1m1_blocked37.fjm
machine : power plan 'Turbo'; busy processes: none
msframe : A=doom_e1m1_blocked37.fjm B=doom_e1m1_blocked38.fjm, 200 game frames, 5 reps, cpu 2, resolution 3%
  rep 0  A         62.4 ms   225.9M fj/s  yard 3.63->3.61G   |  B         62.2 ms   227.6M fj/s  yard 3.64->3.65G
  rep 1  A         61.0 ms   231.0M fj/s  yard 3.61->3.63G   |  B         61.3 ms   230.8M fj/s  yard 3.43->3.64G
  rep 2  A         61.3 ms   229.9M fj/s  yard 3.65->3.64G   |  B         61.7 ms   229.5M fj/s  yard 3.64->3.62G
  rep 3  A         61.4 ms   229.6M fj/s  yard 3.65->3.64G   |  B         62.0 ms   228.5M fj/s  yard 3.64->3.64G
  rep 4  A         61.2 ms   230.1M fj/s  yard 3.65->3.64G   |  B         61.3 ms   231.0M fj/s  yard 3.65->3.63G

  A        median    61.3 ms/frame  [61.0 .. 62.4]    229.9M fj/s   14,091,809 ops/frame   cell=4 flat
  B        median    61.7 ms/frame  [61.3 .. 62.2]    229.5M fj/s   14,162,434 ops/frame   cell=4 flat

  pixels identical across arms and reps : YES
  ops identical across arms             : no   (expected when the arms are different binaries; not when they are one engine A/B)
  per-pair A/B ms ratio                 : 1.002 0.995 0.994 0.990 0.999
  median ratio                          : 0.995  (>1 = B faster)
  VERDICT: NOT SEPARATED   (rule: all 5 pairs agree in sign AND |median ratio - 1| > 3%)
  engine A: 79af8639f57bfa50 full_span=None C:\Users\tomhe\Documents\flipjump-151\flipjump\interpreter\_fjcore.pyd
  engine B: 79af8639f57bfa50 full_span=None C:\Users\tomhe\Documents\flipjump-151\flipjump\interpreter\_fjcore.pyd
  pin: cpu2 proc=ok thread=ok prio=high   yardstick median 3.64G
  ledger  : appended to scratchpad\12m\msframe_ledger.jsonl
rc=0
