$ python scratchpad/12m/profx/phases.py games_blocked30
game frames: 1000   mean frame 12,050,945 ops (marker 1 to marker 1)

phase                                         ops/frame       %    runs/fr      ops/run
input (8 polls, key decode)                         949   0.01%       1.00          949
doors                                             1,650   0.01%       1.00        1,650
move / turn                                       9,475   0.08%       1.00        9,475
collision                                       125,036   1.04%       0.86      144,550
  of which dsccs seed walks                      79,450   0.66%       2.40       33,035
post-move vx/vy                                     304   0.00%       1.00          304
sim.bind_things                                       0   0.00%       0.00            -
  of which ptloc_walk (dirty things)                  0   0.00%       0.00            -
view setup                                        3,707   0.03%       1.00        3,707
eye point location (dsc walk)                    32,497   0.27%       1.00       32,497
render walk, all                             11,783,074  97.78%       1.00   11,783,074
m1_reset                                         94,229   0.78%       1.00       94,229
(glue between phases)                                18   0.00%

one player move try = collision / seed walks: 51,990 ops (33,035 of it the seed walk); 2.40 tries/frame

render walk split by owner object (ops/frame):
      3,628,248  30.79%  seg_pass2_leaf
      2,411,105  20.46%  seg_pass1_leaf
      2,399,284  20.36%  seg_pass1_ts_leaf
        909,677   7.72%  bspcode walk (nodes, pos_leaf, ss code)
        903,885   7.67%  thing_leaf_b
        603,953   5.13%  thing_pass_leaf
        544,585   4.62%  thing_leaf
        251,240   2.13%  vpb bands-as-code (plane bands)
         64,453   0.55%  bbgate_leaf
         63,370   0.54%  segconsts (per-seg/thing const blocks)
          3,268   0.03%  banks tail (vql/vqh, yslope, zlight)
              0   0.00%  banks head (vars, sprbkt tables)
rc=0
