$ python scratchpad/12m/msframe.py --a build/doom_e1m1_blocked51.fjm --b build/doom_e1m1_blocked53.fjm --note M7 P8a + the blocked52 gate fixes (md_fa, bl_los fight, pool window): blocked53 vs doom_e1m1_blocked51.fjm
machine : power plan 'Turbo'; busy processes: none
msframe : A=doom_e1m1_blocked51.fjm B=doom_e1m1_blocked53.fjm, 200 game frames, 5 reps, cpu 2, resolution 3%
  rep 0  A         72.1 ms   219.0M fj/s  yard 3.43->3.65G   |  B         78.0 ms   220.3M fj/s  yard 3.64->3.64G
  rep 1  A         72.2 ms   218.6M fj/s  yard 3.64->3.59G   |  B         78.7 ms   218.2M fj/s  yard 3.55->3.64G
  rep 2  A         71.7 ms   220.0M fj/s  yard 3.62->3.64G   |  B         78.2 ms   219.8M fj/s  yard 3.64->3.64G
  rep 3  A         71.4 ms   221.1M fj/s  yard 3.65->3.65G   |  B         78.6 ms   218.5M fj/s  yard 3.58->3.65G
  rep 4  A         72.0 ms   219.3M fj/s  yard 3.64->3.65G   |  B         79.8 ms   215.3M fj/s  yard 3.65->3.65G

  A        median    72.0 ms/frame  [71.4 .. 72.2]    219.3M fj/s   15,784,170 ops/frame   cell=4 flat
  B        median    78.6 ms/frame  [78.0 .. 79.8]    218.5M fj/s   17,181,722 ops/frame   cell=4 flat

  pixels identical across arms and reps : NO  <- speed below is MEANINGLESS
  ops identical across arms             : no   (expected when the arms are different binaries; not when they are one engine A/B)
  per-pair A/B ms ratio                 : 0.924 0.917 0.918 0.908 0.902
  median ratio                          : 0.917  (>1 = B faster)
  VERDICT: B SLOWER   (rule: all 5 pairs agree in sign AND |median ratio - 1| > 3%)
  engine A: 79af8639f57bfa50 full_span=None C:\Users\tomhe\Documents\flipjump-151\flipjump\interpreter\_fjcore.pyd
  engine B: 79af8639f57bfa50 full_span=None C:\Users\tomhe\Documents\flipjump-151\flipjump\interpreter\_fjcore.pyd
  pin: cpu2 proc=ok thread=ok prio=high   yardstick median 3.64G
  ledger  : appended to scratchpad\12m\msframe_ledger.jsonl
rc=0
