$ python scratchpad/12m/profx/phases.py games_blocked35
game frames: 1000   mean frame 11,678,442 ops (marker 1 to marker 1)

phase                                         ops/frame       %    runs/fr      ops/run
input (8 polls, key decode)                       1,111   0.01%       1.00        1,111
doors                                             1,433   0.01%       1.00        1,433
move / turn                                       9,352   0.08%       1.00        9,352
collision                                       124,258   1.06%       0.86      143,651
  of which dsccs seed walks                      77,251   0.66%       2.40       32,121
post-move vx/vy                                     314   0.00%       1.00          314
sim.bind_things                                       0   0.00%       0.00            -
  of which ptloc_walk (dirty things)                  0   0.00%       0.00            -
view setup                                        3,667   0.03%       1.00        3,667
eye point location (dsc walk)                    31,393   0.27%       1.00       31,393
render walk, all                             11,403,289  97.64%       1.00   11,403,289
m1_reset                                        103,602   0.89%       1.00      103,602
(glue between phases)                                18   0.00%

one player move try = collision / seed walks: 51,666 ops (32,121 of it the seed walk); 2.40 tries/frame

render walk split by owner object (ops/frame):
      3,575,857  31.36%  seg_pass2_leaf
      2,436,342  21.37%  seg_pass1_ts_leaf
      2,334,806  20.47%  seg_pass1_leaf
        888,364   7.79%  bspcode walk (nodes, pos_leaf, ss code)
        810,137   7.10%  thing_leaf_b
        530,445   4.65%  thing_pass_leaf
        459,745   4.03%  thing_leaf
        238,265   2.09%  vpb bands-as-code (plane bands)
         65,160   0.57%  bbgate_leaf
         60,911   0.53%  segconsts (per-seg/thing const blocks)
          3,242   0.03%  banks tail (vql/vqh, yslope, zlight)
              9   0.00%  banks head (vars, sprbkt tables)
rc=0
