$ python scratchpad/gp/b0_scenarios.py --file scratchpad/gp/scenarios/combat_scenarios_v5.json --fjm build/doom_e1m1_blocked48.fjm --labels scratchpad/12m/atlas/blocked48.labels.tsv.gz --pixel-every 1 --proxy --json docs/ship-evidence/blocked48_b0_v5.json
  model replays: 11 runs reproduce the set's poses (189 s, outside the lock)
b0_scenarios: doom_e1m1_blocked48.fjm sha256 69890d31f08b450b | set combat_scenarios_v5.json (11 runs, keys 794fa332d21c447e) | startup+menu 225,881 ops (exact)
  run                   avg (exact)  p50 +-2^18         p80         max  state     pixels    cam  dr sonl
  R0-west-hall           20,712,328  20,447,232  22,020,096  23,592,960  100/100   100/100     0   0   49
  R0-aftermath           18,307,470  18,612,224  19,922,944  26,214,400  100/100   100/100     0   7   13
  R0-south-hall          13,956,714  14,942,208  15,728,640  17,039,360  100/100   100/100     0   0   16
  R0-imp-court           17,285,936  17,039,360  18,350,080  21,757,952  100/100   100/100     0   0   20
  R0-northwest           10,654,564  11,010,048  11,272,192  11,796,480  100/100   100/100     0   0   74
  R0-courtyard           17,489,187  17,825,792  19,136,512  21,495,808  100/100   100/100     0   0   17
  R2-barrel-hall         14,911,962  14,680,064  15,466,496  19,660,800  100/100   100/100     0   0   36
  R2-spectre-corridor    12,683,817  13,107,200  13,631,488  14,680,064  100/100   100/100     0   0   19
  R2-east-yard           14,517,128  14,155,776  18,612,224  20,971,520  100/100   100/100     0   0   13
  R3-west                 8,731,652   8,650,752  11,534,336  17,563,648  100/100   100/100     0   0   33
  R3-mid                 11,191,673  11,010,048  11,534,336  14,680,064  100/100   100/100     0   0   63
  B0 BINDING (mean + p80)/2 over 11 runs: 16,037,431 ops/frame   (mean 14,585,676, p80 run R0-courtyard = 17,489,187)
  per-frame maximum: 26,214,400 ops (+/- 2^18) in R0-aftermath; run averages 8,731,652 .. 20,712,327; headroom to 22M: 5,962,569
  STRAFE UNDERCOUNT (--proxy: each strafe-only frame given a forward step into the same landing):
    R0-west-hall         +9,898,287 ops over 49 strafe-only frames = 202,006 per frame; state 100/100; picture identical: True
    R0-aftermath         +2,425,987 ops over 13 strafe-only frames = 186,614 per frame; state 100/100; picture identical: True
    R0-south-hall        +2,624,920 ops over 16 strafe-only frames = 164,058 per frame; state 100/100; picture identical: True
    R0-imp-court         +2,540,543 ops over 20 strafe-only frames = 127,027 per frame; state 100/100; picture identical: True
    R0-northwest         +10,436,625 ops over 74 strafe-only frames = 141,035 per frame; state 100/100; picture identical: True
    R0-courtyard         +2,991,724 ops over 17 strafe-only frames = 175,984 per frame; state 100/100; picture identical: True
    R2-barrel-hall       +3,635,875 ops over 36 strafe-only frames = 100,997 per frame; state 100/100; picture identical: True
    R2-spectre-corridor  +2,485,601 ops over 19 strafe-only frames = 130,821 per frame; state 100/100; picture identical: True
    R2-east-yard         +3,265,842 ops over 13 strafe-only frames = 251,219 per frame; state 100/100; picture identical: True
    R3-west              +3,906,140 ops over 33 strafe-only frames = 118,368 per frame; state 100/100; picture identical: True
    R3-mid               +8,511,874 ops over 63 strafe-only frames = 135,109 per frame; state 100/100; picture identical: True
    binding with the collision tic on strafe-only frames: 16,076,355 (B0 + 38,924); 149,358 ops per strafe-only frame over 353 frames
B0 OK
rc=0
