# flipjump: the installed editable 1.5.1 at C:/Users/tomhe/Documents/flipjump-151, bc8ee63; doom m7-monsters 2dc1183
$ python scratchpad/12m/build_labeled.py --labels scratchpad/12m/atlas/blocked39.labels.tsv.gz -- game --out build/doom_e1m1_blocked39.fjm --pool-base 0x60000000 --span-bits 0x9fffffe0 --pin-state-cells --merge-aliases --spread 2 --spread-min-count 256 --max-slot-ops 512 --pin-broken --width-buckets --counts-cache scratchpad/12m/_counts_game.json.gz --pin-heat scratchpad/12m/heat_blocked27_p14.json.gz
label spy armed -> scratchpad/12m/atlas/blocked39.labels.tsv.gz
build: build_blocked.py game --out build/doom_e1m1_blocked39.fjm --pool-base 0x60000000 --span-bits 0x9fffffe0 --pin-state-cells --merge-aliases --spread 2 --spread-min-count 256 --max-slot-ops 512 --pin-broken --width-buckets --counts-cache scratchpad/12m/_counts_game.json.gz --pin-heat scratchpad/12m/heat_blocked27_p14.json.gz
blocking: pool base 0x60000000, span 0x9fffffe0
pin-heat: scratchpad/12m/heat_blocked27_p14.json.gz (sha256 334abffbf591baa8...): 20 hot groups, 35,894 hot sites
macros allowed: hex.double_exact_xor, hex.exact_xor, hex.quadrupled_exact_xor, hex.shifts.shl_bit_once, hex.shifts.shr_bit_once, hex.sparse_double_exact_xor, hex.sparse_exact_xor, hex.triple_exact_xor, sim.jump16
pid bake: 254 pairs baked, 255 addressable at PID_NIBBLES=2
  counts cache is for a DIFFERENT program -- recounting
labels -> scratchpad/12m/atlas/blocked39.labels.tsv.gz  (1,954,978 labels)
  alias: 3,822 groups merged into 24,336 (was 28,158)
  counts cached to scratchpad/12m/_counts_game.json.gz
  width waste: 9,465,648 ops allocated = 6,764,541 real + 461,635 width-pad + 2,239,472 count-pad
  MIXED groups (widest > 2x most-common): 316 groups, 2,590 tables; splitting them by width would free up to 124,320 ops of pool
             4,896 ops  ((gps_ptr + 64) + 32)                        n=102     common=16    widest=48
             2,352 ops  ((f13:l11346:sim.thing_pass(7)---f10:l661:si n=49      common=16    widest=48
             2,016 ops  ((tsf_sfslot_p + 64) + 32)                   n=42      common=16    widest=48
             2,016 ops  ((trb_tbl_p + 64) + 32)                      n=42      common=16    widest=48
             1,824 ops  ((trb_tbl_p + 256) + 32)                     n=38      common=16    widest=48
  counting pass: 28,158 groups, 370,191 tables, 2770s
  PREFLIGHT: demand 40,800,128 words, capacity 83,886,079 words (48.6% used); 24,336 of 24,336 groups placed
  pin-heat: {'hot_groups': 17, 'hot_groups_missing': 3, 'hot_groups_ambiguous': 0, 'hot_sites_listed': 35852, 'hot_sites_matched': 0, 'hot_sites_width_changed': 0}
  pin-exclude: 7,992 words -- the BYTE cells (m1.zerobyte jumps through them) and the pointer-read cells (a raw read takes base + value); the other nibble state cells ARE pinned
  pin-heat: 17 of 17 hot words pinned
labels -> scratchpad/12m/atlas/blocked39.labels.tsv.gz  (1,954,978 labels)
  reset: stripping the block base from 22,160 pinned words before the LUT test
  pin-heat: {'hot_groups': 17, 'hot_groups_missing': 3, 'hot_groups_ambiguous': 0, 'hot_sites_listed': 35852, 'hot_sites_matched': 0, 'hot_sites_width_changed': 0}
  pin-heat: 17 of 17 hot words pinned
labels -> scratchpad/12m/atlas/blocked39.labels.tsv.gz  (1,962,931 labels)
{
  "map": "E1M1",
  "downscale": 2,
  "storage_mode": "flat",
  "span_words": 91885440,
  "flat_limit": 134217728,
  "headroom": 1.461,
  "fjm_bytes": 28384983,
  "assemble_seconds": 9188.546,
  "tier": "lines/W1R/FT1+plane_near",
  "features": {
    "wall_noise": true,
    "sky": true,
    "steps": true,
    "things": true,
    "stack_steps": true,
    "bbox_cull": true,
    "deg": true,
    "player_sim": true,
    "collide": true,
    "moving_things": true,
    "state_wire": "bin",
    "self_reset": true,
    "standalone": true,
    "doors": true,
    "menu": true
  },
  "self_reset": {
    "nibble_cells": 2536,
    "byte_cells": 320,
    "persisted_labels": [
      "viewx",
      "viewy",
      "viewangle",
      "kb_f",
      "kb_b",
      "kb_l",
      "kb_r",
      "kb_u",
      "mode",
      "menu_scr",
      "menu_sel",
      "lvdone",
      "pusedn",
      "dstate",
      "ddir",
      "dsub",
      "dwait",
      "dreq",
      "pcard",
      "wfired",
      "lstate",
      "ldir",
      "lsub",
      "lwait",
      "lreq",
      "fswitch",
      "sshead",
      "thss_rt",
      "thpos_rt",
      "mon_state",
      "mon_tics",
      "mon_facing",
      "mon_active"
    ],
    "restore_set": "C:\\Users\\tomhe\\Documents\\doom-m7j\\src\\doomfj\\data\\m5_restore_set.json.gz",
    "labels_moved_in_set": 0,
    "values_changed_in_set": 0,
    "baked_cells_value_checked": 12238,
    "view_w": 160,
    "subsectors": 682
  }
}

assemblies: 2; blocked per assembly: 370,191, 371,471
  block bases agree across all 2 assemblies (24,336 shared groups)
pin conflicts (aliased source-word expressions, un-pinned): 0
runtime-reserved words skipped (stl.IO etc): 0
declines by reason: no-block 2,536, too-wide 0, overflow 0
broken groups: 0 of 24,336 (these lose their pin for ALL their tables); evicted 0
pin-heat after the last assembly: {'hot_groups': 17, 'hot_groups_missing': 3, 'hot_groups_ambiguous': 0, 'hot_sites_listed': 35852, 'hot_sites_matched': 10800, 'hot_sites_width_changed': 0}
blocked: 371,471 tables in 24,336 groups; declined 2,536; ungrouped 0
total 10083s
done in 10084s; labels at scratchpad/12m/atlas/blocked39.labels.tsv.gz
rc=0
94867f002e621e004bd8766ed14167f7bebfd2334a384ea5459636aec64d6017 *build/doom_e1m1_blocked39.fjm
