$ python scratchpad/gp/p2a_gate.py --fjm build/doom_e1m1_blocked35.fjm --labels scratchpad/12m/atlas/blocked35.labels.tsv.gz
P2A GATE -- 8 scenarios, build/doom_e1m1_blocked35.fjm

S1 blue door 71, no card: stays shut -- 15 frames from (832, 1440) angle 40000000
  the oracle does what the scenario claims: yes
  CONTROL card     the oracle without the rule parts at frame 0
  binary: 15 frames, 40,443,918 ops -- STATE exact on every frame, PIXELS byte-exact on every frame

S2 onto the card: taken, gone from the picture -- 6 frames from (2240, 576) angle 80000000
  the oracle does what the scenario claims: yes
  CONTROL no_card  the oracle without the rule parts at frame 0
  binary: 6 frames, 75,182,379 ops -- STATE exact on every frame, PIXELS byte-exact on every frame

S3 blue door 71 with the card: opens -- 14 frames from (832, 1440) angle 40000000, pcard poked 1
  the oracle does what the scenario claims: yes
  CONTROL no_card  the oracle without the rule parts at frame 0
  binary: 14 frames, 159,965,217 ops -- STATE exact on every frame, PIXELS byte-exact on every frame

S4 from sector 124 in the card's box: out of reach -- 3 frames from (2160, 624) angle d7f516f2
  the oracle does what the scenario claims: yes
  CONTROL reach    the oracle without the rule parts at frame 0
  binary: 3 frames, 25,140,868 ops -- STATE exact on every frame, PIXELS byte-exact on every frame

S5 blazing door 84: opens and closes in strides -- 49 frames from (1296, -952) angle c0000000
  the oracle does what the scenario claims: yes
  CONTROL stride   the oracle without the rule parts at frame 0
  binary: 49 frames, 242,772,876 ops -- STATE exact on every frame, PIXELS byte-exact on every frame

S6 over tag 5's trigger: door 77 opens, stays; back over: nothing -- 62 frames from (352, 1432) angle 40000000
  the oracle does what the scenario claims: yes
  CONTROL stay     the oracle without the rule parts at frame 6
  CONTROL w1       the oracle without the rule parts at frame 56
  binary: 62 frames, 352,895,333 ops -- STATE exact on every frame, PIXELS byte-exact on every frame

S7 over tag 6's trigger: door 145 opens, stays; back over: nothing -- 65 frames from (1992, -416) angle 00000000
  the oracle does what the scenario claims: yes
  CONTROL stay     the oracle without the rule parts at frame 9
  CONTROL w1       the oracle without the rule parts at frame 59
  binary: 65 frames, 664,920,269 ops -- STATE exact on every frame, PIXELS byte-exact on every frame

S8 the exit: a press ends the level; LEVEL COMPLETE; the frozen world; NEW GAME -- 13 frames from (-432, 1296) angle 00000000
  the oracle does what the scenario claims: yes
  CONTROL edge     the oracle without the rule parts at frame 0
  CONTROL frozen   the oracle without the rule parts at frame 6
  CONTROL restart  the oracle without the rule parts at frame 10
  binary: 13 frames, 147,583,485 ops -- STATE exact on every frame, PIXELS byte-exact on every frame

P2A GATE PASS (22 s)
rc=0
