$ python scratchpad/gp/fight_gate.py --fjm build/doom_e1m1_blocked53.fjm --labels scratchpad/12m/atlas/blocked53.labels.tsv.gz
FIGHT GATE -- 39 scenarios (MONSTER_MODE final, PLAYER_MODE final), build/doom_e1m1_blocked53.fjm

F1 pickups at hard: bonuses over 100, clips, the gold palette -- 42 frames
  from (-160, 112) angle 40000000: the oracle does what the scenario claims: yes
  counters: pickups 4, pickup_items 4, bonus_frames 24, knock_moves 42
  frame 0 pokes: []
  CONTROL bonus_cap        the oracle without the rule parts at frame 0 (cells)
  CONTROL bonus_round      the oracle without the rule parts at frame 0 (palette)
  binary: 42 frames, 157,652,061 ops -- STATE exact on every frame, PIXELS byte-exact on every frame, PALETTE exact on every frame

F1r an item out of reach: the card from sector 124 -- 3 frames
  from (2160, 624) angle d7f516f2: the oracle does what the scenario claims: yes
  counters: knock_moves 3
  frame 0 pokes: []
  CONTROL reach            the oracle without the rule parts at frame 0 (cells)
  binary: 3 frames, 24,643,851 ops -- STATE exact on every frame, PIXELS byte-exact on every frame, PALETTE exact on every frame

F2 refused pickups: a medikit at 100 health, a clip at max ammo -- 8 frames
  from (-32, 2208) angle 80000000: the oracle does what the scenario claims: yes
  counters: knock_moves 8
  frame 0 pokes: []
  CONTROL give_always      the oracle without the rule parts at frame 1 (cells)
  binary: 8 frames, 21,266,492 ops -- STATE exact on every frame, PIXELS byte-exact on every frame, PALETTE exact on every frame

F3 the chainsaw: owned, pending, raised; key 1 keeps it -- 55 frames
  from (3152, 2160) angle 80000000: the oracle does what the scenario claims: yes
  counters: pickups 1, pickup_items 1, bonus_frames 6, knock_moves 55
  frame 0 pokes: []
  CONTROL no_pending       the oracle without the rule parts at frame 0 (cells)
  binary: 55 frames, 883,481,287 ops -- STATE exact on every frame, PIXELS byte-exact on every frame, PALETTE exact on every frame

F4 drops: shot, drawn on the floor, taken -- 60 frames
  from (420, 1460) angle a0000000: the oracle does what the scenario claims: yes
  counters: mon_hits 2, mon_misses 2, fx_spawns 1, player_hurt 2, shots_hit 1, pickups 1, pickup_drops 1, drop_frames 33, knock_frames 17, mon_knock_frames 16, frac_frames 44, knock_moves 93, corpse_slides 9, mon_attacks 2, mkills 1, drop_px 188, drop_z_px 2419
  frame 0 pokes: ['mon_health']
  CONTROL no_drop          the oracle without the rule parts at frame 16 (cells)
  CONTROL drop_full_clip   the oracle without the rule parts at frame 49 (cells)
  binary: 60 frames, 418,133,606 ops -- STATE exact on every frame, PIXELS byte-exact on every frame, PALETTE exact on every frame

F4s the sergeant's shotgun (hard: the only one) owned from its drop -- 60 frames
  from (464, 1552) angle 80000000: the oracle does what the scenario claims: yes
  counters: mon_melee 1, fx_spawns 1, player_hurt 1, shots_hit 1, pickups 1, pickup_drops 1, bonus_frames 6, drop_frames 30, player_blocked 16, knock_frames 3, mon_knock_frames 17, frac_frames 44, knock_moves 96, corpse_slides 11, mon_attacks 1, mkills 1, drop_z_px 38102
  frame 0 pokes: ['mon_health']
  CONTROL no_drop          the oracle without the rule parts at frame 16 (cells)
  CONTROL drop_z           the oracle without the rule parts at frame 16 (picture)
  binary: 60 frames, 677,357,535 ops -- STATE exact on every frame, PIXELS byte-exact on every frame, PALETTE exact on every frame

F5 berserk at medium: PSTR, the red tint, a punch gibs a zombieman -- 62 frames
  from (648, 480) angle 80000000, late setups at frames [4, 44]: the oracle does what the scenario claims: yes
  counters: fx_spawns 1, shots_hit 1, pickups 1, pickup_items 1, berserk_frames 58, gibs 1, drop_frames 13, mon_knock_frames 1, frac_frames 13, knock_moves 63, knock_walls 1, corpse_slides 1, mon_knock_refused 1, mkills 1
  frame 0 pokes: []
  frame 4 pokes: ['rng_pl', 'viewangle', 'viewx', 'viewy']
  frame 44 pokes: ['viewx', 'viewy']
  CONTROL berserk_x10      the oracle without the rule parts at frame 49 (cells)
  CONTROL strength_pal     the oracle without the rule parts at frame 4 (palette)
  CONTROL gib              the oracle without the rule parts at frame 49 (cells)
  binary: 62 frames, 360,125,538 ops -- STATE exact on every frame, PIXELS byte-exact on every frame, PALETTE exact on every frame

F6 a barrel shot beside a sergeant: a puff, BEXP, a blast gib, the player hurt -- 46 frames
  from (2320, -160) angle 80000000: the oracle does what the scenario claims: yes
  counters: mon_melee 2, proj_spawns 3, fx_spawns 1, player_hurt 4, max_in_flight 2, explosion_frames 9, shots_hit 8, gibs 1, drop_frames 23, bexp_frames 30, barrel_blasts 3, puffs 1, blast_kills 2, barrel_hurt 2, player_blocked 4, barrel_hits 4, knock_frames 4, mon_knock_frames 23, frac_frames 23, knock_moves 124, infight 1, corpse_slides 19, knock_refused 4, mon_knock_refused 3, mon_attacks 5, mkills 3
  frame 0 pokes: ['bar_hp', 'p_ar', 'p_at']
  CONTROL blast_cheb       the oracle without the rule parts at frame 23 (cells)
  binary: 46 frames, 688,294,860 ops -- STATE exact on every frame, PIXELS byte-exact on every frame, PALETTE exact on every frame

F6d a barrel's non-lethal hit: its pain roll draws rng_world -- 22 frames
  from (2320, -160) angle 80000000: the oracle does what the scenario claims: yes
  counters: mon_melee 1, fx_spawns 1, player_hurt 1, shots_hit 1, puffs 1, player_blocked 1, barrel_hits 1, knock_frames 1, knock_moves 22, knock_refused 1, mon_attacks 1
  frame 0 pokes: ['p_ar', 'p_at']
  CONTROL barrel_pain_draw the oracle without the rule parts at frame 16 (cells)
  binary: 22 frames, 322,500,509 ops -- STATE exact on every frame, PIXELS byte-exact on every frame, PALETTE exact on every frame

F6p a barrel punched: the fist's puff -- 51 frames
  from (1020, 636) angle a0000000: the oracle does what the scenario claims: yes
  counters: fx_spawns 2, shots_hit 2, bexp_frames 6, puffs 2, barrel_hits 2, knock_moves 51
  frame 0 pokes: ['p_ar', 'p_at']
  CONTROL puff_melee       the oracle without the rule parts at frame 37 (cells)
  binary: 51 frames, 333,050,277 ops -- STATE exact on every frame, PIXELS byte-exact on every frame, PALETTE exact on every frame

F7 THE CHAIN: the column of barrels set off by one shot -- 46 frames
  from (2399, -47) angle e0000000: the oracle does what the scenario claims: yes
  counters: fx_spawns 1, player_hurt 1, shots_hit 26, bexp_frames 30, barrel_blasts 10, puffs 1, blast_kills 2, barrel_hurt 1, barrel_hits 19, knock_frames 1, mon_knock_frames 22, frac_frames 23, knock_moves 109, knock_walls 2, corpse_slides 2, knock_refused 1, mon_knock_refused 2, mkills 2
  frame 0 pokes: ['bar_hp', 'p_ar', 'p_at']
  CONTROL chain_same_tic   the oracle without the rule parts at frame 23 (cells)
  binary: 46 frames, 495,933,419 ops -- STATE exact on every frame, PIXELS byte-exact on every frame, PALETTE exact on every frame

F8a blocking: a barrel -- 10 frames
  from (816, -640) angle 80000000: the oracle does what the scenario claims: yes
  counters: player_blocked 16, knock_moves 10
  frame 0 pokes: []
  CONTROL walk_through     the oracle without the rule parts at frame 2 (cells)
  binary: 10 frames, 98,384,147 ops -- STATE exact on every frame, PIXELS byte-exact on every frame, PALETTE exact on every frame

F8b blocking: a solid decor -- 10 frames
  from (736, 608) angle 80000000: the oracle does what the scenario claims: yes
  counters: player_blocked 16, knock_moves 10
  frame 0 pokes: []
  CONTROL walk_through     the oracle without the rule parts at frame 2 (cells)
  binary: 10 frames, 39,877,649 ops -- STATE exact on every frame, PIXELS byte-exact on every frame, PALETTE exact on every frame

F8c blocking: a live monster -- 6 frames
  from (2648, 2112) angle 80000000: the oracle does what the scenario claims: yes
  counters: player_blocked 10, knock_moves 6
  frame 0 pokes: ['p_ar', 'p_at']
  CONTROL walk_through     the oracle without the rule parts at frame 1 (cells)
  binary: 6 frames, 103,933,617 ops -- STATE exact on every frame, PIXELS byte-exact on every frame, PALETTE exact on every frame

F8d a corpse lets the player through -- 10 frames
  from (416, 1392) angle 80000000: the oracle does what the scenario claims: yes
  counters: knock_moves 10
  frame 0 pokes: ['mon_health', 'mon_shootable', 'mon_solid', 'mon_state', 'mon_tics']
  CONTROL corpse_blocks    the oracle without the rule parts at frame 1 (cells)
  binary: 10 frames, 75,207,652 ops -- STATE exact on every frame, PIXELS byte-exact on every frame, PALETTE exact on every frame

F9 nukage: 70 frames in sector 23 -- 70 frames
  from (2024, 1310) angle 40000000: the oracle does what the scenario claims: yes
  counters: player_hurt 3, nukage 3, knock_moves 70
  frame 0 pokes: []
  CONTROL nuk_period       the oracle without the rule parts at frame 16 (cells)
  binary: 70 frames, 811,352,792 ops -- STATE exact on every frame, PIXELS byte-exact on every frame, PALETTE exact on every frame

F9l nukage's rim: the box over a higher floor -- 40 frames
  from (1992, 1326) angle 40000000: the oracle does what the scenario claims: yes
  counters: knock_moves 40
  frame 0 pokes: []
  CONTROL nuk_floor        the oracle without the rule parts at frame 0 (cells)
  binary: 40 frames, 462,189,420 ops -- STATE exact on every frame, PIXELS byte-exact on every frame, PALETTE exact on every frame

F10 the blue card: pcard 1, the bonus 12, the gold palette -- 10 frames
  from (2240, 576) angle 80000000: the oracle does what the scenario claims: yes
  counters: pickups 1, pickup_items 1, bonus_frames 10, knock_moves 10
  frame 0 pokes: []
  CONTROL card_bonus       the oracle without the rule parts at frame 0 (cells)
  binary: 10 frames, 133,663,239 ops -- STATE exact on every frame, PIXELS byte-exact on every frame, PALETTE exact on every frame

S2 stress: the chain in view -- 106 frames
  from (2399, -47) angle e0000000: the oracle does what the scenario claims: yes
  counters: mon_hits 6, fx_spawns 1, player_hurt 7, shots_hit 26, bexp_frames 43, barrel_blasts 13, puffs 1, blast_kills 2, barrel_hurt 1, barrel_hits 19, knock_frames 3, mon_knock_frames 22, frac_frames 83, knock_moves 169, knock_walls 4, corpse_slides 2, knock_refused 3, mon_knock_refused 2, mon_attacks 2, mkills 2
  frame 0 pokes: ['bar_hp', 'p_ar', 'p_at']
  binary: 106 frames, 1,049,497,070 ops -- STATE exact on every frame, PIXELS byte-exact on every frame, PALETTE exact on every frame

K1 knockback: a zombieman's hits push the player away, the push decays and stops -- 64 frames
  from (352, 1264) angle 40000000: the oracle does what the scenario claims: yes
  counters: mon_hits 7, mon_misses 1, fx_spawns 4, player_hurt 3, drop_frames 17, knock_frames 59, mon_knock_frames 32, frac_frames 36, knock_moves 126, infight 1, corpse_slides 10, mon_attacks 4, mkills 1
  frame 0 pokes: ['mon_reaction', 'mon_state', 'mon_target', 'p_ar', 'p_at']
  CONTROL no_thrust        the oracle without the rule parts at frame 0 (cells)
  CONTROL thrust_sign      the oracle without the rule parts at frame 0 (cells)
  CONTROL no_friction      the oracle without the rule parts at frame 1 (cells)
  CONTROL stopspeed        the oracle without the rule parts at frame 43 (cells)
  binary: 64 frames, 565,394,613 ops -- STATE exact on every frame, PIXELS byte-exact on every frame, PALETTE exact on every frame

K2 knockback into a wall: the knock momentum is zeroed -- 40 frames
  from (496, 1392) angle 80000000: the oracle does what the scenario claims: yes
  counters: mon_hits 1, mon_misses 1, player_hurt 1, knock_frames 1, knock_moves 40, knock_walls 1, knock_refused 1, mon_attacks 2
  frame 0 pokes: ['mon_reaction', 'mon_state', 'mon_target', 'p_ar', 'p_at']
  CONTROL wall_keeps       the oracle without the rule parts at frame 14 (cells)
  binary: 40 frames, 439,410,264 ops -- STATE exact on every frame, PIXELS byte-exact on every frame, PALETTE exact on every frame

K3 a barrel blast throws the player and the monsters from the barrel -- 46 frames
  from (2312, -160) angle 80000000: the oracle does what the scenario claims: yes
  counters: mon_melee 2, proj_spawns 1, fx_spawns 1, player_hurt 5, max_in_flight 1, shots_hit 8, drop_frames 23, bexp_frames 30, barrel_blasts 3, puffs 1, blast_kills 2, barrel_hurt 3, player_blocked 5, barrel_hits 4, knock_frames 5, mon_knock_frames 23, frac_frames 23, knock_moves 96, corpse_slides 17, knock_refused 5, mon_knock_refused 3, mon_attacks 3, mkills 2
  frame 0 pokes: ['bar_hp', 'p_ar', 'p_at']
  CONTROL blast_inflictor  the oracle without the rule parts at frame 23 (cells)
  binary: 46 frames, 685,226,552 ops -- STATE exact on every frame, PIXELS byte-exact on every frame, PALETTE exact on every frame

K4s the shotgun on a sergeant: its fraction cells, a re-test refused, a relink -- 77 frames
  from (809, 1785) angle a0000000: the oracle does what the scenario claims: yes
  counters: mon_hits 4, mon_misses 5, fx_spawns 3, fx_skipped 5, player_hurt 3, shots_hit 7, knock_frames 35, mon_knock_frames 16, frac_frames 35, knock_moves 109, knock_walls 1, infight 1, mon_knock_refused 1, mon_attacks 3
  frame 0 pokes: ['am_shell', 'mon_health', 'p_ar', 'p_at', 'wp_own']
  CONTROL frac_drop        the oracle without the rule parts at frame 42 (cells)
  CONTROL no_retest        the oracle without the rule parts at frame 44 (cells)
  binary: 77 frames, 679,959,871 ops -- STATE exact on every frame, PIXELS byte-exact on every frame, PALETTE exact on every frame

K4d the shotgun on a demon: mass 400 -- 77 frames
  from (2633, 2169) angle a0000000: the oracle does what the scenario claims: yes
  counters: mon_misses 3, mon_melee 3, fx_spawns 2, fx_skipped 5, player_hurt 3, shots_hit 7, knock_frames 46, mon_knock_frames 10, frac_frames 35, knock_moves 102, knock_walls 1, knock_refused 1, mon_knock_refused 1, mon_attacks 6
  frame 0 pokes: ['am_shell', 'mon_health', 'p_ar', 'p_at', 'wp_own']
  CONTROL mass             the oracle without the rule parts at frame 42 (cells)
  binary: 77 frames, 1,761,749,881 ops -- STATE exact on every frame, PIXELS byte-exact on every frame, PALETTE exact on every frame

K5 a shotgun kill: the corpse slides, its drop lies (and is drawn) where it died -- 87 frames
  from (403, 1443) angle a0000000: the oracle does what the scenario claims: yes
  counters: mon_hits 8, mon_misses 4, fx_spawns 4, fx_skipped 5, player_hurt 6, shots_hit 7, pickups 1, pickup_drops 1, bonus_frames 6, drop_frames 37, knock_frames 58, mon_knock_frames 34, frac_frames 63, knock_moves 181, infight 2, corpse_slides 10, mon_attacks 6, mkills 1, drop_px 685, drop_z_px 6133
  frame 0 pokes: ['am_shell', 'mon_health', 'p_ar', 'p_at', 'wp_own']
  CONTROL drop_follows     the oracle without the rule parts at frame 42 (cells)
  binary: 87 frames, 651,257,727 ops -- STATE exact on every frame, PIXELS byte-exact on every frame, PALETTE exact on every frame

K6 the chainsaw on an imp: no thrust -- 47 frames
  from (888, 1056) angle 80000000: the oracle does what the scenario claims: yes
  counters: mon_melee 2, proj_spawns 2, proj_impacts 1, fx_spawns 3, fx_skipped 2, player_hurt 3, max_in_flight 2, explosion_frames 8, shots_hit 5, knock_frames 35, knock_moves 47, mon_attacks 4
  frame 0 pokes: ['mon_health', 'p_ar', 'p_at', 'wp_own']
  CONTROL saw_thrust       the oracle without the rule parts at frame 38 (cells)
  binary: 47 frames, 489,172,107 ops -- STATE exact on every frame, PIXELS byte-exact on every frame, PALETTE exact on every frame

K7 the falling-forward reversal: a kill from more than 64 below, the coin on the target's stream -- 46 frames
  from (2101, 875) angle e0000000: the oracle does what the scenario claims: yes
  counters: fx_spawns 1, shots_hit 1, mon_knock_frames 16, frac_frames 30, knock_moves 79, corpse_slides 9, mkills 1
  frame 0 pokes: ['mon_health', 'mon_rng']
  CONTROL no_reverse       the oracle without the rule parts at frame 16 (cells)
  CONTROL reverse_rng      the oracle without the rule parts at frame 16 (cells)
  binary: 46 frames, 519,428,912 ops -- STATE exact on every frame, PIXELS byte-exact on every frame, PALETTE exact on every frame

I1 a sergeant fires through an imp in its line: the imp hit, blood, the imp turns on it -- 40 frames
  from (940, -943) angle 4a01e802: the oracle does what the scenario claims: yes
  counters: mon_hits 1, mon_misses 6, mon_melee 1, proj_spawns 1, fx_spawns 1, player_hurt 1, max_in_flight 1, explosion_frames 2, knock_frames 1, mon_knock_frames 15, frac_frames 25, knock_moves 72, knock_walls 2, infight 2, knock_refused 1, mon_knock_refused 1, mon_attacks 5
  frame 0 pokes: ['mon_health', 'mon_reaction', 'mon_state', 'mon_target', 'mon_tics', 'p_ar', 'p_at']
  CONTROL pass_through     the oracle without the rule parts at frame 15 (cells)
  CONTROL no_switch        the oracle without the rule parts at frame 15 (cells)
  CONTROL fx_none          the oracle without the rule parts at frame 15 (cells)
  binary: 40 frames, 567,933,594 ops -- STATE exact on every frame, PIXELS byte-exact on every frame, PALETTE exact on every frame

I2z an imp's fireball into a zombieman: damaged and switched; the shooter passed -- 40 frames
  from (994, 1022) angle 60000000: the oracle does what the scenario claims: yes
  counters: mon_hits 2, mon_misses 1, proj_spawns 4, proj_impacts 1, fx_spawns 2, player_hurt 1, max_in_flight 2, explosion_frames 16, knock_frames 17, mon_knock_frames 24, frac_frames 28, knock_moves 87, infight 2, mon_attacks 5
  frame 0 pokes: ['mon_health', 'mon_reaction', 'mon_state', 'mon_target', 'mon_tics', 'p_ar', 'p_at']
  CONTROL hits_shooter     the oracle without the rule parts at frame 4 (cells)
  binary: 40 frames, 607,471,069 ops -- STATE exact on every frame, PIXELS byte-exact on every frame, PALETTE exact on every frame

I2i an imp's fireball into another imp: it explodes, no damage (the species rule) -- 40 frames
  from (893, 1213) angle a0000000: the oracle does what the scenario claims: yes
  counters: proj_spawns 1, max_in_flight 1, explosion_frames 8, knock_moves 40, mon_attacks 1
  frame 0 pokes: ['mon_reaction', 'mon_state', 'mon_target', 'mon_tics', 'p_ar', 'p_at']
  CONTROL species          the oracle without the rule parts at frame 9 (cells)
  binary: 40 frames, 517,407,826 ops -- STATE exact on every frame, PIXELS byte-exact on every frame, PALETTE exact on every frame

I3 a monster's stray shot kills a barrel: the blast's source is that monster -- 40 frames
  from (672, -693) angle 17e766c7: the oracle does what the scenario claims: yes
  counters: mon_hits 2, mon_misses 10, fx_spawns 2, player_hurt 1, shots_hit 1, drop_frames 2, bexp_frames 9, barrel_blasts 1, puffs 2, blast_kills 1, knock_frames 2, mon_knock_frames 2, frac_frames 2, knock_moves 43, corpse_slides 1, mon_attacks 4, mkills 1
  frame 0 pokes: ['bar_hp', 'mon_reaction', 'mon_state', 'mon_target', 'mon_tics', 'p_ar', 'p_at']
  CONTROL bar_src_player   the oracle without the rule parts at frame 38 (cells)
  binary: 40 frames, 615,868,624 ops -- STATE exact on every frame, PIXELS byte-exact on every frame, PALETTE exact on every frame

I4 the target dies: the monster looks for the player or returns to its spawn state -- 46 frames
  from (448, 1392) angle 80000000: the oracle does what the scenario claims: yes
  counters: mon_hits 5, mon_misses 1, fx_spawns 2, player_hurt 3, drop_frames 41, knock_frames 2, mon_knock_frames 10, frac_frames 41, knock_moves 66, corpse_slides 3, mon_attacks 2, mkills 1
  frame 0 pokes: ['mon_health', 'mon_reaction', 'mon_state', 'mon_target', 'mon_tics', 'p_ar', 'p_at']
  CONTROL target_stale     the oracle without the rule parts at frame 15 (cells)
  binary: 46 frames, 532,548,450 ops -- STATE exact on every frame, PIXELS byte-exact on every frame, PALETTE exact on every frame

I5 a monster target behind a wall at range: no attack (the far LOS) -- 40 frames
  from (-416, 256) angle 00000000: the oracle does what the scenario claims: yes
  counters: knock_moves 40
  frame 0 pokes: ['mon_reaction', 'mon_state', 'mon_target', 'mon_tics', 'p_ar', 'p_at']
  CONTROL los_ignored      the oracle without the rule parts at frame 0 (cells)
  binary: 40 frames, 800,365,792 ops -- STATE exact on every frame, PIXELS byte-exact on every frame, PALETTE exact on every frame

I6 the threshold: a monster switched to one refuses another inside 100 tics -- 40 frames
  from (-416, 256) angle 00000000: the oracle does what the scenario claims: yes
  counters: mon_hits 3, mon_misses 6, proj_spawns 1, fx_spawns 3, max_in_flight 1, mon_knock_frames 39, frac_frames 40, knock_moves 116, mon_attacks 4
  frame 0 pokes: ['mon_health', 'mon_reaction', 'mon_state', 'mon_target', 'mon_threshold', 'mon_tics']
  CONTROL threshold_ignored the oracle without the rule parts at frame 0 (cells)
  binary: 40 frames, 804,133,782 ops -- STATE exact on every frame, PIXELS byte-exact on every frame, PALETTE exact on every frame

C1 D3 a: a drop in its corpse's leaf drawn in front of the corpse -- 56 frames
  from (656, 336) angle 00000000: the oracle does what the scenario claims: yes
  counters: mon_misses 1, proj_spawns 2, proj_impacts 2, fx_spawns 1, player_hurt 2, max_in_flight 1, explosion_frames 14, shots_hit 1, drop_frames 40, knock_frames 26, mon_knock_frames 2, frac_frames 40, knock_moves 62, knock_walls 1, corpse_slides 2, mon_knock_refused 1, mon_attacks 3, mkills 1, drop_px 18, drop_z_px 544
  frame 0 pokes: ['mon_health']
  CONTROL rank_off         the oracle without the rule parts at frame 24 (picture)
  CONTROL rank_swap        the oracle without the rule parts at frame 24 (picture)
  binary: 56 frames, 1,044,562,112 ops -- STATE exact on every frame, PIXELS byte-exact on every frame, PALETTE exact on every frame

C2 D3 a: blood on a monster drawn before it -- 77 frames
  from (409, 1449) angle a0000000: the oracle does what the scenario claims: yes
  counters: mon_hits 4, mon_misses 2, fx_spawns 4, fx_skipped 6, player_hurt 1, shots_hit 7, knock_frames 28, mon_knock_frames 45, frac_frames 53, knock_moves 193, infight 2, mon_attacks 4
  frame 0 pokes: ['am_shell', 'mon_health', 'p_ar', 'p_at', 'wp_own']
  CONTROL rank_off         the oracle without the rule parts at frame 38 (picture)
  CONTROL rank_swap        the oracle without the rule parts at frame 24 (picture)
  binary: 77 frames, 540,489,975 ops -- STATE exact on every frame, PIXELS byte-exact on every frame, PALETTE exact on every frame

C3 D3 b: a far barrel past three scenery things is drawn -- 3 frames
  from (992, 928) angle c0000000: the oracle does what the scenario claims: yes
  counters: knock_moves 3
  frame 0 pokes: []
  CONTROL barrel_soft      the oracle without the rule parts at frame 0 (picture)
  binary: 3 frames, 32,442,540 ops -- STATE exact on every frame, PIXELS byte-exact on every frame, PALETTE exact on every frame

S3 stress: a brawl -- the imps firing into the zombiemen, infighting saturated -- 60 frames
  from (1424, 732) angle 40000000: the oracle does what the scenario claims: yes
  counters: mon_hits 29, mon_misses 40, mon_melee 3, proj_spawns 13, proj_walls 3, fizzles 8, fx_spawns 9, fx_skipped 20, max_in_flight 8, explosion_frames 44, drop_frames 32, mon_knock_frames 59, frac_frames 59, knock_moves 626, knock_walls 3, infight 5, corpse_slides 33, mon_knock_refused 4, mon_attacks 51, mkills 4
  frame 0 pokes: ['mon_reaction', 'mon_state', 'mon_target', 'mon_tics', 'p_ar', 'p_at']
  binary: 60 frames, 938,936,892 ops -- STATE exact on every frame, PIXELS byte-exact on every frame, PALETTE exact on every frame

S4 stress: a push storm -- a barrel chain inside a crowd, every knock move at once -- 76 frames
  from (2376, -376) angle 20000000: the oracle does what the scenario claims: yes
  counters: mon_hits 9, fx_spawns 1, player_hurt 13, shots_hit 25, bexp_frames 41, barrel_blasts 13, puffs 1, blast_kills 2, barrel_hurt 4, barrel_hits 18, knock_frames 53, mon_knock_frames 20, frac_frames 53, knock_moves 149, knock_walls 2, corpse_slides 2, mon_knock_refused 3, mon_attacks 3, mkills 2
  frame 0 pokes: ['bar_hp', 'p_ar', 'p_at']
  binary: 76 frames, 963,715,857 ops -- STATE exact on every frame, PIXELS byte-exact on every frame, PALETTE exact on every frame

TOTALS: mon_hits 83, mon_misses 83, mon_melee 15, proj_spawns 28, proj_impacts 4, proj_walls 3, fizzles 8, fx_spawns 52, fx_skipped 43, player_hurt 65, armor_out 0, deaths 0, dead_frames 0, max_in_flight 19, explosion_frames 101, shots_hit 135, pickups 10, pickup_items 7, pickup_drops 3, bonus_frames 52, berserk_frames 58, gibs 2, drop_frames 291, bexp_frames 189, barrel_blasts 43, puffs 10, blast_kills 11, barrel_hurt 11, player_blocked 68, nukage 3, restarts 0, restart_requests 0, level_done 0, barrel_hits 67, knock_frames 397, mon_knock_frames 448, frac_frames 793, knock_moves 3268, knock_walls 18, infight 16, sink_max 0, sink_frames 0, corpse_slides 131, dead_slides 0, knock_refused 17, mon_knock_refused 22, mon_attacks 121, mkills 24, drop_px 891, drop_z_px 47198
every event counter nonzero: yes; deaths 0

FIGHT GATE PASS (1593 s)
rc=0
