$ python scratchpad/gp/b0_scenarios.py --file scratchpad/gp/scenarios/combat_scenarios_v4.json --fjm build/doom_e1m1_blocked40.fjm --labels scratchpad/12m/atlas/blocked40.labels.tsv.gz --pixel-every 1 --proxy --json docs/ship-evidence/blocked40_b0_v4.json
  model replays: 11 runs reproduce the set's poses (14 s, outside the lock)
b0_scenarios: doom_e1m1_blocked40.fjm sha256 dc1e85e52f48a299 | set combat_scenarios_v4.json (11 runs, keys 2724202d088cfd0c) | startup+menu 220,383 ops (exact)
  run                   avg (exact)  p50 +-2^18         p80         max  state     pixels    cam  dr sonl
  R0-west-hall           18,367,625  18,350,080  19,136,512  20,185,088  100/100   100/100     0   1   50
  R0-aftermath           16,515,089  17,039,360  18,087,936  25,165,824  100/100   100/100     0   0   12
  R0-south-hall          12,341,601  13,107,200  13,631,488  15,466,496  100/100   100/100     0   0   16
  R0-imp-court           15,430,194  15,466,496  16,777,216  19,136,512  100/100   100/100     0   0   20
  R0-northwest            9,834,585   9,961,472  10,485,760  11,010,048  100/100   100/100     0   0   72
  R0-courtyard           15,726,741  15,728,640  16,777,216  19,922,944  100/100   100/100     0   0   17
  R2-barrel-hall         13,124,544  13,107,200  13,369,344  13,893,632  100/100   100/100     0   0   36
  R2-spectre-corridor    11,720,331  12,058,624  12,582,912  13,369,344  100/100   100/100     0   1   17
  R2-east-yard           13,563,924  14,155,776  15,728,640  18,350,080  100/100   100/100     0   0   14
  R3-west                 7,824,423   8,126,464   9,699,328  15,728,640  100/100   100/100     0   0   31
  R3-mid                 10,407,992  10,485,760  10,747,904  12,058,624  100/100   100/100     0   0   63
  B0 BINDING (mean + p80)/2 over 11 runs: 14,447,782 ops/frame   (mean 13,168,823, p80 run R0-courtyard = 15,726,741)
  per-frame maximum: 25,165,824 ops (+/- 2^18) in R0-aftermath; run averages 7,824,422 .. 18,367,625; headroom to 22M: 7,552,218
  STRAFE UNDERCOUNT (--proxy: each strafe-only frame given a forward step into the same landing):
    R0-west-hall         +8,289,308 ops over 50 strafe-only frames = 165,786 per frame; state 100/100; picture identical: True
    R0-aftermath         +2,093,399 ops over 12 strafe-only frames = 174,450 per frame; state 100/100; picture identical: True
    R0-south-hall        +2,373,327 ops over 16 strafe-only frames = 148,333 per frame; state 100/100; picture identical: True
    R0-imp-court         +2,239,304 ops over 20 strafe-only frames = 111,965 per frame; state 100/100; picture identical: True
    R0-northwest         +8,734,901 ops over 72 strafe-only frames = 121,318 per frame; state 100/100; picture identical: True
    R0-courtyard         +2,654,383 ops over 17 strafe-only frames = 156,140 per frame; state 100/100; picture identical: True
    R2-barrel-hall       +3,176,072 ops over 36 strafe-only frames = 88,224 per frame; state 100/100; picture identical: True
    R2-spectre-corridor  +1,958,779 ops over 17 strafe-only frames = 115,222 per frame; state 100/100; picture identical: True
    R2-east-yard         +3,141,349 ops over 14 strafe-only frames = 224,382 per frame; state 100/100; picture identical: True
    R3-west              +3,265,501 ops over 31 strafe-only frames = 105,339 per frame; state 100/100; picture identical: True
    R3-mid               +7,347,524 ops over 63 strafe-only frames = 116,627 per frame; state 100/100; picture identical: True
    binding with the collision tic on strafe-only frames: 14,481,633 (B0 + 33,851); 130,097 ops per strafe-only frame over 348 frames
B0 OK
rc=0
