$ python scratchpad/12m/msframe.py --a build/doom_e1m1_blocked45.fjm --b build/doom_e1m1_blocked46.fjm --note "M7 P3.3+P3.4 depth order and the help screen (r1: heat follows the depth walk, main merged): blocked46 vs doom_e1m1_blocked45.fjm"
machine : power plan 'Turbo'; busy processes: none
msframe : A=doom_e1m1_blocked45.fjm B=doom_e1m1_blocked46.fjm, 200 game frames, 5 reps, cpu 2, resolution 3%
  rep 0  A         80.9 ms   183.2M fj/s  yard 3.63->3.61G   |  B         71.4 ms   218.2M fj/s  yard 3.58->3.44G
  rep 1  A         77.1 ms   192.3M fj/s  yard 3.58->3.40G   |  B         80.5 ms   193.6M fj/s  yard 3.30->3.29G
  rep 2  A         74.8 ms   198.3M fj/s  yard 3.61->3.57G   |  B         82.1 ms   189.8M fj/s  yard 3.43->3.39G
  rep 3  A         77.7 ms   191.0M fj/s  yard 3.54->3.39G   |  B         79.5 ms   195.9M fj/s  yard 3.64->3.53G
  rep 4  A         74.4 ms   199.4M fj/s  yard 3.42->3.59G   |  B         77.9 ms   199.9M fj/s  yard 3.63->3.60G

  A        median    77.1 ms/frame  [74.4 .. 80.9]    192.3M fj/s   14,828,598 ops/frame   cell=4 flat
  B        median    79.5 ms/frame  [71.4 .. 82.1]    195.9M fj/s   15,580,689 ops/frame   cell=4 flat

  pixels identical across arms and reps : NO  <- speed below is MEANINGLESS
  ops identical across arms             : no   (expected when the arms are different binaries; not when they are one engine A/B)
  per-pair A/B ms ratio                 : 1.134 0.958 0.911 0.976 0.954
  median ratio                          : 0.958  (>1 = B faster)
  VERDICT: NOT SEPARATED   (rule: all 5 pairs agree in sign AND |median ratio - 1| > 3%)
  engine A: 79af8639f57bfa50 full_span=None C:\Users\tomhe\Documents\flipjump-151\flipjump\interpreter\_fjcore.pyd
  engine B: 79af8639f57bfa50 full_span=None C:\Users\tomhe\Documents\flipjump-151\flipjump\interpreter\_fjcore.pyd
  pin: cpu2 proc=ok thread=ok prio=high   yardstick median 3.57G
  ledger  : appended to scratchpad\12m\msframe_ledger.jsonl
rc=0
