# flipjump: the installed editable 1.5.1 at C:/Users/tomhe/Documents/flipjump-151, bc8ee63; doom m7-awake 90d45cc
$ python scratchpad/12m/build_labeled.py --labels scratchpad/12m/atlas/blocked42.labels.tsv.gz -- game --out build/doom_e1m1_blocked42.fjm --pool-base 0x60000000 --span-bits 0x9fffffe0 --pin-state-cells --merge-aliases --spread 2 --spread-min-count 256 --max-slot-ops 512 --pin-broken --width-buckets --counts-cache scratchpad/12m/_counts_game.json.gz --pin-heat scratchpad/12m/heat_blocked27_p32a.json.gz
label spy armed -> scratchpad/12m/atlas/blocked42.labels.tsv.gz
build: build_blocked.py game --out build/doom_e1m1_blocked42.fjm --pool-base 0x60000000 --span-bits 0x9fffffe0 --pin-state-cells --merge-aliases --spread 2 --spread-min-count 256 --max-slot-ops 512 --pin-broken --width-buckets --counts-cache scratchpad/12m/_counts_game.json.gz --pin-heat scratchpad/12m/heat_blocked27_p32a.json.gz
blocking: pool base 0x60000000, span 0x9fffffe0
pin-heat: scratchpad/12m/heat_blocked27_p32a.json.gz (sha256 b18cad1989958fe9...): 20 hot groups, 35,894 hot sites
macros allowed: hex.double_exact_xor, hex.exact_xor, hex.quadrupled_exact_xor, hex.shifts.shl_bit_once, hex.shifts.shr_bit_once, hex.sparse_double_exact_xor, hex.sparse_exact_xor, hex.triple_exact_xor, sim.jump16
pid bake: 254 pairs baked, 255 addressable at PID_NIBBLES=2
  counts cache is for a DIFFERENT program -- recounting
labels -> scratchpad/12m/atlas/blocked42.labels.tsv.gz  (2,030,869 labels)
  alias: 3,966 groups merged into 25,184 (was 29,150)
  counts cached to scratchpad/12m/_counts_game.json.gz
  width waste: 9,898,272 ops allocated = 7,084,963 real + 534,605 width-pad + 2,278,704 count-pad
  MIXED groups (widest > 2x most-common): 324 groups, 3,169 tables; splitting them by width would free up to 152,112 ops of pool
             4,896 ops  ((gps_ptr + 64) + 32)                        n=102     common=16    widest=48
             3,360 ops  ((sp_sa + 64) + 32)                          n=70      common=16    widest=48
             3,360 ops  ((sp_sa + 448) + 32)                         n=70      common=16    widest=48
             3,360 ops  ((sp_sa + 384) + 32)                         n=70      common=16    widest=48
             3,360 ops  ((sp_sa + 320) + 32)                         n=70      common=16    widest=48
  counting pass: 29,150 groups, 387,892 tables, 2775s
  PREFLIGHT: demand 42,015,072 words, capacity 83,886,079 words (50.1% used); 25,184 of 25,184 groups placed
  pin-heat: {'hot_groups': 20, 'hot_groups_missing': 0, 'hot_groups_ambiguous': 0, 'hot_sites_listed': 35894, 'hot_sites_matched': 0, 'hot_sites_width_changed': 0}
  pin-exclude: 7,992 words -- the BYTE cells (m1.zerobyte jumps through them) and the pointer-read cells (a raw read takes base + value); the other nibble state cells ARE pinned
  pin-heat: 20 of 20 hot words pinned
labels -> scratchpad/12m/atlas/blocked42.labels.tsv.gz  (2,030,869 labels)
  reset: stripping the block base from 23,008 pinned words before the LUT test
  pin-heat: {'hot_groups': 20, 'hot_groups_missing': 0, 'hot_groups_ambiguous': 0, 'hot_sites_listed': 35894, 'hot_sites_matched': 0, 'hot_sites_width_changed': 0}
  pin-heat: 20 of 20 hot words pinned
labels -> scratchpad/12m/atlas/blocked42.labels.tsv.gz  (2,038,822 labels)
{
  "map": "E1M1",
  "downscale": 2,
  "storage_mode": "flat",
  "span_words": 93094240,
  "flat_limit": 134217728,
  "headroom": 1.442,
  "fjm_bytes": 29573504,
  "assemble_seconds": 9165.255,
  "tier": "lines/W1R/FT1+plane_near",
  "features": {
    "wall_noise": true,
    "sky": true,
    "steps": true,
    "things": true,
    "stack_steps": true,
    "bbox_cull": true,
    "deg": true,
    "player_sim": true,
    "collide": true,
    "moving_things": true,
    "state_wire": "bin",
    "self_reset": true,
    "standalone": true,
    "doors": true,
    "menu": true
  },
  "self_reset": {
    "nibble_cells": 2536,
    "byte_cells": 320,
    "persisted_labels": [
      "viewx",
      "viewy",
      "viewangle",
      "kb_f",
      "kb_b",
      "kb_l",
      "kb_r",
      "kb_u",
      "mode",
      "menu_scr",
      "menu_sel",
      "lvdone",
      "pusedn",
      "dstate",
      "ddir",
      "dsub",
      "dwait",
      "dreq",
      "pcard",
      "wfired",
      "lstate",
      "ldir",
      "lsub",
      "lwait",
      "lreq",
      "fswitch",
      "sshead",
      "thss_rt",
      "thpos_rt",
      "mon_state",
      "mon_tics",
      "mon_facing",
      "mon_active",
      "mon_target",
      "mon_reaction",
      "mon_threshold",
      "mon_movedir",
      "sched_cursor",
      "thseen"
    ],
    "restore_set": "C:\\Users\\tomhe\\Documents\\doom-m7l\\src\\doomfj\\data\\m5_restore_set.json.gz",
    "labels_moved_in_set": 0,
    "values_changed_in_set": 0,
    "baked_cells_value_checked": 12878,
    "view_w": 160,
    "subsectors": 682
  }
}

assemblies: 2; blocked per assembly: 387,892, 389,172
  block bases agree across all 2 assemblies (25,184 shared groups)
pin conflicts (aliased source-word expressions, un-pinned): 0
runtime-reserved words skipped (stl.IO etc): 0
declines by reason: no-block 2,536, too-wide 0, overflow 0
broken groups: 0 of 25,184 (these lose their pin for ALL their tables); evicted 0
pin-heat after the last assembly: {'hot_groups': 20, 'hot_groups_missing': 0, 'hot_groups_ambiguous': 0, 'hot_sites_listed': 35894, 'hot_sites_matched': 13080, 'hot_sites_width_changed': 0}
blocked: 389,172 tables in 25,184 groups; declined 2,536; ungrouped 0
total 10058s
done in 10059s; labels at scratchpad/12m/atlas/blocked42.labels.tsv.gz
rc=0
020e0a148dcae495b597d8b544d010c24cd383ce6a8cb4f4ebd718f8e0a4b919 *build/doom_e1m1_blocked42.fjm
