$ PYTHONPATH=C:/Users/tomhe/Documents/fjpin_pkg (flipjump pin-heat 198bbb3) python scratchpad/12m/build_labeled.py --labels scratchpad/12m/atlas/blocked28.labels.tsv.gz -- game --out build/doom_e1m1_blocked28.fjm --pool-base 0x60000000 --span-bits 0x9fffffe0 --pin-state-cells --merge-aliases --spread 2 --spread-min-count 256 --max-slot-ops 512 --pin-broken --width-buckets --counts-cache scratchpad/12m/_counts_game.json.gz --pin-heat scratchpad/12m/heat_blocked27.json
label spy armed -> scratchpad/12m/atlas/blocked28.labels.tsv.gz
build: build_blocked.py game --out build/doom_e1m1_blocked28.fjm --pool-base 0x60000000 --span-bits 0x9fffffe0 --pin-state-cells --merge-aliases --spread 2 --spread-min-count 256 --max-slot-ops 512 --pin-broken --width-buckets --counts-cache scratchpad/12m/_counts_game.json.gz --pin-heat scratchpad/12m/heat_blocked27.json
blocking: pool base 0x60000000, span 0x9fffffe0
pin-heat: scratchpad/12m/heat_blocked27.json (sha256 e02565e1fe75d184...): 20 hot groups, 35,894 hot sites
macros allowed: hex.double_exact_xor, hex.exact_xor, hex.quadrupled_exact_xor, hex.shifts.shl_bit_once, hex.shifts.shr_bit_once, hex.sparse_double_exact_xor, hex.sparse_exact_xor, hex.triple_exact_xor
pid bake: 222 pairs baked, 255 addressable at PID_NIBBLES=2
  counts cache HIT: 27,030 groups, 432,164 tables (skipping the counting assembly)
  PREFLIGHT: demand 44,392,608 words, capacity 83,886,079 words (52.9% used); 27,030 of 27,030 groups placed
  pin-heat: {'hot_groups': 20, 'hot_groups_missing': 0, 'hot_groups_ambiguous': 0, 'hot_sites_listed': 35894, 'hot_sites_matched': 0, 'hot_sites_width_changed': 0}
  pin-exclude: 2,004 BYTE-cell words only (m1.zerobyte jumps through them); nibble state cells ARE pinned
  pin-heat: 20 of 20 hot words pinned
labels -> scratchpad/12m/atlas/blocked28.labels.tsv.gz  (2,079,049 labels)
  reset: stripping the block base from 27,030 pinned words before the LUT test
  pin-heat: {'hot_groups': 20, 'hot_groups_missing': 0, 'hot_groups_ambiguous': 0, 'hot_sites_listed': 35894, 'hot_sites_matched': 0, 'hot_sites_width_changed': 0}
  pin-heat: 20 of 20 hot words pinned
labels -> scratchpad/12m/atlas/blocked28.labels.tsv.gz  (2,098,274 labels)
{
  "map": "E1M1",
  "downscale": 2,
  "storage_mode": "flat",
  "span_words": 95996064,
  "flat_limit": 134217728,
  "headroom": 1.398,
  "fjm_bytes": 32164044,
  "assemble_seconds": 4558.04,
  "tier": "lines/W1R/FT1+plane_near",
  "features": {
    "wall_noise": true,
    "sky": true,
    "steps": true,
    "things": true,
    "stack_steps": true,
    "bbox_cull": true,
    "deg": true,
    "player_sim": true,
    "collide": true,
    "moving_things": true,
    "state_wire": "bin",
    "self_reset": true,
    "standalone": true,
    "doors": true,
    "menu": true
  },
  "self_reset": {
    "nibble_cells": 5103,
    "byte_cells": 1002,
    "persisted_labels": [
      "viewx",
      "viewy",
      "viewangle",
      "kb_f",
      "kb_b",
      "kb_l",
      "kb_r",
      "kb_u",
      "mode",
      "dstate",
      "ddir",
      "dsub",
      "dwait"
    ],
    "restore_set": "C:\\Users\\tomhe\\Documents\\doom-m7\\src\\doomfj\\data\\m5_restore_set.json.gz",
    "labels_moved_in_set": 0,
    "values_changed_in_set": 0,
    "baked_cells_value_checked": 12400,
    "view_w": 160,
    "subsectors": 682
  }
}

assemblies: 2; blocked per assembly: 432,164, 436,172
  block bases agree across all 2 assemblies (27,030 shared groups)
pin conflicts (aliased source-word expressions, un-pinned): 0
runtime-reserved words skipped (stl.IO etc): 0
declines by reason: no-block 5,103, too-wide 0, overflow 0
broken groups: 0 of 27,030 (these lose their pin for ALL their tables); evicted 0
pin-heat after the last assembly: {'hot_groups': 20, 'hot_groups_missing': 0, 'hot_groups_ambiguous': 0, 'hot_sites_listed': 35894, 'hot_sites_matched': 35894, 'hot_sites_width_changed': 0}
blocked: 436,172 tables in 27,030 groups; declined 5,103; ungrouped 0
total 5024s
done in 5025s; labels at scratchpad/12m/atlas/blocked28.labels.tsv.gz
rc=0
