$ python scratchpad/12m/gamespeed.py --fjm build/doom_e1m1_blocked36.fjm
SIZE: w=32  segments=364358  data=37,898,634 words (28.24% of 2^27)  span=91,548,800 words (68.21%)  file=27,912,576 bytes
calibration: startup + 2 menu frames = 216,854 ops (subtracted from every run)
  run  0: 1,636,596,929 ops / 102 presented -> raw 16,045,067, game-only 16,363,800 ops/frame
  run  1: 681,033,106 ops / 102 presented -> raw 6,676,795, game-only 6,808,162 ops/frame
  run  2: 1,568,907,478 ops / 102 presented -> raw 15,381,445, game-only 15,686,906 ops/frame
  run  3: 1,665,429,788 ops / 102 presented -> raw 16,327,743, game-only 16,652,129 ops/frame
  run  4: 937,138,123 ops / 102 presented -> raw 9,187,628, game-only 9,369,212 ops/frame
  run  5: 1,045,077,850 ops / 102 presented -> raw 10,245,861, game-only 10,448,609 ops/frame
  run  6: 894,355,449 ops / 102 presented -> raw 8,768,190, game-only 8,941,385 ops/frame
  run  7: 889,170,042 ops / 102 presented -> raw 8,717,353, game-only 8,889,531 ops/frame
  run  8: 1,120,570,910 ops / 102 presented -> raw 10,985,989, game-only 11,203,540 ops/frame
  run  9: 1,166,210,756 ops / 102 presented -> raw 11,433,438, game-only 11,659,939 ops/frame

==============================================================================
SPEED  BINDING (mean+p80)/2: 13,644,614 ops/frame   (target <= 20,000,000)  PASS
SPEED  mean run-average   : 11,602,321 ops/frame
SPEED  80th-pct run avg   : 15,686,906 ops/frame
SPEED  spread lo..hi      : 6,808,162 .. 16,652,129 ops/frame
SPEED  raw (menu included): mean 11,376,951, 80th-pct 15,381,445 ops/frame
SIZE   words              : 37,898,634 = 28.24% of 2^27   (target <= 35%)  PASS
SIZE   span / file        : 91,548,800 words (68.21%) / 27,912,576 bytes
==============================================================================
rc=0
