$ python scratchpad/12m/poolmap.py --fjm build/doom_e1m1_blocked47.fjm --heat scratchpad/12m/heat_blocked27_p42.json.gz
FJM    w=32  segments=483309  data=45,974,192 words (34.25% of 2^27)  span=98,439,744 words (73.34%)  file=34,979,774 bytes
       segment table sums to the payload: yes (45,974,192 words)
SPLIT  below word 50,331,648: 1 segment, 28,590,852 payload words, ending at word 28,590,852
       in the pool   : 483,308 segments, 17,383,340 payload words, words 50,331,648..98,439,744
GAP    program end -> pool base: 21,740,796 words
POOL   base word 50,331,648, window ends word 134,217,727 (--pool-base 0x60000000 --span-bits 0x9fffffe0); 35,777,983 words of the window above the image
  counts cache HIT: 35,102 groups, 482,028 tables (skipping the counting assembly)
HEAT   scratchpad/12m/heat_blocked27_p42.json.gz: 20 hot groups placed first (0 missing, 0 ambiguous) -- the rest biggest-first
BLOCKS 35,102 of 35,102 groups placed (0 broken); demand 47,366,720 words, extent 48,108,096 words, capacity 83,886,079 words (56.5% used)
       demand == extent, i.e. no hole in front of any block: NO
       extent == the image's span above the pool base, i.e. the image ends at the allocator's cursor: yes
HOLES  extent - demand = 741,376 words in front of blocks (the hot groups go first, in heat order, not biggest-first)
PAD    47,366,720 - 17,383,340 = 29,983,380 words INSIDE the blocks, by mechanism:
       block power-of-two round-up         7,835,808 words   26.1%  (--width-buckets only)
       alignment between buckets                   0 words    0.0%  (structurally 0)
       unused slots                       21,962,848 words   73.3%  (count rounded up, times --spread)
       slot width + declined tables          184,724 words    0.6%
       the four terms sum to the pad: yes
SUM    span - data = 98,439,744 - 45,974,192 = 52,465,552 = 21,740,796 gap + 29,983,380 pad + 741,376 holes: yes
rc=0
