$ python scratchpad/12m/msframe.py --a build/doom_e1m1_blocked29.fjm --b build/doom_e1m1_blocked30.fjm --note ...
machine : power plan 'Turbo'; busy processes: none
msframe : A=doom_e1m1_blocked29.fjm B=doom_e1m1_blocked30.fjm, 200 game frames, 5 reps, cpu 2, resolution 3%
  rep 0  A         63.8 ms   237.4M fj/s  yard 3.65->3.65G   |  B         62.5 ms   234.7M fj/s  yard 3.63->3.65G
  rep 1  A         64.2 ms   235.8M fj/s  yard 3.65->3.64G   |  B         63.7 ms   230.2M fj/s  yard 3.64->3.60G
  rep 2  A         64.0 ms   236.7M fj/s  yard 3.64->3.38G   |  B         62.1 ms   236.2M fj/s  yard 3.65->3.65G
  rep 3  A         64.4 ms   235.2M fj/s  yard 3.62->3.61G   |  B         62.8 ms   233.8M fj/s  yard 3.61->3.63G
  rep 4  A         64.2 ms   235.8M fj/s  yard 3.50->3.62G   |  B         62.9 ms   233.2M fj/s  yard 3.64->3.65G

  A        median    64.2 ms/frame  [63.8 .. 64.4]    235.8M fj/s   15,147,330 ops/frame   cell=4 flat
  B        median    62.8 ms/frame  [62.1 .. 63.7]    233.8M fj/s   14,677,635 ops/frame   cell=4 flat

  pixels identical across arms and reps : YES
  ops identical across arms             : no   (expected when the arms are different binaries; not when they are one engine A/B)
  per-pair A/B ms ratio                 : 1.021 1.008 1.030 1.026 1.021
  median ratio                          : 1.021  (>1 = B faster)
  VERDICT: NOT SEPARATED   (rule: all 5 pairs agree in sign AND |median ratio - 1| > 3%)
  engine A: 79af8639f57bfa50 full_span=None C:\Users\tomhe\Documents\flipjump-151\flipjump\interpreter\_fjcore.pyd
  engine B: 79af8639f57bfa50 full_span=None C:\Users\tomhe\Documents\flipjump-151\flipjump\interpreter\_fjcore.pyd
  pin: cpu2 proc=ok thread=ok prio=high   yardstick median 3.63G
  ledger  : appended to scratchpad\12m\msframe_ledger.jsonl
rc=0
