$ python scratchpad/12m/profx/phases.py games_blocked48
game frames: 1000   mean frame 13,144,524 ops (marker 1 to marker 1)

phase                                         ops/frame       %    runs/fr      ops/run
input (8 polls, key decode)                       1,142   0.01%       1.00        1,142
doors                                             1,882   0.01%       1.00        1,882
move / turn                                      21,672   0.16%       1.00       21,672
collision                                       131,607   1.00%       0.86      152,147
  of which dsccs seed walks                      79,076   0.60%       2.40       32,879
post-move vx/vy                                     326   0.00%       1.00          326
sim.bind_things                                       0   0.00%       0.00            -
  of which ptloc_walk (dirty things)                  0   0.00%       0.00            -
view setup                                        3,604   0.03%       1.00        3,604
eye point location (dsc walk)                    32,180   0.24%       1.00       32,180
render walk, all                             12,679,902  96.47%       1.00   12,679,902
m1_reset                                         98,669   0.75%       1.00       98,669
(glue between phases)                           173,537   1.32%

one player move try = collision / seed walks: 54,722 ops (32,879 of it the seed walk); 2.40 tries/frame

render walk split by owner object (ops/frame):
      3,537,684  27.90%  seg_pass2_leaf
      2,502,132  19.73%  seg_pass1_ts_leaf
      2,447,555  19.30%  seg_pass1_leaf
      1,331,838  10.50%  thing_pass_leaf
        909,632   7.17%  bspcode walk (nodes, pos_leaf, ss code)
        807,394   6.37%  thing_leaf_b
        718,134   5.66%  thing_leaf
        210,776   1.66%  vpb bands-as-code (plane bands)
         81,578   0.64%  bad/padding
         69,061   0.54%  bbgate_leaf
         61,335   0.48%  segconsts (per-seg/thing const blocks)
          2,776   0.02%  banks tail (vql/vqh, yslope, zlight)
              0   0.00%  banks head (vars, sprbkt tables)
rc=0
