$ python scratchpad/12m/msframe.py --a build/doom_e1m1_blocked31.fjm --b build/doom_e1m1_blocked32.fjm --note M7 P1.5 skill filter + skill menu: blocked32 vs doom_e1m1_blocked31.fjm
machine : power plan 'Turbo'; busy processes: none
msframe : A=doom_e1m1_blocked31.fjm B=doom_e1m1_blocked32.fjm, 200 game frames, 5 reps, cpu 2, resolution 3%
  rep 0  A         61.5 ms   234.7M fj/s  yard 3.65->3.63G   |  B         61.5 ms   229.4M fj/s  yard 3.53->3.63G
  rep 1  A         63.0 ms   229.0M fj/s  yard 3.51->3.52G   |  B         62.0 ms   227.7M fj/s  yard 3.50->3.65G
  rep 2  A         63.1 ms   228.8M fj/s  yard 3.64->3.64G   |  B         60.2 ms   234.5M fj/s  yard 3.63->3.63G
  rep 3  A         61.2 ms   236.1M fj/s  yard 3.62->3.64G   |  B         60.4 ms   233.5M fj/s  yard 3.63->3.64G
  rep 4  A         62.2 ms   232.1M fj/s  yard 3.63->3.65G   |  B         60.2 ms   234.4M fj/s  yard 3.63->3.64G

  A        median    62.2 ms/frame  [61.2 .. 63.1]    232.1M fj/s   14,436,650 ops/frame   cell=4 flat
  B        median    60.4 ms/frame  [60.2 .. 62.0]    233.5M fj/s   14,107,763 ops/frame   cell=4 flat

  pixels identical across arms and reps : NO  <- speed below is MEANINGLESS
  ops identical across arms             : no   (expected when the arms are different binaries; not when they are one engine A/B)
  per-pair A/B ms ratio                 : 1.000 1.018 1.049 1.012 1.034
  median ratio                          : 1.018  (>1 = B faster)
  VERDICT: NOT SEPARATED   (rule: all 5 pairs agree in sign AND |median ratio - 1| > 3%)
  engine A: 79af8639f57bfa50 full_span=None C:\Users\tomhe\Documents\flipjump-151\flipjump\interpreter\_fjcore.pyd
  engine B: 79af8639f57bfa50 full_span=None C:\Users\tomhe\Documents\flipjump-151\flipjump\interpreter\_fjcore.pyd
  pin: cpu2 proc=ok thread=ok prio=high   yardstick median 3.63G
  ledger  : appended to scratchpad\12m\msframe_ledger.jsonl
rc=0
