$ python scratchpad/12m/msframe.py --a build/doom_e1m1_blocked29.fjm --against shipped --note M7 P1.2 player collision cells: blocked29 (flipjump 1.5.1 bc8ee63, heat list heat_blocked27)
machine : power plan 'Turbo'; busy processes: none
against : baseline 'shipped' = build\doom_e1m1_blocked28.fjm (9fe88c6187a82921), recorded 2026-09-27 05:05:46 at 73.7 ms/frame
msframe : A=doom_e1m1_blocked28.fjm B=doom_e1m1_blocked29.fjm, 200 game frames, 5 reps, cpu 2, resolution 3%
  rep 0  base      81.4 ms   207.2M fj/s  yard 3.61->3.61G   |  change    67.4 ms   224.7M fj/s  yard 3.59->3.50G
  rep 1  base      73.9 ms   228.3M fj/s  yard 3.64->3.65G   |  change    63.8 ms   237.6M fj/s  yard 3.64->3.65G
  rep 2  base      73.0 ms   230.9M fj/s  yard 3.39->3.62G   |  change    65.2 ms   232.3M fj/s  yard 3.58->3.61G
  rep 3  base      74.0 ms   227.8M fj/s  yard 3.60->3.58G   |  change    64.1 ms   236.4M fj/s  yard 3.64->3.64G
  rep 4  base      74.2 ms   227.1M fj/s  yard 3.64->3.65G   |  change    64.4 ms   235.4M fj/s  yard 3.63->3.54G

  base     median    74.0 ms/frame  [73.0 .. 81.4]    227.8M fj/s   16,858,606 ops/frame   cell=4 flat
  change   median    64.4 ms/frame  [63.8 .. 67.4]    235.4M fj/s   15,147,330 ops/frame   cell=4 flat

  pixels identical across arms and reps : YES
  ops identical across arms             : no   (expected when the arms are different binaries; not when they are one engine A/B)
  per-pair A/B ms ratio                 : 1.207 1.158 1.120 1.155 1.153
  median ratio                          : 1.155  (>1 = B faster)
  VERDICT: B FASTER   (rule: all 5 pairs agree in sign AND |median ratio - 1| > 3%)
  engine A: 79af8639f57bfa50 full_span=None C:\Users\tomhe\Documents\flipjump-151\flipjump\interpreter\_fjcore.pyd
  engine B: 79af8639f57bfa50 full_span=None C:\Users\tomhe\Documents\flipjump-151\flipjump\interpreter\_fjcore.pyd
  pin: cpu2 proc=ok thread=ok prio=high   yardstick median 3.62G
  ledger  : appended to scratchpad\12m\msframe_ledger.jsonl
rc=0
