$ python -m pytest tests/host -q -p no:cacheprovider
........................................................................ [  4%]
........................................................................ [  9%]
........................................................................ [ 14%]
........................................................................ [ 19%]
........................................................................ [ 24%]
........................................................................ [ 29%]
........................................................................ [ 34%]
........................................................................ [ 39%]
........................................................................ [ 44%]
........................................................................ [ 49%]
........................................................................ [ 54%]
.......................................................ss............... [ 59%]
........................................................................ [ 64%]
........................................................................ [ 69%]
........................................................................ [ 74%]
........................................................................ [ 79%]
........................................................................ [ 83%]
........................................................................ [ 88%]
..................xx.................................................... [ 93%]
........................................................................ [ 98%]
..................                                                       [100%]
============================== warnings summary ===============================
tests/host/test_emitter_call_sites.py::test_every_tracked_caller_passes_keywords_the_emitter_has
tests/host/test_no_decimal_wire.py::test_every_screen_is_fed_the_binary_wire
tests/host/test_oracle_calls_in_step.py::test_every_gate_asks_the_oracle_for_what_it_emits
  <unknown>:1: DeprecationWarning: invalid escape sequence '\_'

-- Docs: https://docs.pytest.org/en/stable/how-to/capture-warnings.html
1454 passed, 2 skipped, 1 deselected, 2 xfailed, 3 warnings in 229.10s (0:03:49)
rc=0
