$ python -m pytest tests/host -q -p no:cacheprovider
........................................................................ [  4%]
........................................................................ [  9%]
........................................................................ [ 13%]
........................................................................ [ 18%]
........................................................................ [ 22%]
........................................................................ [ 27%]
........................................................................ [ 32%]
........................................................................ [ 36%]
........................................................................ [ 41%]
........................................................................ [ 45%]
........................................................................ [ 50%]
........................................................................ [ 55%]
.................................ss..................................... [ 59%]
........................................................................ [ 64%]
........................................................................ [ 68%]
........................................................................ [ 73%]
........................................................................ [ 78%]
........................................................................ [ 82%]
........................................................................ [ 87%]
........................................................xx.............. [ 91%]
........................................................................ [ 96%]
........................................................                 [100%]
============================== warnings summary ===============================
tests/host/test_emitter_call_sites.py::test_every_tracked_caller_passes_keywords_the_emitter_has
tests/host/test_no_decimal_wire.py::test_every_screen_is_fed_the_binary_wire
tests/host/test_oracle_calls_in_step.py::test_every_gate_asks_the_oracle_for_what_it_emits
  <unknown>:1: DeprecationWarning: invalid escape sequence '\_'

-- Docs: https://docs.pytest.org/en/stable/how-to/capture-warnings.html
1564 passed, 2 skipped, 1 deselected, 2 xfailed, 3 warnings in 173.85s (0:02:53)
rc=0
