$ python -m pytest tests/host -q -p no:cacheprovider
........................................................................ [  4%]
........................................................................ [  8%]
........................................................................ [ 13%]
........................................................................ [ 17%]
........................................................................ [ 21%]
........................................................................ [ 26%]
........................................................................ [ 30%]
........................................................................ [ 34%]
........................................................................ [ 39%]
........................................................................ [ 43%]
........................................................................ [ 47%]
........................................................................ [ 52%]
........................................................................ [ 56%]
....ss.................................................................. [ 60%]
........................................................................ [ 65%]
........................................................................ [ 69%]
........................................................................ [ 73%]
........................................................................ [ 78%]
........................................................................ [ 82%]
........................................................................ [ 86%]
.......................................................................x [ 91%]
x....................................................................... [ 95%]
........................................................................ [ 99%]
...                                                                      [100%]
============================== warnings summary ===============================
tests/host/test_emitter_call_sites.py::test_every_tracked_caller_passes_keywords_the_emitter_has
tests/host/test_no_decimal_wire.py::test_every_screen_is_fed_the_binary_wire
tests/host/test_oracle_calls_in_step.py::test_every_gate_asks_the_oracle_for_what_it_emits
  <unknown>:1: DeprecationWarning: invalid escape sequence '\_'

-- Docs: https://docs.pytest.org/en/stable/how-to/capture-warnings.html
1655 passed, 2 skipped, 1 deselected, 2 xfailed, 3 warnings in 195.78s (0:03:15)
rc=0
