# flipjump: the installed editable 1.5.1 at C:/Users/tomhe/Documents/flipjump-151, 1cd6e0c; doom m7-p5 c21df5a
$ python scratchpad/12m/build_labeled.py --labels scratchpad/12m/atlas/blocked48.labels.tsv.gz -- game --out build/doom_e1m1_blocked48.fjm --pool-base 0x60000000 --span-bits 0x9fffffe0 --pin-state-cells --merge-aliases --spread 2 --spread-min-count 256 --max-slot-ops 512 --pin-broken --width-buckets --counts-cache scratchpad/12m/_counts_game.json.gz --pin-heat scratchpad/12m/heat_blocked27_p42.json.gz
label spy armed -> scratchpad/12m/atlas/blocked48.labels.tsv.gz
build: build_blocked.py game --out build/doom_e1m1_blocked48.fjm --pool-base 0x60000000 --span-bits 0x9fffffe0 --pin-state-cells --merge-aliases --spread 2 --spread-min-count 256 --max-slot-ops 512 --pin-broken --width-buckets --counts-cache scratchpad/12m/_counts_game.json.gz --pin-heat scratchpad/12m/heat_blocked27_p42.json.gz
blocking: pool base 0x60000000, span 0x9fffffe0
pin-heat: scratchpad/12m/heat_blocked27_p42.json.gz (sha256 b307cab74b45b336...): 20 hot groups, 35,894 hot sites
macros allowed: hex.double_exact_xor, hex.exact_xor, hex.quadrupled_exact_xor, hex.shifts.shl_bit_once, hex.shifts.shr_bit_once, hex.sparse_double_exact_xor, hex.sparse_exact_xor, hex.triple_exact_xor, sim.jump16
pid bake: 254 pairs baked, 255 addressable at PID_NIBBLES=2
  counts cache is for a DIFFERENT program -- recounting
labels -> scratchpad/12m/atlas/blocked48.labels.tsv.gz  (2,339,582 labels)
  alias: 7,221 groups merged into 36,506 (was 43,727)
  counts cached to scratchpad/12m/_counts_game.json.gz
  width waste: 14,229,072 ops allocated = 8,871,726 real + 624,018 width-pad + 4,733,328 count-pad
  MIXED groups (widest > 2x most-common): 343 groups, 4,282 tables; splitting them by width would free up to 205,536 ops of pool
             4,896 ops  ((gps_ptr + 64) + 32)                        n=102     common=16    widest=48
             3,408 ops  ((sp_sa + 64) + 32)                          n=71      common=16    widest=48
             3,408 ops  ((sp_sa + 448) + 32)                         n=71      common=16    widest=48
             3,408 ops  ((sp_sa + 384) + 32)                         n=71      common=16    widest=48
             3,408 ops  ((sp_sa + 320) + 32)                         n=71      common=16    widest=48
  counting pass: 43,727 groups, 492,804 tables, 2294s
  PREFLIGHT: demand 47,906,560 words, capacity 83,886,079 words (57.1% used); 36,506 of 36,506 groups placed
  pin-heat: {'hot_groups': 20, 'hot_groups_missing': 0, 'hot_groups_ambiguous': 0, 'hot_sites_listed': 35894, 'hot_sites_matched': 0, 'hot_sites_width_changed': 0}
  pin-exclude: 8,738 words -- the BYTE cells (m1.zerobyte jumps through them) and the pointer-read cells (a raw read takes base + value); the other nibble state cells ARE pinned
  pin-heat: 20 of 20 hot words pinned
labels -> scratchpad/12m/atlas/blocked48.labels.tsv.gz  (2,339,582 labels)
  reset: stripping the block base from 33,957 pinned words before the LUT test
  pin-heat: {'hot_groups': 20, 'hot_groups_missing': 0, 'hot_groups_ambiguous': 0, 'hot_sites_listed': 35894, 'hot_sites_matched': 0, 'hot_sites_width_changed': 0}
  pin-heat: 20 of 20 hot words pinned
labels -> scratchpad/12m/atlas/blocked48.labels.tsv.gz  (2,347,537 labels)
{
  "map": "E1M1",
  "downscale": 2,
  "storage_mode": "flat",
  "span_words": 98979584,
  "flat_limit": 134217728,
  "headroom": 1.356,
  "fjm_bytes": 35861100,
  "assemble_seconds": 7053.197,
  "tier": "lines/W1R/FT1+plane_near",
  "features": {
    "wall_noise": true,
    "sky": true,
    "steps": true,
    "things": true,
    "stack_steps": true,
    "bbox_cull": true,
    "deg": true,
    "player_sim": true,
    "collide": true,
    "moving_things": true,
    "state_wire": "bin",
    "self_reset": true,
    "standalone": true,
    "doors": true,
    "menu": true
  },
  "self_reset": {
    "nibble_cells": 2537,
    "byte_cells": 320,
    "persisted_labels": [
      "viewx",
      "viewy",
      "viewangle",
      "kb_f",
      "kb_b",
      "kb_l",
      "kb_r",
      "kb_u",
      "mode",
      "menu_scr",
      "menu_sel",
      "lvdone",
      "pusedn",
      "kb_sl",
      "kb_sr",
      "kb_fi",
      "kb_w1",
      "kb_w2",
      "kb_w3",
      "kb_w4",
      "dstate",
      "ddir",
      "dsub",
      "dwait",
      "dreq",
      "pcard",
      "wfired",
      "lstate",
      "ldir",
      "lsub",
      "lwait",
      "lreq",
      "fswitch",
      "sshead",
      "thss_rt",
      "thpos_rt",
      "mon_state",
      "mon_tics",
      "mon_facing",
      "mon_active",
      "mon_target",
      "mon_reaction",
      "mon_threshold",
      "mon_movedir",
      "sched_cursor",
      "thseen",
      "mon_movecount",
      "mon_rng",
      "mon_floorz",
      "msec",
      "bar_solid",
      "mh_prev",
      "mon_justattacked",
      "mon_health",
      "mon_shootable",
      "mon_solid",
      "mon_justhit",
      "mon_ambush",
      "snd_alert",
      "hud_v",
      "hud_s",
      "hud_full",
      "wp_rdy",
      "wp_pend",
      "wp_st",
      "wp_tics",
      "wp_sy",
      "fl_st",
      "fl_tics",
      "wp_rf",
      "wp_ad",
      "am_clip",
      "am_shell",
      "wp_own",
      "rng_pl",
      "wp_frm",
      "fl_frm",
      "aim_sid",
      "aim_tz",
      "p_hp",
      "p_ar",
      "p_at",
      "p_dc",
      "p_dead",
      "pal_cur",
      "pj_act",
      "pj_x",
      "pj_y",
      "pj_mx",
      "pj_my",
      "pj_st",
      "pj_ti",
      "fx_act",
      "fx_x",
      "fx_y",
      "fx_st",
      "fx_ti",
      "rng_fx"
    ],
    "restore_set": "C:\\Users\\tomhe\\Documents\\doom-m7s\\src\\doomfj\\data\\m5_restore_set.json.gz",
    "labels_moved_in_set": 0,
    "values_changed_in_set": 0,
    "baked_cells_value_checked": 15878,
    "view_w": 160,
    "subsectors": 682
  }
}

assemblies: 2; blocked per assembly: 492,804, 494,084
  block bases agree across all 2 assemblies (36,506 shared groups)
pin conflicts (aliased source-word expressions, un-pinned): 0
runtime-reserved words skipped (stl.IO etc): 0
declines by reason: no-block 2,537, too-wide 0, overflow 0
broken groups: 0 of 36,506 (these lose their pin for ALL their tables); evicted 0
pin-heat after the last assembly: {'hot_groups': 20, 'hot_groups_missing': 0, 'hot_groups_ambiguous': 0, 'hot_sites_listed': 35894, 'hot_sites_matched': 13080, 'hot_sites_width_changed': 0}
blocked: 494,084 tables in 36,506 groups; declined 2,537; ungrouped 0
total 7494s
done in 7495s; labels at scratchpad/12m/atlas/blocked48.labels.tsv.gz
rc=0
69890d31f08b450b6b29572e97529d2f30a1de84b9bf70de3015674036b843e8 *build/doom_e1m1_blocked48.fjm
