$ python scratchpad/12m/profx/phases.py games_blocked40
game frames: 1000   mean frame 11,845,713 ops (marker 1 to marker 1)

phase                                         ops/frame       %    runs/fr      ops/run
input (8 polls, key decode)                       1,010   0.01%       1.00        1,010
doors                                             1,568   0.01%       1.00        1,568
move / turn                                       9,933   0.08%       1.00        9,933
collision                                       127,600   1.08%       0.86      147,514
  of which dsccs seed walks                      76,029   0.64%       2.40       31,613
post-move vx/vy                                   7,980   0.07%       1.00        7,980
sim.bind_things                                       0   0.00%       0.00            -
  of which ptloc_walk (dirty things)                  0   0.00%       0.00            -
view setup                                        3,638   0.03%       1.00        3,638
eye point location (dsc walk)                    30,762   0.26%       1.00       30,762
render walk, all                             11,567,235  97.65%       1.00   11,567,235
m1_reset                                         95,965   0.81%       1.00       95,965
(glue between phases)                                18   0.00%

one player move try = collision / seed walks: 53,056 ops (31,613 of it the seed walk); 2.40 tries/frame

render walk split by owner object (ops/frame):
      3,606,250  31.18%  seg_pass2_leaf
      2,529,225  21.87%  seg_pass1_ts_leaf
      2,331,636  20.16%  seg_pass1_leaf
        874,711   7.56%  bspcode walk (nodes, pos_leaf, ss code)
        785,185   6.79%  thing_leaf_b
        664,919   5.75%  thing_pass_leaf
        423,520   3.66%  thing_leaf
        223,129   1.93%  vpb bands-as-code (plane bands)
         64,179   0.55%  bbgate_leaf
         61,280   0.53%  segconsts (per-seg/thing const blocks)
          3,194   0.03%  banks tail (vql/vqh, yslope, zlight)
              2   0.00%  banks head (vars, sprbkt tables)
rc=0
