# flipjump: the installed editable 1.5.1 at C:/Users/tomhe/Documents/flipjump-151, bc8ee63; doom m7-leaf-lists 87c2c75
$ python scratchpad/12m/build_labeled.py --labels scratchpad/12m/atlas/blocked30.labels.tsv.gz -- game --out build/doom_e1m1_blocked30.fjm --pool-base 0x60000000 --span-bits 0x9fffffe0 --pin-state-cells --merge-aliases --spread 2 --spread-min-count 256 --max-slot-ops 512 --pin-broken --width-buckets --counts-cache scratchpad/12m/_counts_game.json.gz --pin-heat scratchpad/12m/heat_blocked27.json.gz
label spy armed -> scratchpad/12m/atlas/blocked30.labels.tsv.gz
build: build_blocked.py game --out build/doom_e1m1_blocked30.fjm --pool-base 0x60000000 --span-bits 0x9fffffe0 --pin-state-cells --merge-aliases --spread 2 --spread-min-count 256 --max-slot-ops 512 --pin-broken --width-buckets --counts-cache scratchpad/12m/_counts_game.json.gz --pin-heat scratchpad/12m/heat_blocked27.json.gz
blocking: pool base 0x60000000, span 0x9fffffe0
pin-heat: scratchpad/12m/heat_blocked27.json.gz (sha256 e02565e1fe75d184...): 20 hot groups, 35,894 hot sites
macros allowed: hex.double_exact_xor, hex.exact_xor, hex.quadrupled_exact_xor, hex.shifts.shl_bit_once, hex.shifts.shr_bit_once, hex.sparse_double_exact_xor, hex.sparse_exact_xor, hex.triple_exact_xor, sim.jump16
pid bake: 222 pairs baked, 255 addressable at PID_NIBBLES=2
  counts cache is for a DIFFERENT program -- recounting
labels -> scratchpad/12m/atlas/blocked30.labels.tsv.gz  (1,805,315 labels)
  alias: 3,193 groups merged into 17,496 (was 20,689)
  counts cached to scratchpad/12m/_counts_game.json.gz
  width waste: 8,783,696 ops allocated = 6,193,968 real + 442,336 width-pad + 2,147,392 count-pad
  MIXED groups (widest > 2x most-common): 285 groups, 2,357 tables; splitting them by width would free up to 113,136 ops of pool
             3,552 ops  ((trb_tbl_p + 64) + 32)                      n=74      common=16    widest=48
             2,352 ops  ((f13:l1977:sim.thing_pass(3)---f10:l642:sim n=49      common=16    widest=48
             2,016 ops  ((tsf_sfslot_p + 64) + 32)                   n=42      common=16    widest=48
             1,824 ops  ((f13:l1977:sim.thing_pass(3)---f10:l642:sim n=38      common=16    widest=48
             1,728 ops  ((trb_tbl_p + 320) + 32)                     n=36      common=16    widest=48
  counting pass: 20,689 groups, 336,374 tables, 2058s
  PREFLIGHT: demand 39,188,800 words, capacity 83,886,079 words (46.7% used); 17,496 of 17,496 groups placed
  pin-heat: {'hot_groups': 20, 'hot_groups_missing': 0, 'hot_groups_ambiguous': 0, 'hot_sites_listed': 35894, 'hot_sites_matched': 0, 'hot_sites_width_changed': 0}
  pin-exclude: 2,004 BYTE-cell words only (m1.zerobyte jumps through them); nibble state cells ARE pinned
  pin-heat: 20 of 20 hot words pinned
labels -> scratchpad/12m/atlas/blocked30.labels.tsv.gz  (1,805,315 labels)
  reset: stripping the block base from 17,496 pinned words before the LUT test
  pin-heat: {'hot_groups': 20, 'hot_groups_missing': 0, 'hot_groups_ambiguous': 0, 'hot_sites_listed': 35894, 'hot_sites_matched': 0, 'hot_sites_width_changed': 0}
  pin-heat: 20 of 20 hot words pinned
labels -> scratchpad/12m/atlas/blocked30.labels.tsv.gz  (1,813,602 labels)
{
  "map": "E1M1",
  "downscale": 2,
  "storage_mode": "flat",
  "span_words": 90399040,
  "flat_limit": 134217728,
  "headroom": 1.485,
  "fjm_bytes": 26200623,
  "assemble_seconds": 6791.828,
  "tier": "lines/W1R/FT1+plane_near",
  "features": {
    "wall_noise": true,
    "sky": true,
    "steps": true,
    "things": true,
    "stack_steps": true,
    "bbox_cull": true,
    "deg": true,
    "player_sim": true,
    "collide": true,
    "moving_things": true,
    "state_wire": "bin",
    "self_reset": true,
    "standalone": true,
    "doors": true,
    "menu": true
  },
  "self_reset": {
    "nibble_cells": 2703,
    "byte_cells": 320,
    "persisted_labels": [
      "viewx",
      "viewy",
      "viewangle",
      "kb_f",
      "kb_b",
      "kb_l",
      "kb_r",
      "kb_u",
      "mode",
      "dstate",
      "ddir",
      "dsub",
      "dwait",
      "sshead",
      "thss_rt",
      "thpos_rt"
    ],
    "restore_set": "C:\\Users\\tomhe\\Documents\\doom-m7c\\src\\doomfj\\data\\m5_restore_set.json.gz",
    "labels_moved_in_set": 0,
    "values_changed_in_set": 0,
    "baked_cells_value_checked": 12400,
    "view_w": 160,
    "subsectors": 682
  }
}

assemblies: 2; blocked per assembly: 336,374, 337,654
  block bases agree across all 2 assemblies (17,496 shared groups)
pin conflicts (aliased source-word expressions, un-pinned): 0
runtime-reserved words skipped (stl.IO etc): 0
declines by reason: no-block 2,703, too-wide 0, overflow 0
broken groups: 0 of 17,496 (these lose their pin for ALL their tables); evicted 0
pin-heat after the last assembly: {'hot_groups': 20, 'hot_groups_missing': 0, 'hot_groups_ambiguous': 0, 'hot_sites_listed': 35894, 'hot_sites_matched': 14083, 'hot_sites_width_changed': 0}
blocked: 337,654 tables in 17,496 groups; declined 2,703; ungrouped 0
total 7233s
done in 7234s; labels at scratchpad/12m/atlas/blocked30.labels.tsv.gz
rc=0
0dd3806016af68cd5da80d854496bb7c359a6ddad81ac781702dfaac78aa43ca *build/doom_e1m1_blocked30.fjm
