$ python scratchpad/12m/msframe.py --a C:/Users/tomhe/Documents/doom-m7h/build/doom_e1m1_blocked35.fjm --b build/doom_e1m1_blocked36.fjm --note M7 P2b lifts, the floor switch, door reversal: blocked36 vs doom_e1m1_blocked35.fjm
machine : power plan 'Turbo'; busy processes: none
msframe : A=doom_e1m1_blocked35.fjm B=doom_e1m1_blocked36.fjm, 200 game frames, 5 reps, cpu 2, resolution 3%
  rep 0  A         74.7 ms   189.9M fj/s  yard 3.53->3.58G   |  B         74.4 ms   189.5M fj/s  yard 3.52->3.48G
  rep 1  A         75.0 ms   189.2M fj/s  yard 3.35->3.30G   |  B         74.3 ms   189.7M fj/s  yard 3.41->3.46G
  rep 2  A         73.8 ms   192.2M fj/s  yard 3.52->3.43G   |  B         71.9 ms   196.1M fj/s  yard 3.54->3.58G
  rep 3  A         74.9 ms   189.4M fj/s  yard 3.36->3.50G   |  B         73.4 ms   192.0M fj/s  yard 3.59->3.49G
  rep 4  A         76.4 ms   185.6M fj/s  yard 3.40->3.33G   |  B         72.2 ms   195.3M fj/s  yard 3.26->3.60G

  A        median    74.9 ms/frame  [73.8 .. 76.4]    189.4M fj/s   14,185,609 ops/frame   cell=4 flat
  B        median    73.4 ms/frame  [71.9 .. 74.4]    192.0M fj/s   14,094,700 ops/frame   cell=4 flat

  pixels identical across arms and reps : NO  <- speed below is MEANINGLESS
  ops identical across arms             : no   (expected when the arms are different binaries; not when they are one engine A/B)
  per-pair A/B ms ratio                 : 1.004 1.009 1.027 1.020 1.059
  median ratio                          : 1.020  (>1 = B faster)
  VERDICT: NOT SEPARATED   (rule: all 5 pairs agree in sign AND |median ratio - 1| > 3%)
  engine A: 79af8639f57bfa50 full_span=None C:\Users\tomhe\Documents\flipjump-151\flipjump\interpreter\_fjcore.pyd
  engine B: 79af8639f57bfa50 full_span=None C:\Users\tomhe\Documents\flipjump-151\flipjump\interpreter\_fjcore.pyd
  pin: cpu2 proc=ok thread=ok prio=high   yardstick median 3.42G
  ledger  : appended to scratchpad\12m\msframe_ledger.jsonl
rc=0
