$ python scratchpad/gp/b0_scenarios.py --file scratchpad/gp/scenarios/combat_scenarios_v5.json --fjm build/doom_e1m1_blocked44.fjm --labels scratchpad/12m/atlas/blocked44.labels.tsv.gz --pixel-every 1 --proxy --json docs/ship-evidence/blocked44_b0_v5.json
  model replays: 11 runs reproduce the set's poses (213 s, outside the lock)
b0_scenarios: doom_e1m1_blocked44.fjm sha256 06e8912c4d4d3b96 | set combat_scenarios_v5.json (11 runs, keys 794fa332d21c447e) | startup+menu 227,075 ops (exact)
  run                   avg (exact)  p50 +-2^18         p80         max  state     pixels    cam  dr sonl
  R0-west-hall           18,793,256  18,874,368  19,922,944  21,495,808  100/100   100/100     0   0   49
  R0-aftermath           17,114,550  17,563,648  18,612,224  25,427,968  100/100   100/100     0   0   13
  R0-south-hall          13,237,417  13,893,632  14,942,208  16,252,928  100/100   100/100     0   0   16
  R0-imp-court           16,174,651  16,252,928  17,563,648  20,447,232  100/100   100/100     0   0   20
  R0-northwest           10,506,996  10,747,904  11,272,192  11,796,480  100/100   100/100     0   0   74
  R0-courtyard           16,768,123  17,039,360  18,612,224  20,709,376  100/100   100/100     0   0   17
  R2-barrel-hall         13,918,602  13,893,632  14,155,776  18,612,224  100/100   100/100     0   0   36
  R2-spectre-corridor    12,141,114  12,582,912  13,107,200  14,417,920  100/100   100/100     0   0   19
  R2-east-yard           14,268,021  14,417,920  18,350,080  19,922,944  100/100   100/100     0   0   13
  R3-west                 8,618,836   8,650,752  11,272,192  16,515,072  100/100   100/100     0   0   33
  R3-mid                 10,590,774  10,747,904  11,010,048  12,582,912  100/100   100/100     0   0   63
  B0 BINDING (mean + p80)/2 over 11 runs: 15,299,168 ops/frame   (mean 13,830,213, p80 run R0-courtyard = 16,768,123)
  per-frame maximum: 25,427,968 ops (+/- 2^18) in R0-aftermath; run averages 8,618,835 .. 18,793,256; headroom to 22M: 6,700,832
  STRAFE UNDERCOUNT (--proxy: each strafe-only frame given a forward step into the same landing):
    R0-west-hall         +9,419,712 ops over 49 strafe-only frames = 192,239 per frame; state 100/100; picture identical: True
    R0-aftermath         +2,294,203 ops over 13 strafe-only frames = 176,477 per frame; state 100/100; picture identical: True
    R0-south-hall        +2,492,301 ops over 16 strafe-only frames = 155,769 per frame; state 100/100; picture identical: True
    R0-imp-court         +2,340,726 ops over 20 strafe-only frames = 117,036 per frame; state 100/100; picture identical: True
    R0-northwest         +9,515,567 ops over 74 strafe-only frames = 128,589 per frame; state 100/100; picture identical: True
    R0-courtyard         +2,773,629 ops over 17 strafe-only frames = 163,155 per frame; state 100/100; picture identical: True
    R2-barrel-hall       +3,317,054 ops over 36 strafe-only frames = 92,140 per frame; state 100/100; picture identical: True
    R2-spectre-corridor  +2,323,836 ops over 19 strafe-only frames = 122,307 per frame; state 100/100; picture identical: True
    R2-east-yard         +3,107,895 ops over 13 strafe-only frames = 239,069 per frame; state 100/100; picture identical: True
    R3-west              +3,603,203 ops over 33 strafe-only frames = 109,188 per frame; state 100/100; picture identical: True
    R3-mid               +7,682,688 ops over 63 strafe-only frames = 121,947 per frame; state 100/100; picture identical: True
    binding with the collision tic on strafe-only frames: 15,335,250 (B0 + 36,082); 138,444 ops per strafe-only frame over 353 frames
B0 OK
rc=0
