# flipjump: the installed editable 1.5.1 at C:/Users/tomhe/Documents/flipjump-151, bc8ee63; doom m7-decide 197682c
$ python scratchpad/12m/build_labeled.py --labels scratchpad/12m/atlas/blocked45.labels.tsv.gz -- game --out build/doom_e1m1_blocked45.fjm --pool-base 0x60000000 --span-bits 0x9fffffe0 --pin-state-cells --merge-aliases --spread 2 --spread-min-count 256 --max-slot-ops 512 --pin-broken --width-buckets --counts-cache scratchpad/12m/_counts_game.json.gz --pin-heat scratchpad/12m/heat_blocked27_p32a.json.gz
label spy armed -> scratchpad/12m/atlas/blocked45.labels.tsv.gz
build: build_blocked.py game --out build/doom_e1m1_blocked45.fjm --pool-base 0x60000000 --span-bits 0x9fffffe0 --pin-state-cells --merge-aliases --spread 2 --spread-min-count 256 --max-slot-ops 512 --pin-broken --width-buckets --counts-cache scratchpad/12m/_counts_game.json.gz --pin-heat scratchpad/12m/heat_blocked27_p32a.json.gz
blocking: pool base 0x60000000, span 0x9fffffe0
pin-heat: scratchpad/12m/heat_blocked27_p32a.json.gz (sha256 b18cad1989958fe9...): 20 hot groups, 35,894 hot sites
macros allowed: hex.double_exact_xor, hex.exact_xor, hex.quadrupled_exact_xor, hex.shifts.shl_bit_once, hex.shifts.shr_bit_once, hex.sparse_double_exact_xor, hex.sparse_exact_xor, hex.triple_exact_xor, sim.jump16
pid bake: 254 pairs baked, 255 addressable at PID_NIBBLES=2
  counts cache is for a DIFFERENT program -- recounting
labels -> scratchpad/12m/atlas/blocked45.labels.tsv.gz  (2,316,376 labels)
  alias: 6,286 groups merged into 33,949 (was 40,235)
  counts cached to scratchpad/12m/_counts_game.json.gz
  width waste: 11,540,160 ops allocated = 8,445,868 real + 560,724 width-pad + 2,533,568 count-pad
  MIXED groups (widest > 2x most-common): 340 groups, 3,633 tables; splitting them by width would free up to 174,384 ops of pool
             4,896 ops  ((gps_ptr + 64) + 32)                        n=102     common=16    widest=48
             3,360 ops  ((sp_sa + 64) + 32)                          n=70      common=16    widest=48
             3,360 ops  ((sp_sa + 448) + 32)                         n=70      common=16    widest=48
             3,360 ops  ((sp_sa + 384) + 32)                         n=70      common=16    widest=48
             3,360 ops  ((sp_sa + 320) + 32)                         n=70      common=16    widest=48
  counting pass: 40,235 groups, 470,302 tables, 2120s
  PREFLIGHT: demand 46,794,944 words, capacity 83,886,079 words (55.8% used); 33,949 of 33,949 groups placed
  pin-heat: {'hot_groups': 20, 'hot_groups_missing': 0, 'hot_groups_ambiguous': 0, 'hot_sites_listed': 35894, 'hot_sites_matched': 0, 'hot_sites_width_changed': 0}
  pin-exclude: 8,098 words -- the BYTE cells (m1.zerobyte jumps through them) and the pointer-read cells (a raw read takes base + value); the other nibble state cells ARE pinned
  pin-heat: 20 of 20 hot words pinned
labels -> scratchpad/12m/atlas/blocked45.labels.tsv.gz  (2,316,376 labels)
  reset: stripping the block base from 31,720 pinned words before the LUT test
  pin-heat: {'hot_groups': 20, 'hot_groups_missing': 0, 'hot_groups_ambiguous': 0, 'hot_sites_listed': 35894, 'hot_sites_matched': 0, 'hot_sites_width_changed': 0}
  pin-heat: 20 of 20 hot words pinned
labels -> scratchpad/12m/atlas/blocked45.labels.tsv.gz  (2,324,329 labels)
{
  "map": "E1M1",
  "downscale": 2,
  "storage_mode": "flat",
  "span_words": 97874112,
  "flat_limit": 134217728,
  "headroom": 1.371,
  "fjm_bytes": 34505877,
  "assemble_seconds": 7081.262,
  "tier": "lines/W1R/FT1+plane_near",
  "features": {
    "wall_noise": true,
    "sky": true,
    "steps": true,
    "things": true,
    "stack_steps": true,
    "bbox_cull": true,
    "deg": true,
    "player_sim": true,
    "collide": true,
    "moving_things": true,
    "state_wire": "bin",
    "self_reset": true,
    "standalone": true,
    "doors": true,
    "menu": true
  },
  "self_reset": {
    "nibble_cells": 2536,
    "byte_cells": 320,
    "persisted_labels": [
      "viewx",
      "viewy",
      "viewangle",
      "kb_f",
      "kb_b",
      "kb_l",
      "kb_r",
      "kb_u",
      "mode",
      "menu_scr",
      "menu_sel",
      "lvdone",
      "pusedn",
      "dstate",
      "ddir",
      "dsub",
      "dwait",
      "dreq",
      "pcard",
      "wfired",
      "lstate",
      "ldir",
      "lsub",
      "lwait",
      "lreq",
      "fswitch",
      "sshead",
      "thss_rt",
      "thpos_rt",
      "mon_state",
      "mon_tics",
      "mon_facing",
      "mon_active",
      "mon_target",
      "mon_reaction",
      "mon_threshold",
      "mon_movedir",
      "sched_cursor",
      "thseen",
      "mon_movecount",
      "mon_rng",
      "mon_floorz",
      "msec",
      "bar_solid",
      "mh_prev",
      "mon_justattacked"
    ],
    "restore_set": "C:\\Users\\tomhe\\Documents\\doom-m7n\\src\\doomfj\\data\\m5_restore_set.json.gz",
    "labels_moved_in_set": 0,
    "values_changed_in_set": 0,
    "baked_cells_value_checked": 14094,
    "view_w": 160,
    "subsectors": 682
  }
}

assemblies: 2; blocked per assembly: 470,302, 471,582
  block bases agree across all 2 assemblies (33,949 shared groups)
pin conflicts (aliased source-word expressions, un-pinned): 0
runtime-reserved words skipped (stl.IO etc): 0
declines by reason: no-block 2,536, too-wide 0, overflow 0
broken groups: 0 of 33,949 (these lose their pin for ALL their tables); evicted 0
pin-heat after the last assembly: {'hot_groups': 20, 'hot_groups_missing': 0, 'hot_groups_ambiguous': 0, 'hot_sites_listed': 35894, 'hot_sites_matched': 13080, 'hot_sites_width_changed': 0}
blocked: 471,582 tables in 33,949 groups; declined 2,536; ungrouped 0
total 7695s
done in 7695s; labels at scratchpad/12m/atlas/blocked45.labels.tsv.gz
rc=0
25957324521286dd39b89149f3fb76f568632052e6a13e37f235d7323e7750d8 *build/doom_e1m1_blocked45.fjm
