$ python scratchpad/12m/gamespeed.py --fjm build/doom_e1m1_blocked29.fjm
SIZE: w=32  segments=339185  data=36,706,788 words (27.35% of 2^27)  span=90,467,488 words (67.40%)  file=26,446,278 bytes
calibration: startup + 2 menu frames = 473,378 ops (subtracted from every run)
  run  0: 1,785,176,238 ops / 102 presented -> raw 17,501,727, game-only 17,847,028 ops/frame
  run  1: 745,945,614 ops / 102 presented -> raw 7,313,192, game-only 7,454,722 ops/frame
  run  2: 1,705,355,748 ops / 102 presented -> raw 16,719,174, game-only 17,048,823 ops/frame
  run  3: 1,783,674,261 ops / 102 presented -> raw 17,487,002, game-only 17,832,008 ops/frame
  run  4: 1,012,641,445 ops / 102 presented -> raw 9,927,857, game-only 10,121,680 ops/frame
  run  5: 1,122,455,177 ops / 102 presented -> raw 11,004,462, game-only 11,219,817 ops/frame
  run  6: 965,598,686 ops / 102 presented -> raw 9,466,653, game-only 9,651,253 ops/frame
  run  7: 953,217,475 ops / 102 presented -> raw 9,345,269, game-only 9,527,440 ops/frame
  run  8: 1,198,598,887 ops / 102 presented -> raw 11,750,969, game-only 11,981,255 ops/frame
  run  9: 1,244,908,966 ops / 102 presented -> raw 12,204,989, game-only 12,444,355 ops/frame

==============================================================================
SPEED  BINDING (mean+p80)/2: 14,780,831 ops/frame   (target <= 20,000,000)  PASS
SPEED  mean run-average   : 12,512,838 ops/frame
SPEED  80th-pct run avg   : 17,048,823 ops/frame
SPEED  spread lo..hi      : 7,454,722 .. 17,847,028 ops/frame
SPEED  raw (menu included): mean 12,272,129, 80th-pct 16,719,174 ops/frame
SIZE   words              : 36,706,788 = 27.35% of 2^27   (target <= 35%)  PASS
SIZE   span / file        : 90,467,488 words (67.40%) / 26,446,278 bytes
==============================================================================
rc=0
