$ python scratchpad/12m/poolmap.py --fjm build/doom_e1m1_blocked32.fjm --heat scratchpad/12m/heat_blocked27_p14.json.gz
FJM    w=32  segments=349963  data=36,410,172 words (27.13% of 2^27)  span=90,671,968 words (67.56%)  file=26,649,768 bytes
       segment table sums to the payload: yes (36,410,172 words)
SPLIT  below word 50,331,648: 1 segment, 23,563,238 payload words, ending at word 23,563,238
       in the pool   : 349,962 segments, 12,846,934 payload words, words 50,331,648..90,671,968
GAP    program end -> pool base: 26,768,410 words
POOL   base word 50,331,648, window ends word 134,217,727 (--pool-base 0x60000000 --span-bits 0x9fffffe0); 43,545,759 words of the window above the image
  counts cache HIT: 20,261 groups, 348,682 tables (skipping the counting assembly)
HEAT   scratchpad/12m/heat_blocked27_p14.json.gz: 20 hot groups placed first (0 missing, 0 ambiguous) -- the rest biggest-first
BLOCKS 20,261 of 20,261 groups placed (0 broken); demand 39,592,800 words, extent 40,340,320 words, capacity 83,886,079 words (47.2% used)
       demand == extent, i.e. no hole in front of any block: NO
       extent == the image's span above the pool base, i.e. the image ends at the allocator's cursor: yes
HOLES  extent - demand = 747,520 words in front of blocks (the hot groups go first, in heat order, not biggest-first)
PAD    39,592,800 - 12,846,934 = 26,745,866 words INSIDE the blocks, by mechanism:
       block power-of-two round-up         7,565,536 words   28.3%  (--width-buckets only)
       alignment between buckets                   0 words    0.0%  (structurally 0)
       unused slots                       19,046,304 words   71.2%  (count rounded up, times --spread)
       slot width + declined tables          134,026 words    0.5%
       the four terms sum to the pad: yes
SUM    span - data = 90,671,968 - 36,410,172 = 54,261,796 = 26,768,410 gap + 26,745,866 pad + 747,520 holes: yes
rc=0
