$ python scratchpad/12m/msframe.py --a C:/Users/tomhe/Documents/doom-m7h/build/doom_e1m1_blocked35.fjm --b build/doom_e1m1_blocked36.fjm --frames 30 --reps 9 --note "M7 P2b: blocked36 vs blocked35 on the first 30 forward frames (before lift 98 parts the pictures)"
machine : power plan 'Turbo'; busy processes: none
msframe : A=doom_e1m1_blocked35.fjm B=doom_e1m1_blocked36.fjm, 30 game frames, 9 reps, cpu 2, resolution 3%
  rep 0  A        109.6 ms   138.5M fj/s  yard 3.42->3.48G   |  B        127.2 ms   118.6M fj/s  yard 3.47->3.41G
  rep 1  A        113.6 ms   133.6M fj/s  yard 3.28->3.39G   |  B        118.3 ms   127.5M fj/s  yard 3.34->3.61G
  rep 2  A        112.4 ms   135.0M fj/s  yard 3.35->3.47G   |  B        119.4 ms   126.4M fj/s  yard 3.44->3.59G
  rep 3  A        104.1 ms   145.7M fj/s  yard 3.62->3.57G   |  B        111.6 ms   135.2M fj/s  yard 3.32->3.51G
  rep 4  A        112.7 ms   134.6M fj/s  yard 3.48->1.79G   |  B        116.3 ms   129.7M fj/s  yard 1.68->3.41G
  rep 5  A        114.8 ms   132.2M fj/s  yard 3.41->3.45G   |  B        113.1 ms   133.4M fj/s  yard 3.26->3.37G
  rep 6  A        111.6 ms   136.0M fj/s  yard 3.39->3.36G   |  B        110.4 ms   136.7M fj/s  yard 3.35->3.36G
  rep 7  A        114.6 ms   132.4M fj/s  yard 3.50->3.31G   |  B        125.6 ms   120.2M fj/s  yard 3.47->3.57G
  rep 8  A        107.4 ms   141.3M fj/s  yard 3.63->3.35G   |  B        109.0 ms   138.5M fj/s  yard 3.34->3.62G

  A        median   112.4 ms/frame  [104.1 .. 114.8]    135.0M fj/s   15,177,584 ops/frame   cell=4 flat
  B        median   116.3 ms/frame  [109.0 .. 127.2]    129.7M fj/s   15,088,015 ops/frame   cell=4 flat

  pixels identical across arms and reps : YES
  ops identical across arms             : no   (expected when the arms are different binaries; not when they are one engine A/B)
  per-pair A/B ms ratio                 : 0.861 0.960 0.942 0.933 0.969 1.015 1.011 0.913 0.986
  median ratio                          : 0.960  (>1 = B faster)
  VERDICT: NOT SEPARATED   (rule: all 9 pairs agree in sign AND |median ratio - 1| > 3%)
  engine A: 79af8639f57bfa50 full_span=None C:\Users\tomhe\Documents\flipjump-151\flipjump\interpreter\_fjcore.pyd
  engine B: 79af8639f57bfa50 full_span=None C:\Users\tomhe\Documents\flipjump-151\flipjump\interpreter\_fjcore.pyd
  pin: cpu2 proc=ok thread=ok prio=high   yardstick median 3.42G
  ledger  : appended to scratchpad\12m\msframe_ledger.jsonl
rc=0
