$ python scratchpad/12m/profx/phases.py games_blocked38
game frames: 1000   mean frame 11,650,201 ops (marker 1 to marker 1)

phase                                         ops/frame       %    runs/fr      ops/run
input (8 polls, key decode)                       1,112   0.01%       1.00        1,112
doors                                             1,513   0.01%       1.00        1,513
move / turn                                       9,397   0.08%       1.00        9,397
collision                                       125,117   1.07%       0.86      144,644
  of which dsccs seed walks                      73,705   0.63%       2.40       30,646
post-move vx/vy                                     328   0.00%       1.00          328
sim.bind_things                                       0   0.00%       0.00            -
  of which ptloc_walk (dirty things)                  0   0.00%       0.00            -
view setup                                        3,696   0.03%       1.00        3,696
eye point location (dsc walk)                    30,009   0.26%       1.00       30,009
render walk, all                             11,385,218  97.73%       1.00   11,385,218
m1_reset                                         93,788   0.81%       1.00       93,788
(glue between phases)                                18   0.00%

one player move try = collision / seed walks: 52,023 ops (30,646 of it the seed walk); 2.40 tries/frame

render walk split by owner object (ops/frame):
      3,612,505  31.73%  seg_pass2_leaf
      2,432,496  21.37%  seg_pass1_ts_leaf
      2,344,184  20.59%  seg_pass1_leaf
        855,476   7.51%  bspcode walk (nodes, pos_leaf, ss code)
        791,962   6.96%  thing_leaf_b
        529,401   4.65%  thing_pass_leaf
        458,472   4.03%  thing_leaf
        232,726   2.04%  vpb bands-as-code (plane bands)
         63,443   0.56%  bbgate_leaf
         61,347   0.54%  segconsts (per-seg/thing const blocks)
          3,200   0.03%  banks tail (vql/vqh, yslope, zlight)
              0   0.00%  banks head (vars, sprbkt tables)
rc=0
