$ python scratchpad/gp/die_gate.py --fjm build/doom_e1m1_blocked53.fjm --labels scratchpad/12m/atlas/blocked53.labels.tsv.gz
DIE GATE -- 17 scenarios (MONSTER_MODE final, PLAYER_MODE final), build/doom_e1m1_blocked53.fjm

D1 killed by a zombieman; every key held after: nothing moves -- 52 frames
  from (352, 1520) angle c0000000: the oracle does what the scenario claims: yes
  counters: mon_hits 1, player_hurt 1, deaths 1, dead_frames 52, player_blocked 1, knock_frames 1, knock_moves 52, sink_max 35, sink_frames 51, knock_refused 1, mon_attacks 1
  frame 0 pokes: ['mon_reaction', 'mon_state', 'mon_target', 'p_hp']
  CONTROL dead_walks       the oracle without the rule parts at frame 36 (cells)
  CONTROL dead_turns       the oracle without the rule parts at frame 36 (cells)
  CONTROL dead_keys        the oracle without the rule parts at frame 36 (cells)
  binary: 52 frames, 405,176,672 ops -- STATE exact on every frame, PIXELS byte-exact on every frame, PALETTE exact on every frame

D2 killed in door 10 as it closes: it does not go back up -- 83 frames
  from (832, 472) angle 40000000, late setups at frames [13]: the oracle does what the scenario claims: yes
  counters: player_hurt 1, deaths 1, dead_frames 70, knock_moves 83, sink_max 35, sink_frames 70
  frame 0 pokes: []
  frame 13 pokes: ['p_dc', 'p_dead', 'p_hp', 'rng_pl', 'wp_st', 'wp_sy']
  CONTROL dead_holds_door  the oracle without the rule parts at frame 49 (cells)
  binary: 83 frames, 966,190,877 ops -- STATE exact on every frame, PIXELS byte-exact on every frame, PALETTE exact on every frame

D3d dead before door 10, use: no press, the restart -- 7 frames
  from (832, 472) angle 40000000, late setups at frames [0]: the oracle does what the scenario claims: yes
  counters: player_hurt 1, deaths 1, dead_frames 4, restarts 1, restart_requests 1, knock_moves 7, sink_max 4, sink_frames 4
  frame 0 pokes: []
  frame 0 pokes: ['p_dc', 'p_dead', 'p_hp', 'rng_pl', 'wp_st', 'wp_sy']
  CONTROL dead_uses        the oracle without the rule parts at frame 3 (cells)
  binary: 7 frames, 67,801,078 ops -- STATE exact on every frame, PIXELS byte-exact on every frame, PALETTE exact on every frame

D3x dead in the exit's box, use: no level end, the restart -- 7 frames
  from (-432, 1296) angle 00000000, late setups at frames [0]: the oracle does what the scenario claims: yes
  counters: player_hurt 1, deaths 1, dead_frames 4, restarts 1, restart_requests 1, knock_moves 7, sink_max 4, sink_frames 4
  frame 0 pokes: []
  frame 0 pokes: ['p_dc', 'p_dead', 'p_hp', 'rng_pl', 'wp_st', 'wp_sy']
  CONTROL dead_exits       the oracle without the rule parts at frame 3 (cells)
  binary: 7 frames, 147,536,917 ops -- STATE exact on every frame, PIXELS byte-exact on every frame, PALETTE exact on every frame

D4 the restart: the level start, a taken pickup and a gone barrel back -- 7 frames
  from (-416, 256) angle 00000000, late setups at frames [0]: the oracle does what the scenario claims: yes
  counters: player_hurt 1, deaths 1, dead_frames 1, restarts 1, restart_requests 1, knock_moves 7, sink_max 1, sink_frames 1
  frame 0 pokes: []
  frame 0 pokes: ['bar_solid', 'bar_st', 'bar_ti', 'p_dc', 'p_dead', 'p_hp', 'rng_pl', 'thvis', 'wp_st', 'wp_sy']
  CONTROL restart_pickup   the oracle without the rule parts at frame 1 (cells)
  CONTROL restart_barrel   the oracle without the rule parts at frame 1 (cells)
  CONTROL use_edge         the oracle without the rule parts at frame 0 (cells)
  binary: 7 frames, 136,853,012 ops -- STATE exact on every frame, PIXELS byte-exact on every frame, PALETTE exact on every frame

D4m the restart takes a lying drop back -- 30 frames
  from (448, 1392) angle 80000000, late setups at frames [24]: the oracle does what the scenario claims: yes
  counters: fx_spawns 1, player_hurt 1, deaths 1, dead_frames 1, shots_hit 1, drop_frames 9, restarts 1, restart_requests 1, mon_knock_frames 9, frac_frames 9, knock_moves 48, sink_max 1, sink_frames 1, corpse_slides 8, mkills 1
  frame 0 pokes: ['mon_health']
  frame 24 pokes: ['p_dc', 'p_dead', 'p_hp', 'rng_pl', 'wp_st', 'wp_sy']
  CONTROL restart_mdrop    the oracle without the rule parts at frame 25 (cells)
  binary: 30 frames, 385,420,986 ops -- STATE exact on every frame, PIXELS byte-exact on every frame, PALETTE exact on every frame

D4s NEW GAME medium, dead, use: the restart is medium's -- 8 frames
  from (-416, 256) angle 00000000, late setups at frames [4]: the oracle does what the scenario claims: yes
  counters: player_hurt 1, deaths 1, dead_frames 2, restarts 1, restart_requests 1, knock_moves 5, sink_max 2, sink_frames 2
  frame 0 pokes: []
  frame 4 pokes: ['p_dc', 'p_dead', 'p_hp', 'rng_pl', 'wp_st', 'wp_sy']
  CONTROL restart_skill    the oracle without the rule parts at frame 6 (cells)
  binary: 8 frames, 94,035,774 ops -- STATE exact on every frame, PIXELS byte-exact on every frame, PALETTE exact on every frame

D5 NEW GAME after death: easy's level start -- 10 frames
  from (-416, 256) angle 00000000, late setups at frames [0]: the oracle does what the scenario claims: yes
  counters: player_hurt 1, deaths 1, dead_frames 6, knock_moves 6, sink_max 2, sink_frames 6
  frame 0 pokes: []
  frame 0 pokes: ['p_dc', 'p_dead', 'p_hp', 'rng_pl', 'wp_st', 'wp_sy']
  CONTROL ng_skill         the oracle without the rule parts at frame 6 (cells)
  binary: 10 frames, 109,250,263 ops -- STATE exact on every frame, PIXELS byte-exact on every frame, PALETTE exact on every frame

D6 death by nukage: that tic still runs the keys and the move -- 7 frames
  from (2024, 1310) angle 40000000: the oracle does what the scenario claims: yes
  counters: player_hurt 1, deaths 1, dead_frames 7, nukage 1, knock_moves 7, sink_max 6, sink_frames 6
  frame 0 pokes: ['p_hp']
  CONTROL latch            the oracle without the rule parts at frame 0 (cells)
  binary: 7 frames, 80,897,857 ops -- STATE exact on every frame, PIXELS byte-exact on every frame, PALETTE exact on every frame

D7 death by a barrel's blast -- 40 frames
  from (958, 642) angle e0000000: the oracle does what the scenario claims: yes
  counters: fx_spawns 1, player_hurt 1, deaths 1, dead_frames 17, shots_hit 3, bexp_frames 23, barrel_blasts 3, puffs 1, barrel_hurt 1, barrel_hits 3, knock_frames 17, knock_moves 40, sink_max 16, sink_frames 16, dead_slides 16
  frame 0 pokes: ['bar_hp', 'p_hp']
  binary: 40 frames, 223,093,424 ops -- STATE exact on every frame, PIXELS byte-exact on every frame, PALETTE exact on every frame

D8 death during the gold flash: the bonus frozen, gold after the red -- 12 frames
  from (-416, 256) angle 00000000, late setups at frames [0]: the oracle does what the scenario claims: yes
  counters: player_hurt 1, deaths 1, dead_frames 12, bonus_frames 9, knock_moves 12, sink_max 12, sink_frames 12
  frame 0 pokes: []
  frame 0 pokes: ['p_bc', 'p_dc', 'p_dead', 'p_hp', 'rng_pl', 'wp_st', 'wp_sy']
  CONTROL dead_bonus_fade  the oracle without the rule parts at frame 0 (cells)
  binary: 12 frames, 232,165,375 ops -- STATE exact on every frame, PIXELS byte-exact on every frame, PALETTE exact on every frame

D9 the dying view sinks: p_vd 1..35 then 35, the picture exact at every step -- 40 frames
  from (-416, 256) angle 00000000, late setups at frames [0]: the oracle does what the scenario claims: yes
  counters: player_hurt 1, deaths 1, dead_frames 40, knock_moves 40, sink_max 35, sink_frames 40
  frame 0 pokes: []
  frame 0 pokes: ['p_dc', 'p_dead', 'p_hp', 'rng_pl', 'wp_st', 'wp_sy']
  CONTROL no_sink          the oracle without the rule parts at frame 0 (cells)
  CONTROL sink_fast        the oracle without the rule parts at frame 0 (cells)
  CONTROL sink_floor       the oracle without the rule parts at frame 34 (cells)
  CONTROL band_eye         the oracle without the rule parts at frame 0 (picture)
  binary: 40 frames, 762,293,932 ops -- STATE exact on every frame, PIXELS byte-exact on every frame, PALETTE exact on every frame

D10s die beside a 24-unit step: the sink exact there -- 38 frames
  from (2075, 1701) angle 3584042c, late setups at frames [0]: the oracle does what the scenario claims: yes
  counters: player_hurt 1, deaths 1, dead_frames 38, knock_moves 38, sink_max 35, sink_frames 38
  frame 0 pokes: []
  frame 0 pokes: ['p_dc', 'p_dead', 'p_hp', 'rng_pl', 'wp_st', 'wp_sy']
  binary: 38 frames, 310,480,155 ops -- STATE exact on every frame, PIXELS byte-exact on every frame, PALETTE exact on every frame

D10l die in lift 98's leaf: the sink exact there -- 38 frames
  from (72, 200) angle 40000000, late setups at frames [0]: the oracle does what the scenario claims: yes
  counters: player_hurt 1, deaths 1, dead_frames 38, knock_moves 38, sink_max 35, sink_frames 38
  frame 0 pokes: []
  frame 0 pokes: ['p_dc', 'p_dead', 'p_hp', 'rng_pl', 'wp_st', 'wp_sy']
  binary: 38 frames, 266,766,890 ops -- STATE exact on every frame, PIXELS byte-exact on every frame, PALETTE exact on every frame

D10c die under a low ceiling: the sink exact there -- 38 frames
  from (664, -928) angle 40000000, late setups at frames [0]: the oracle does what the scenario claims: yes
  counters: player_hurt 1, deaths 1, dead_frames 38, knock_moves 38, sink_max 35, sink_frames 38
  frame 0 pokes: []
  frame 0 pokes: ['p_dc', 'p_dead', 'p_hp', 'rng_pl', 'wp_st', 'wp_sy']
  binary: 38 frames, 416,170,322 ops -- STATE exact on every frame, PIXELS byte-exact on every frame, PALETTE exact on every frame

D11 killed by a hitscan burst at a ledge: the corpse slides while sinking, onto another floor -- 45 frames
  from (780, -508) angle e0000000: the oracle does what the scenario claims: yes
  counters: mon_hits 2, mon_misses 1, player_hurt 1, deaths 1, dead_frames 45, knock_frames 45, knock_moves 45, sink_max 35, sink_frames 44, dead_slides 44, mon_attacks 1
  frame 0 pokes: ['mon_reaction', 'mon_state', 'mon_target', 'mon_tics', 'p_hp']
  CONTROL dead_no_slide    the oracle without the rule parts at frame 1 (cells)
  binary: 45 frames, 643,707,122 ops -- STATE exact on every frame, PIXELS byte-exact on every frame, PALETTE exact on every frame

D4' the restart after the sink: p_vd 0 at the level start -- 42 frames
  from (-416, 256) angle 00000000, late setups at frames [0]: the oracle does what the scenario claims: yes
  counters: player_hurt 1, deaths 1, dead_frames 39, restarts 1, restart_requests 1, knock_moves 42, sink_max 35, sink_frames 39
  frame 0 pokes: []
  frame 0 pokes: ['p_dc', 'p_dead', 'p_hp', 'rng_pl', 'wp_st', 'wp_sy']
  CONTROL sink_restart     the oracle without the rule parts at frame 39 (cells)
  binary: 42 frames, 802,096,635 ops -- STATE exact on every frame, PIXELS byte-exact on every frame, PALETTE exact on every frame

TOTALS: mon_hits 3, mon_misses 1, mon_melee 0, proj_spawns 0, proj_impacts 0, proj_walls 0, fizzles 0, fx_spawns 2, fx_skipped 0, player_hurt 17, armor_out 0, deaths 17, dead_frames 414, max_in_flight 0, explosion_frames 0, shots_hit 4, pickups 0, pickup_items 0, pickup_drops 0, bonus_frames 9, berserk_frames 0, gibs 0, drop_frames 9, bexp_frames 23, barrel_blasts 3, puffs 1, blast_kills 0, barrel_hurt 1, player_blocked 1, nukage 1, restarts 6, restart_requests 6, level_done 0, barrel_hits 3, knock_frames 63, mon_knock_frames 9, frac_frames 9, knock_moves 515, knock_walls 0, infight 0, sink_max 328, sink_frames 410, corpse_slides 8, dead_slides 60, knock_refused 1, mon_knock_refused 0, mon_attacks 2, mkills 1
every event counter nonzero: yes; deaths 17

DIE GATE PASS (241 s)
rc=0
