$ python scratchpad/12m/msframe.py --a build/doom_e1m1_blocked48.fjm --b build/doom_e1m1_blocked51.fjm --note M7 P6+P7 pickups, barrels, death, restart + the owner's playtest requests (r2): blocked51 vs doom_e1m1_blocked48.fjm
machine : power plan 'Turbo'; busy processes: none
msframe : A=doom_e1m1_blocked48.fjm B=doom_e1m1_blocked51.fjm, 200 game frames, 5 reps, cpu 2, resolution 3%
  rep 0  A         69.7 ms   227.4M fj/s  yard 3.61->3.62G   |  B         71.6 ms   220.4M fj/s  yard 3.61->3.58G
  rep 1  A         71.6 ms   221.3M fj/s  yard 3.65->3.41G   |  B         72.2 ms   218.7M fj/s  yard 3.43->3.65G
  rep 2  A         70.1 ms   226.2M fj/s  yard 3.59->3.64G   |  B         71.1 ms   222.0M fj/s  yard 3.65->3.65G
  rep 3  A         70.0 ms   226.4M fj/s  yard 3.63->3.65G   |  B         71.4 ms   221.1M fj/s  yard 3.64->3.63G
  rep 4  A         69.9 ms   226.8M fj/s  yard 3.65->3.65G   |  B         71.6 ms   220.6M fj/s  yard 3.60->3.55G

  A        median    70.0 ms/frame  [69.7 .. 71.6]    226.4M fj/s   15,844,669 ops/frame   cell=4 flat
  B        median    71.6 ms/frame  [71.1 .. 72.2]    220.6M fj/s   15,784,170 ops/frame   cell=4 flat

  pixels identical across arms and reps : NO  <- speed below is MEANINGLESS
  ops identical across arms             : no   (expected when the arms are different binaries; not when they are one engine A/B)
  per-pair A/B ms ratio                 : 0.973 0.992 0.985 0.980 0.976
  median ratio                          : 0.980  (>1 = B faster)
  VERDICT: NOT SEPARATED   (rule: all 5 pairs agree in sign AND |median ratio - 1| > 3%)
  engine A: 79af8639f57bfa50 full_span=None C:\Users\tomhe\Documents\flipjump-151\flipjump\interpreter\_fjcore.pyd
  engine B: 79af8639f57bfa50 full_span=None C:\Users\tomhe\Documents\flipjump-151\flipjump\interpreter\_fjcore.pyd
  pin: cpu2 proc=ok thread=ok prio=high   yardstick median 3.63G
  ledger  : appended to scratchpad\12m\msframe_ledger.jsonl
rc=0
