$ python scratchpad/12m/profx/phases.py games_blocked43
game frames: 1000   mean frame 11,948,995 ops (marker 1 to marker 1)

phase                                         ops/frame       %    runs/fr      ops/run
input (8 polls, key decode)                       1,110   0.01%       1.00        1,110
doors                                             1,480   0.01%       1.00        1,480
move / turn                                      10,228   0.09%       1.00       10,228
collision                                       128,192   1.07%       0.86      148,199
  of which dsccs seed walks                      76,878   0.64%       2.40       31,966
post-move vx/vy                                     326   0.00%       1.00          326
sim.bind_things                                       0   0.00%       0.00            -
  of which ptloc_walk (dirty things)                  0   0.00%       0.00            -
view setup                                        3,675   0.03%       1.00        3,675
eye point location (dsc walk)                    31,407   0.26%       1.00       31,407
render walk, all                             11,651,545  97.51%       1.00   11,651,545
m1_reset                                         98,509   0.82%       1.00       98,509
(glue between phases)                            22,518   0.19%

one player move try = collision / seed walks: 53,302 ops (31,966 of it the seed walk); 2.40 tries/frame

render walk split by owner object (ops/frame):
      3,508,143  30.11%  seg_pass2_leaf
      2,452,237  21.05%  seg_pass1_ts_leaf
      2,366,520  20.31%  seg_pass1_leaf
        885,891   7.60%  bspcode walk (nodes, pos_leaf, ss code)
        722,700   6.20%  thing_leaf
        718,112   6.16%  thing_leaf_b
        634,555   5.45%  thing_pass_leaf
        231,289   1.99%  vpb bands-as-code (plane bands)
         67,543   0.58%  bbgate_leaf
         61,355   0.53%  segconsts (per-seg/thing const blocks)
          3,195   0.03%  banks tail (vql/vqh, yslope, zlight)
              0   0.00%  banks head (vars, sprbkt tables)
rc=0
