$ python scratchpad/12m/msframe.py --ignore-busy --a build/doom_e1m1_blocked46.fjm --b build/doom_e1m1_blocked47.fjm --note M7 P4 the screen, the trigger, the hit and the noise: blocked47 vs doom_e1m1_blocked46.fjm -- BUSY BOX: the owner's fullscan.py (pid 28924, ~1.1 cpu-s/s, not ours to stop) ran beside it; --ignore-busy
machine : power plan 'Turbo'; busy processes: python(28924) 1.0s/s
msframe : A=doom_e1m1_blocked46.fjm B=doom_e1m1_blocked47.fjm, 200 game frames, 5 reps, cpu 2, resolution 3%
  rep 0  A         74.8 ms   208.3M fj/s  yard 3.34->3.51G   |  B         73.0 ms   214.2M fj/s  yard 3.37->3.41G
  rep 1  A         73.4 ms   212.2M fj/s  yard 3.46->3.49G   |  B         72.9 ms   214.4M fj/s  yard 3.43->3.43G
  rep 2  A         73.0 ms   213.4M fj/s  yard 3.46->3.51G   |  B         73.1 ms   214.0M fj/s  yard 3.50->3.52G
  rep 3  A         73.0 ms   213.5M fj/s  yard 3.38->3.48G   |  B         73.0 ms   214.2M fj/s  yard 3.40->3.54G
  rep 4  A         74.0 ms   210.5M fj/s  yard 3.47->3.44G   |  B         74.1 ms   210.8M fj/s  yard 3.45->3.36G

  A        median    73.4 ms/frame  [73.0 .. 74.8]    212.2M fj/s   15,580,689 ops/frame   cell=4 flat
  B        median    73.0 ms/frame  [72.9 .. 74.1]    214.2M fj/s   15,632,447 ops/frame   cell=4 flat

  pixels identical across arms and reps : NO  <- speed below is MEANINGLESS
  ops identical across arms             : no   (expected when the arms are different binaries; not when they are one engine A/B)
  per-pair A/B ms ratio                 : 1.025 1.007 0.999 1.000 0.998
  median ratio                          : 1.000  (>1 = B faster)
  VERDICT: NOT SEPARATED   (rule: all 5 pairs agree in sign AND |median ratio - 1| > 3%)
  engine A: 79af8639f57bfa50 full_span=None C:\Users\tomhe\Documents\flipjump-151\flipjump\interpreter\_fjcore.pyd
  engine B: 79af8639f57bfa50 full_span=None C:\Users\tomhe\Documents\flipjump-151\flipjump\interpreter\_fjcore.pyd
  pin: cpu2 proc=ok thread=ok prio=high   yardstick median 3.47G
  ledger  : appended to scratchpad\12m\msframe_ledger.jsonl
rc=0
