$ python scratchpad/12m/profx/phases.py games_blocked47
game frames: 1000   mean frame 13,035,385 ops (marker 1 to marker 1)

phase                                         ops/frame       %    runs/fr      ops/run
input (8 polls, key decode)                       1,141   0.01%       1.00        1,141
doors                                             1,879   0.01%       1.00        1,879
move / turn                                      21,660   0.17%       1.00       21,660
collision                                       128,977   0.99%       0.86      149,106
  of which dsccs seed walks                      76,209   0.58%       2.40       31,687
post-move vx/vy                                     320   0.00%       1.00          320
sim.bind_things                                       0   0.00%       0.00            -
  of which ptloc_walk (dirty things)                  0   0.00%       0.00            -
view setup                                        3,677   0.03%       1.00        3,677
eye point location (dsc walk)                    30,985   0.24%       1.00       30,985
render walk, all                             12,573,119  96.45%       1.00   12,573,119
m1_reset                                         98,331   0.75%       1.00       98,331
(glue between phases)                           175,291   1.34%

one player move try = collision / seed walks: 53,628 ops (31,687 of it the seed walk); 2.40 tries/frame

render walk split by owner object (ops/frame):
      3,502,598  27.86%  seg_pass2_leaf
      2,485,074  19.76%  seg_pass1_leaf
      2,447,161  19.46%  seg_pass1_ts_leaf
      1,329,669  10.58%  thing_pass_leaf
        874,770   6.96%  bspcode walk (nodes, pos_leaf, ss code)
        793,582   6.31%  thing_leaf_b
        717,523   5.71%  thing_leaf
        209,817   1.67%  vpb bands-as-code (plane bands)
         82,391   0.66%  bad/padding
         66,399   0.53%  bbgate_leaf
         61,351   0.49%  segconsts (per-seg/thing const blocks)
          2,776   0.02%  banks tail (vql/vqh, yslope, zlight)
              0   0.00%  banks head (vars, sprbkt tables)
rc=0
