$ python scratchpad/12m/poolmap.py --fjm build/doom_e1m1_blocked31.fjm --heat scratchpad/12m/heat_blocked27_p14.json.gz
FJM    w=32  segments=344031  data=36,657,086 words (27.31% of 2^27)  span=90,569,312 words (67.48%)  file=26,614,031 bytes
       segment table sums to the payload: yes (36,657,086 words)
SPLIT  below word 50,331,648: 1 segment, 23,999,976 payload words, ending at word 23,999,976
       in the pool   : 344,030 segments, 12,657,110 payload words, words 50,331,648..90,569,312
GAP    program end -> pool base: 26,331,672 words
POOL   base word 50,331,648, window ends word 134,217,727 (--pool-base 0x60000000 --span-bits 0x9fffffe0); 43,648,415 words of the window above the image
  counts cache HIT: 17,871 groups, 342,750 tables (skipping the counting assembly)
HEAT   scratchpad/12m/heat_blocked27_p14.json.gz: 20 hot groups placed first (0 missing, 0 ambiguous) -- the rest biggest-first
BLOCKS 17,871 of 17,871 groups placed (0 broken); demand 39,359,072 words, extent 40,237,664 words, capacity 83,886,079 words (46.9% used)
       demand == extent, i.e. no hole in front of any block: NO
       extent == the image's span above the pool base, i.e. the image ends at the allocator's cursor: yes
HOLES  extent - demand = 878,592 words in front of blocks (the hot groups go first, in heat order, not biggest-first)
PAD    39,359,072 - 12,657,110 = 26,701,962 words INSIDE the blocks, by mechanism:
       block power-of-two round-up         7,565,536 words   28.3%  (--width-buckets only)
       alignment between buckets                   0 words    0.0%  (structurally 0)
       unused slots                       19,002,400 words   71.2%  (count rounded up, times --spread)
       slot width + declined tables          134,026 words    0.5%
       the four terms sum to the pad: yes
SUM    span - data = 90,569,312 - 36,657,086 = 53,912,226 = 26,331,672 gap + 26,701,962 pad + 878,592 holes: yes
rc=0
