$ python scratchpad/12m/msframe.py --a build/doom_e1m1_blocked30.fjm --b build/doom_e1m1_blocked31.fjm --note ...
machine : power plan 'Turbo'; busy processes: none
msframe : A=doom_e1m1_blocked30.fjm B=doom_e1m1_blocked31.fjm, 200 game frames, 5 reps, cpu 2, resolution 3%
  rep 0  A         62.6 ms   234.5M fj/s  yard 3.61->3.58G   |  B         61.6 ms   234.2M fj/s  yard 3.63->3.64G
  rep 1  A         62.5 ms   234.9M fj/s  yard 3.65->3.64G   |  B         63.0 ms   229.2M fj/s  yard 3.58->3.64G
  rep 2  A         62.3 ms   235.7M fj/s  yard 3.61->3.65G   |  B         61.1 ms   236.2M fj/s  yard 3.62->3.58G
  rep 3  A         61.9 ms   237.0M fj/s  yard 3.46->3.64G   |  B         62.6 ms   230.8M fj/s  yard 3.65->3.66G
  rep 4  A         62.8 ms   233.6M fj/s  yard 3.61->3.65G   |  B         61.6 ms   234.5M fj/s  yard 3.60->3.62G

  A        median    62.5 ms/frame  [61.9 .. 62.8]    234.9M fj/s   14,677,635 ops/frame   cell=4 flat
  B        median    61.6 ms/frame  [61.1 .. 63.0]    234.2M fj/s   14,436,650 ops/frame   cell=4 flat

  pixels identical across arms and reps : YES
  ops identical across arms             : no   (expected when the arms are different binaries; not when they are one engine A/B)
  per-pair A/B ms ratio                 : 1.016 0.992 1.019 0.990 1.020
  median ratio                          : 1.016  (>1 = B faster)
  VERDICT: NOT SEPARATED   (rule: all 5 pairs agree in sign AND |median ratio - 1| > 3%)
  engine A: 79af8639f57bfa50 full_span=None C:\Users\tomhe\Documents\flipjump-151\flipjump\interpreter\_fjcore.pyd
  engine B: 79af8639f57bfa50 full_span=None C:\Users\tomhe\Documents\flipjump-151\flipjump\interpreter\_fjcore.pyd
  pin: cpu2 proc=ok thread=ok prio=high   yardstick median 3.63G
  ledger  : appended to scratchpad\12m\msframe_ledger.jsonl
rc=0
