$ python scratchpad/gp/b0_scenarios.py --file scratchpad/gp/scenarios/combat_scenarios_v2.json --fjm build/doom_e1m1_blocked31.fjm --labels scratchpad/12m/atlas/blocked31.labels.tsv.gz --pixel-every 1 --proxy --json docs/ship-evidence/blocked31_b0_v2.json
  model replays: 11 runs reproduce the set's poses (6 s, outside the lock)
b0_scenarios: doom_e1m1_blocked31.fjm sha256 773b840ca044e39b | set combat_scenarios_v2.json (11 runs, keys 94d0e3c7cb37d580) | startup+menu 208,344 ops (exact)
  run                   avg (exact)  p50 +-2^18         p80         max  state     pixels    cam  dr sonl
  R0-west-hall           18,631,471  18,612,224  19,660,800  20,709,376  100/100   100/100     0   1   50
  R0-aftermath           17,030,703  17,301,504  18,350,080  25,165,824  100/100   100/100     0   0   12
  R0-south-hall          12,469,274  13,107,200  13,893,632  15,466,496  100/100   100/100     0   0   16
  R0-imp-court           15,520,622  15,466,496  17,039,360  19,922,944  100/100   100/100     0   0   20
  R0-northwest            9,742,979   9,961,472  10,223,616  10,747,904  100/100   100/100     0   0   72
  R0-courtyard           15,746,648  15,990,784  16,777,216  19,660,800  100/100   100/100     0   0   17
  R2-barrel-hall         12,860,271  12,845,056  13,107,200  13,631,488  100/100   100/100     0   0   36
  R2-spectre-corridor    11,143,759  11,272,192  11,534,336  12,582,912  100/100   100/100     0   0   59
  R2-east-yard           13,381,500  14,155,776  15,466,496  18,350,080  100/100   100/100     0   0   14
  R3-west                 7,667,893   7,864,320   9,437,184  15,466,496  100/100   100/100     0   0   31
  R3-mid                 10,314,084  10,485,760  10,485,760  12,058,624  100/100   100/100     0   0   63
  B0 BINDING (mean + p80)/2 over 11 runs: 14,441,924 ops/frame   (mean 13,137,200, p80 run R0-courtyard = 15,746,648)
  per-frame maximum: 25,165,824 ops (+/- 2^18) in R0-aftermath; run averages 7,667,892 .. 18,631,471; headroom to 22M: 7,558,076
  STRAFE UNDERCOUNT (--proxy: each strafe-only frame given a forward step into the same landing):
    R0-west-hall         +8,058,271 ops over 50 strafe-only frames = 161,165 per frame; state 100/100; picture identical: True
    R0-aftermath         +2,039,833 ops over 12 strafe-only frames = 169,986 per frame; state 100/100; picture identical: True
    R0-south-hall        +2,268,613 ops over 16 strafe-only frames = 141,788 per frame; state 100/100; picture identical: True
    R0-imp-court         +2,141,011 ops over 20 strafe-only frames = 107,051 per frame; state 100/100; picture identical: True
    R0-northwest         +8,401,390 ops over 72 strafe-only frames = 116,686 per frame; state 100/100; picture identical: True
    R0-courtyard         +2,576,470 ops over 17 strafe-only frames = 151,557 per frame; state 100/100; picture identical: True
    R2-barrel-hall       +2,999,977 ops over 36 strafe-only frames = 83,333 per frame; state 100/100; picture identical: True
    R2-spectre-corridor  +6,209,368 ops over 59 strafe-only frames = 105,244 per frame; state 100/100; picture identical: True
    R2-east-yard         +3,053,784 ops over 14 strafe-only frames = 218,127 per frame; state 100/100; picture identical: True
    R3-west              +3,130,885 ops over 31 strafe-only frames = 100,996 per frame; state 100/100; picture identical: True
    R3-mid               +7,064,620 ops over 63 strafe-only frames = 112,137 per frame; state 100/100; picture identical: True
    binding with the collision tic on strafe-only frames: 14,476,599 (B0 + 34,675); 122,934 ops per strafe-only frame over 390 frames
B0 OK
rc=0
