# flipjump: the installed editable 1.5.1 at C:/Users/tomhe/Documents/flipjump-151, bc8ee63; doom m7-collision-cells e5e7f94
$ python scratchpad/12m/build_labeled.py --labels scratchpad/12m/atlas/blocked29.labels.tsv.gz -- game --out build/doom_e1m1_blocked29.fjm --pool-base 0x60000000 --span-bits 0x9fffffe0 --pin-state-cells --merge-aliases --spread 2 --spread-min-count 256 --max-slot-ops 512 --pin-broken --width-buckets --counts-cache scratchpad/12m/_counts_game.json.gz --pin-heat scratchpad/12m/heat_blocked27.json.gz
label spy armed -> scratchpad/12m/atlas/blocked29.labels.tsv.gz
build: build_blocked.py game --out build/doom_e1m1_blocked29.fjm --pool-base 0x60000000 --span-bits 0x9fffffe0 --pin-state-cells --merge-aliases --spread 2 --spread-min-count 256 --max-slot-ops 512 --pin-broken --width-buckets --counts-cache scratchpad/12m/_counts_game.json.gz --pin-heat scratchpad/12m/heat_blocked27.json.gz
blocking: pool base 0x60000000, span 0x9fffffe0
pin-heat: scratchpad/12m/heat_blocked27.json.gz (sha256 e02565e1fe75d184...): 20 hot groups, 35,894 hot sites
macros allowed: hex.double_exact_xor, hex.exact_xor, hex.quadrupled_exact_xor, hex.shifts.shl_bit_once, hex.shifts.shr_bit_once, hex.sparse_double_exact_xor, hex.sparse_exact_xor, hex.triple_exact_xor, sim.jump16
pid bake: 222 pairs baked, 255 addressable at PID_NIBBLES=2
  counts cache is for a DIFFERENT program -- recounting
labels -> scratchpad/12m/atlas/blocked29.labels.tsv.gz  (1,809,885 labels)
  alias: 3,224 groups merged into 17,611 (was 20,835)
  counts cached to scratchpad/12m/_counts_game.json.gz
  width waste: 8,825,456 ops allocated = 6,228,207 real + 458,289 width-pad + 2,138,960 count-pad
  MIXED groups (widest > 2x most-common): 303 groups, 2,529 tables; splitting them by width would free up to 121,392 ops of pool
             3,552 ops  ((trb_tbl_p + 64) + 32)                      n=74      common=16    widest=48
             2,352 ops  ((f13:l1978:sim.thing_pass(3)---f10:l553:sim n=49      common=16    widest=48
             2,016 ops  ((tsf_sfslot_p + 64) + 32)                   n=42      common=16    widest=48
             1,824 ops  ((f13:l1978:sim.thing_pass(3)---f10:l553:sim n=38      common=16    widest=48
             1,824 ops  ((f13:l1940:sim.bind_things(3)---pptr + 64)  n=38      common=16    widest=48
  counting pass: 20,835 groups, 337,465 tables, 2060s
  PREFLIGHT: demand 39,257,248 words, capacity 83,886,079 words (46.8% used); 17,611 of 17,611 groups placed
  pin-heat: {'hot_groups': 20, 'hot_groups_missing': 0, 'hot_groups_ambiguous': 0, 'hot_sites_listed': 35894, 'hot_sites_matched': 0, 'hot_sites_width_changed': 0}
  pin-exclude: 2,004 BYTE-cell words only (m1.zerobyte jumps through them); nibble state cells ARE pinned
  pin-heat: 20 of 20 hot words pinned
labels -> scratchpad/12m/atlas/blocked29.labels.tsv.gz  (1,809,885 labels)
  reset: stripping the block base from 17,611 pinned words before the LUT test
  pin-heat: {'hot_groups': 20, 'hot_groups_missing': 0, 'hot_groups_ambiguous': 0, 'hot_sites_listed': 35894, 'hot_sites_matched': 0, 'hot_sites_width_changed': 0}
  pin-heat: 20 of 20 hot words pinned
labels -> scratchpad/12m/atlas/blocked29.labels.tsv.gz  (1,829,110 labels)
{
  "map": "E1M1",
  "downscale": 2,
  "storage_mode": "flat",
  "span_words": 90467488,
  "flat_limit": 134217728,
  "headroom": 1.484,
  "fjm_bytes": 26446278,
  "assemble_seconds": 7431.017,
  "tier": "lines/W1R/FT1+plane_near",
  "features": {
    "wall_noise": true,
    "sky": true,
    "steps": true,
    "things": true,
    "stack_steps": true,
    "bbox_cull": true,
    "deg": true,
    "player_sim": true,
    "collide": true,
    "moving_things": true,
    "state_wire": "bin",
    "self_reset": true,
    "standalone": true,
    "doors": true,
    "menu": true
  },
  "self_reset": {
    "nibble_cells": 5103,
    "byte_cells": 1002,
    "persisted_labels": [
      "viewx",
      "viewy",
      "viewangle",
      "kb_f",
      "kb_b",
      "kb_l",
      "kb_r",
      "kb_u",
      "mode",
      "dstate",
      "ddir",
      "dsub",
      "dwait"
    ],
    "restore_set": "C:\\Users\\tomhe\\Documents\\doom-m7b\\src\\doomfj\\data\\m5_restore_set.json.gz",
    "labels_moved_in_set": 0,
    "values_changed_in_set": 0,
    "baked_cells_value_checked": 12400,
    "view_w": 160,
    "subsectors": 682
  }
}

assemblies: 2; blocked per assembly: 337,465, 339,184
  block bases agree across all 2 assemblies (17,611 shared groups)
pin conflicts (aliased source-word expressions, un-pinned): 0
runtime-reserved words skipped (stl.IO etc): 0
declines by reason: no-block 5,103, too-wide 0, overflow 2,289
broken groups: 2 of 17,611 (these lose their pin for ALL their tables); evicted 0
pin-heat after the last assembly: {'hot_groups': 20, 'hot_groups_missing': 0, 'hot_groups_ambiguous': 0, 'hot_sites_listed': 35894, 'hot_sites_matched': 14198, 'hot_sites_width_changed': 0}
blocked: 339,184 tables in 17,611 groups; declined 7,392; ungrouped 0
total 7893s
done in 7894s; labels at scratchpad/12m/atlas/blocked29.labels.tsv.gz
rc=0
