$ python scratchpad/gp/b0_scenarios.py --file scratchpad/gp/scenarios/combat_scenarios_v2.json --fjm build/doom_e1m1_blocked30.fjm --labels scratchpad/12m/atlas/blocked30.labels.tsv.gz --pixel-every 1 --proxy --json docs/ship-evidence/blocked30_b0_v2.json
  model replays: 11 runs reproduce the set's poses (7 s, outside the lock)
b0_scenarios: doom_e1m1_blocked30.fjm sha256 0dd3806016af68cd | set combat_scenarios_v2.json (11 runs, keys 94d0e3c7cb37d580) | startup+menu 208,144 ops (exact)
  run                   avg (exact)  p50 +-2^18         p80         max  state     pixels    cam  dr sonl
  R0-west-hall           19,172,897  19,136,512  20,185,088  21,495,808  100/100   100/100     0   1   50
  R0-aftermath           17,688,871  17,825,792  19,398,656  25,427,968  100/100   100/100     0   0   12
  R0-south-hall          12,786,932  13,631,488  14,417,920  15,728,640  100/100   100/100     0   0   16
  R0-imp-court           16,034,128  15,990,784  17,825,792  20,971,520  100/100   100/100     0   0   20
  R0-northwest           10,112,294  10,223,616  10,747,904  11,272,192  100/100   100/100     0   0   72
  R0-courtyard           16,473,588  16,777,216  17,825,792  20,185,088  100/100   100/100     0   0   17
  R2-barrel-hall         13,486,265  13,369,344  13,893,632  14,417,920  100/100   100/100     0   0   36
  R2-spectre-corridor    11,418,644  11,534,336  11,796,480  12,845,056  100/100   100/100     0   0   59
  R2-east-yard           13,925,556  14,942,208  15,990,784  19,398,656  100/100   100/100     0   0   14
  R3-west                 7,953,225   8,126,464   9,961,472  16,252,928  100/100   100/100     0   0   31
  R3-mid                 10,659,020  10,747,904  11,010,048  12,582,912  100/100   100/100     0   0   63
  B0 BINDING (mean + p80)/2 over 11 runs: 15,041,859 ops/frame   (mean 13,610,129, p80 run R0-courtyard = 16,473,588)
  per-frame maximum: 25,427,968 ops (+/- 2^18) in R0-aftermath; run averages 7,953,225 .. 19,172,896; headroom to 22M: 6,958,141
  STRAFE UNDERCOUNT (--proxy: each strafe-only frame given a forward step into the same landing):
    R0-west-hall         +8,095,669 ops over 50 strafe-only frames = 161,913 per frame; state 100/100; picture identical: True
    R0-aftermath         +2,047,541 ops over 12 strafe-only frames = 170,628 per frame; state 100/100; picture identical: True
    R0-south-hall        +2,334,445 ops over 16 strafe-only frames = 145,903 per frame; state 100/100; picture identical: True
    R0-imp-court         +2,176,113 ops over 20 strafe-only frames = 108,806 per frame; state 100/100; picture identical: True
    R0-northwest         +8,612,964 ops over 72 strafe-only frames = 119,624 per frame; state 100/100; picture identical: True
    R0-courtyard         +2,640,316 ops over 17 strafe-only frames = 155,313 per frame; state 100/100; picture identical: True
    R2-barrel-hall       +3,069,873 ops over 36 strafe-only frames = 85,274 per frame; state 100/100; picture identical: True
    R2-spectre-corridor  +6,355,284 ops over 59 strafe-only frames = 107,717 per frame; state 100/100; picture identical: True
    R2-east-yard         +3,078,470 ops over 14 strafe-only frames = 219,891 per frame; state 100/100; picture identical: True
    R3-west              +3,211,115 ops over 31 strafe-only frames = 103,584 per frame; state 100/100; picture identical: True
    R3-mid               +7,252,336 ops over 63 strafe-only frames = 115,116 per frame; state 100/100; picture identical: True
    binding with the collision tic on strafe-only frames: 15,077,276 (B0 + 35,417); 125,318 ops per strafe-only frame over 390 frames
B0 OK
rc=0
