$ python scratchpad/12m/pinreport.py --fjm build/doom_e1m1_blocked40.fjm --labels scratchpad/12m/atlas/blocked40.labels.tsv.gz --counts-cache scratchpad/12m/_counts_game.json.gz --heat scratchpad/12m/heat_blocked27_p31.json.gz --build-log docs/ship-evidence/blocked40_build.log
hot words carried through the heat list's 4 rename(s): sim.thing_pass 3->7, sim.thing_load 4->7, frame.thing_load_cold 4->5, frame.thing_record_body 24->28
pin report: doom_e1m1_blocked40.fjm against the hot list of doom_e1m1_blocked27.fjm (20 words, profiled on games)
rank status               pc(b)   ref pc        tables dispatch/fr  source word
   1 PINNED                   2        2 60,261/60,261     139,824  (hex.tables.res + 32)
   2 PINNED, BASE MOVED       1        3       194/194       6,608  ((hex.pointers.to_ptr_var + 128) + 32)
   3 PINNED, BASE MOVED       2        3       175/175       6,608  ((hex.pointers.to_ptr_var + 192) + 32)
   4 PINNED, BASE MOVED       2        4       175/175       6,608  ((hex.pointers.to_ptr_var + 256) + 32)
   5 PINNED, BASE MOVED       3        3       120/120       4,146  ((hex.pointers.to_ptr_var + 320) + 32)
   6 PINNED, BASE MOVED       2        5       194/194       6,608  ((hex.pointers.to_ptr_var + 64) + 32)
   7 PINNED, BASE MOVED       3        4   2,495/1,855      19,383  ((hex.pointers.read_byte + 0) + 32)
   8 PINNED, BASE MOVED       3        5   2,474/1,834      17,436  ((hex.pointers.read_byte + 64) + 32)
   9 PINNED, BASE MOVED       4        4       120/120       4,146  ((hex.pointers.to_ptr_var + 384) + 32)
  10 PINNED, BASE MOVED       2        2       194/194       6,608  ((hex.pointers.to_ptr_var + 0) + 32)
  11 PINNED, BASE MOVED       3        4   2,926/2,926       2,873  ((ecl_cmidx + 0) + 32)
  12 PINNED, BASE MOVED       3        1   5,657/5,657       3,768  (((ecl_cmidx + 128) + 0) + 32)
  13 PINNED, BASE MOVED       2       12         14/14       1,669 *((f13:l11346:sim.thing_pass(7)---hp + 128) + 32)
  14 UNRESOLVED               -        8             -       2,540  ((f13:l2214:frame.seg_pass2_leaf_body_lines(27)---f5:l2625:strea
  15 PINNED, BASE MOVED       3        5   2,926/2,926       2,873  ((ecl_cmidx + 64) + 32)
  16 PINNED, BASE MOVED       3        8         14/14       1,669 *((f13:l11346:sim.thing_pass(7)---hp + 64) + 32)
  17 PINNED, BASE MOVED       4        4       120/120       4,146  ((hex.pointers.to_ptr_var + 448) + 32)
  18 PINNED, BASE MOVED       4        6         34/34       1,397  ((tsf_sfslot_p + 128) + 32)
  19 PINNED, BASE MOVED       5       12         14/14       1,669 *((f13:l11346:sim.thing_pass(7)---hp + 192) + 32)
  20 PINNED, BASE MOVED       3        2   5,657/5,657       3,768  (((ecl_cmidx + 128) + 64) + 32)

hot words pinned: 19 of 20; lost 0; unresolved 1; base moved 18; mismatch vs the counts cache 0
(* 3 hot word(s) re-keyed: their label moved, and this build has exactly one label with the same heat key -- the name flipjump's pool matched them by)
ESTIMATE (not measured): the lost pins cost ~40,651 ops/frame at the reference dispatch rates
pool (build log): declines no-block 2,536, too-wide 0, overflow 0
pool (build log): broken groups 0 of 24,336 (a broken group un-pins every table in it unless --pin-broken)
pool (build log): blocked 371,471 tables in 24,336 groups; declined 2,536; ungrouped 0
pool (build log): preflight demand 40,803,200 of 83,886,079 words (48.6% used); 24,336 of 24,336 groups placed
rc=1
