$ python scratchpad/12m/profx/phases.py games_blocked53
game frames: 1000   mean frame 11,598,383 ops (marker 1 to marker 1)

phase                                         ops/frame       %    runs/fr      ops/run
input (8 polls, key decode)                       1,168   0.01%       1.00        1,168
doors                                             1,859   0.02%       1.00        1,859
move / turn                                      21,855   0.19%       1.00       21,855
collision                                       200,387   1.73%       0.86      231,661
  of which dsccs seed walks                      65,616   0.57%       2.19       29,948
post-move vx/vy                                   7,131   0.06%       1.00        7,131
sim.bind_things                                       0   0.00%       0.00            -
  of which ptloc_walk (dirty things)                  0   0.00%       0.00            -
view setup                                        3,565   0.03%       1.00        3,565
eye point location (dsc walk)                    29,827   0.26%       1.00       29,827
render walk, all                             10,887,743  93.87%       1.00   10,887,743
m1_reset                                         97,396   0.84%       1.00       97,396
(glue between phases)                           347,449   3.00%

one player move try = collision / seed walks: 91,459 ops (29,948 of it the seed walk); 2.19 tries/frame

render walk split by owner object (ops/frame):
      3,335,764  30.64%  seg_pass2_leaf
      2,332,750  21.43%  seg_pass1_ts_leaf
      1,879,894  17.27%  seg_pass1_leaf
      1,066,554   9.80%  thing_pass_leaf
        669,670   6.15%  bspcode walk (nodes, pos_leaf, ss code)
        646,559   5.94%  thing_leaf_b
        567,141   5.21%  thing_leaf
        223,964   2.06%  vpb bands-as-code (plane bands)
         62,089   0.57%  aim_record (the aim window leaf)
         50,552   0.46%  segconsts (per-seg/thing const blocks)
         50,035   0.46%  bbgate_leaf
          2,767   0.03%  banks tail (vql/vqh, yslope, zlight)
              0   0.00%  banks head (vars, sprbkt tables)
rc=0
