$ python scratchpad/12m/msframe.py --a C:/Users/tomhe/Documents/doom-m7h/build/doom_e1m1_blocked35.fjm --b build/doom_e1m1_blocked37.fjm --note M7 P2b (after review: two-sided neighbours for the movers): blocked37 vs doom_e1m1_blocked35.fjm
machine : power plan 'Turbo'; busy processes: none
msframe : A=doom_e1m1_blocked35.fjm B=doom_e1m1_blocked37.fjm, 200 game frames, 5 reps, cpu 2, resolution 3%
  rep 0  A         62.1 ms   228.3M fj/s  yard 3.64->3.21G   |  B         61.8 ms   227.9M fj/s  yard 3.52->3.62G
  rep 1  A         61.5 ms   230.5M fj/s  yard 3.64->3.64G   |  B         62.3 ms   226.2M fj/s  yard 3.62->3.48G
  rep 2  A         61.4 ms   231.0M fj/s  yard 3.47->3.62G   |  B         61.2 ms   230.2M fj/s  yard 3.46->3.65G
  rep 3  A         61.6 ms   230.5M fj/s  yard 3.64->3.64G   |  B         61.3 ms   229.9M fj/s  yard 3.45->3.61G
  rep 4  A         61.2 ms   231.8M fj/s  yard 3.60->3.65G   |  B         61.6 ms   228.8M fj/s  yard 3.62->3.60G

  A        median    61.5 ms/frame  [61.2 .. 62.1]    230.5M fj/s   14,185,609 ops/frame   cell=4 flat
  B        median    61.6 ms/frame  [61.2 .. 62.3]    228.8M fj/s   14,091,809 ops/frame   cell=4 flat

  pixels identical across arms and reps : NO  <- speed below is MEANINGLESS
  ops identical across arms             : no   (expected when the arms are different binaries; not when they are one engine A/B)
  per-pair A/B ms ratio                 : 1.005 0.988 1.003 1.004 0.994
  median ratio                          : 1.003  (>1 = B faster)
  VERDICT: NOT SEPARATED   (rule: all 5 pairs agree in sign AND |median ratio - 1| > 3%)
  engine A: 79af8639f57bfa50 full_span=None C:\Users\tomhe\Documents\flipjump-151\flipjump\interpreter\_fjcore.pyd
  engine B: 79af8639f57bfa50 full_span=None C:\Users\tomhe\Documents\flipjump-151\flipjump\interpreter\_fjcore.pyd
  pin: cpu2 proc=ok thread=ok prio=high   yardstick median 3.64G
  ledger  : appended to scratchpad\12m\msframe_ledger.jsonl
rc=0
