$ python scratchpad/12m/msframe.py --a build/doom_e1m1_blocked33.fjm --b build/doom_e1m1_blocked34.fjm --note M7 P2a.1 doors and keys: blocked34 vs doom_e1m1_blocked33.fjm
machine : power plan 'Turbo'; busy processes: none
msframe : A=doom_e1m1_blocked33.fjm B=doom_e1m1_blocked34.fjm, 200 game frames, 5 reps, cpu 2, resolution 3%
  rep 0  A         65.0 ms   217.8M fj/s  yard 3.54->3.55G   |  B         68.2 ms   206.7M fj/s  yard 3.53->3.45G
  rep 1  A         66.1 ms   214.1M fj/s  yard 3.53->3.26G   |  B         67.8 ms   207.7M fj/s  yard 3.53->3.54G
  rep 2  A         62.3 ms   227.4M fj/s  yard 3.58->3.62G   |  B         63.3 ms   222.5M fj/s  yard 3.57->3.61G
  rep 3  A         75.4 ms   187.8M fj/s  yard 3.58->2.90G   |  B         63.2 ms   222.9M fj/s  yard 3.60->3.46G
  rep 4  A         99.0 ms   143.0M fj/s  yard 2.97->2.03G   |  B         99.4 ms   141.7M fj/s  yard 2.55->2.58G

  A        median    66.1 ms/frame  [62.3 .. 99.0]    214.1M fj/s   14,160,111 ops/frame   cell=4 flat
  B        median    67.8 ms/frame  [63.2 .. 99.4]    207.7M fj/s   14,087,664 ops/frame   cell=4 flat

  pixels identical across arms and reps : YES
  ops identical across arms             : no   (expected when the arms are different binaries; not when they are one engine A/B)
  per-pair A/B ms ratio                 : 0.954 0.975 0.983 1.193 0.996
  median ratio                          : 0.983  (>1 = B faster)
  VERDICT: NOT SEPARATED   (rule: all 5 pairs agree in sign AND |median ratio - 1| > 3%)
  engine A: 79af8639f57bfa50 full_span=None C:\Users\tomhe\Documents\flipjump-151\flipjump\interpreter\_fjcore.pyd
  engine B: 79af8639f57bfa50 full_span=None C:\Users\tomhe\Documents\flipjump-151\flipjump\interpreter\_fjcore.pyd
  pin: cpu2 proc=ok thread=ok prio=high   yardstick median 3.53G
  ledger  : appended to scratchpad\12m\msframe_ledger.jsonl
rc=0
