$ python scratchpad/12m/msframe.py --a build/doom_e1m1_blocked32.fjm --b build/doom_e1m1_blocked33.fjm --note M7 P1.6 native-list sprite bank: blocked33 vs doom_e1m1_blocked32.fjm
machine : power plan 'Turbo'; busy processes: none
msframe : A=doom_e1m1_blocked32.fjm B=doom_e1m1_blocked33.fjm, 200 game frames, 5 reps, cpu 2, resolution 3%
  rep 0  A         70.3 ms   200.6M fj/s  yard 3.53->3.50G   |  B         69.4 ms   204.1M fj/s  yard 3.50->3.58G
  rep 1  A         69.4 ms   203.2M fj/s  yard 3.31->3.52G   |  B         69.5 ms   203.7M fj/s  yard 3.49->3.52G
  rep 2  A         70.9 ms   198.9M fj/s  yard 3.41->3.52G   |  B         70.3 ms   201.5M fj/s  yard 3.47->3.56G
  rep 3  A         69.1 ms   204.0M fj/s  yard 3.55->3.55G   |  B         68.2 ms   207.5M fj/s  yard 3.56->3.24G
  rep 4  A         70.1 ms   201.2M fj/s  yard 3.54->3.55G   |  B         69.9 ms   202.7M fj/s  yard 3.45->3.55G

  A        median    70.1 ms/frame  [69.1 .. 70.9]    201.2M fj/s   14,107,763 ops/frame   cell=4 flat
  B        median    69.5 ms/frame  [68.2 .. 70.3]    203.7M fj/s   14,160,111 ops/frame   cell=4 flat

  pixels identical across arms and reps : NO  <- speed below is MEANINGLESS
  ops identical across arms             : no   (expected when the arms are different binaries; not when they are one engine A/B)
  per-pair A/B ms ratio                 : 1.014 0.999 1.009 1.013 1.004
  median ratio                          : 1.009  (>1 = B faster)
  VERDICT: NOT SEPARATED   (rule: all 5 pairs agree in sign AND |median ratio - 1| > 3%)
  engine A: 79af8639f57bfa50 full_span=None C:\Users\tomhe\Documents\flipjump-151\flipjump\interpreter\_fjcore.pyd
  engine B: 79af8639f57bfa50 full_span=None C:\Users\tomhe\Documents\flipjump-151\flipjump\interpreter\_fjcore.pyd
  pin: cpu2 proc=ok thread=ok prio=high   yardstick median 3.53G
  ledger  : appended to scratchpad\12m\msframe_ledger.jsonl
rc=0
