$ python scratchpad/12m/poolmap.py --fjm build/doom_e1m1_blocked43.fjm --heat scratchpad/12m/heat_blocked27_p32a.json.gz
FJM    w=32  segments=389173  data=39,787,510 words (29.64% of 2^27)  span=93,094,240 words (69.36%)  file=29,575,173 bytes
       segment table sums to the payload: yes (39,787,510 words)
SPLIT  below word 50,331,648: 1 segment, 25,576,624 payload words, ending at word 25,576,624
       in the pool   : 389,172 segments, 14,210,886 payload words, words 50,331,648..93,094,240
GAP    program end -> pool base: 24,755,024 words
POOL   base word 50,331,648, window ends word 134,217,727 (--pool-base 0x60000000 --span-bits 0x9fffffe0); 41,123,487 words of the window above the image
  counts cache HIT: 25,184 groups, 387,892 tables (skipping the counting assembly)
HEAT   scratchpad/12m/heat_blocked27_p32a.json.gz: 20 hot groups placed first (0 missing, 0 ambiguous) -- the rest biggest-first
BLOCKS 25,184 of 25,184 groups placed (0 broken); demand 42,015,072 words, extent 42,762,592 words, capacity 83,886,079 words (50.1% used)
       demand == extent, i.e. no hole in front of any block: NO
       extent == the image's span above the pool base, i.e. the image ends at the allocator's cursor: yes
HOLES  extent - demand = 747,520 words in front of blocks (the hot groups go first, in heat order, not biggest-first)
PAD    42,015,072 - 14,210,886 = 27,804,186 words INSIDE the blocks, by mechanism:
       block power-of-two round-up         7,746,592 words   27.9%  (--width-buckets only)
       alignment between buckets                   0 words    0.0%  (structurally 0)
       unused slots                       19,911,200 words   71.6%  (count rounded up, times --spread)
       slot width + declined tables          146,394 words    0.5%
       the four terms sum to the pad: yes
SUM    span - data = 93,094,240 - 39,787,510 = 53,306,730 = 24,755,024 gap + 27,804,186 pad + 747,520 holes: yes
rc=0
