$ python scratchpad/12m/msframe.py --a build/doom_e1m1_blocked25.fjm --b build/doom_e1m1_blocked27.fjm --note "the ship gate's step 2 in one session: blocked27 (both leads) against blocked25, the binary it replaces"
# start 2026-09-25 22:43:21
machine : power plan 'Turbo'; busy processes: none
msframe : A=doom_e1m1_blocked25.fjm B=doom_e1m1_blocked27.fjm, 200 game frames, 5 reps, cpu 2, resolution 3%
  rep 0  A         82.0 ms   242.2M fj/s  yard 3.65->3.65G   |  B         74.8 ms   243.7M fj/s  yard 3.65->3.48G
  rep 1  A         81.2 ms   244.5M fj/s  yard 3.63->3.63G   |  B         74.7 ms   244.0M fj/s  yard 3.63->3.65G
  rep 2  A         80.7 ms   246.0M fj/s  yard 3.65->3.65G   |  B         74.7 ms   243.8M fj/s  yard 3.61->3.65G
  rep 3  A         80.7 ms   245.9M fj/s  yard 3.48->3.65G   |  B         74.4 ms   244.8M fj/s  yard 3.65->3.63G
  rep 4  A         81.0 ms   245.2M fj/s  yard 3.65->3.65G   |  B         75.0 ms   242.9M fj/s  yard 3.63->3.66G

  A        median    81.0 ms/frame  [80.7 .. 82.0]    245.2M fj/s   19,855,016 ops/frame   cell=4 flat
  B        median    74.7 ms/frame  [74.4 .. 75.0]    243.8M fj/s   18,221,696 ops/frame   cell=4 flat

  pixels identical across arms and reps : YES
  ops identical across arms             : no   (expected when the arms are different binaries; not when they are one engine A/B)
  per-pair A/B ms ratio                 : 1.096 1.087 1.080 1.085 1.079
  median ratio                          : 1.085  (>1 = B faster)
  VERDICT: B FASTER   (rule: all 5 pairs agree in sign AND |median ratio - 1| > 3%)
  engine A: 79af8639f57bfa50 full_span=None C:\Users\tomhe\Documents\flipjump-151\flipjump\interpreter\_fjcore.pyd
  engine B: 79af8639f57bfa50 full_span=None C:\Users\tomhe\Documents\flipjump-151\flipjump\interpreter\_fjcore.pyd
  pin: cpu2 proc=ok thread=ok prio=high   yardstick median 3.65G
  ledger  : appended to scratchpad\12m\msframe_ledger.jsonl
# exit=0
# end   22:49:22
