$ python scratchpad/12m/msframe.py --a C:/Users/tomhe/Documents/doom-m7j/build/doom_e1m1_blocked40.fjm --b build/doom_e1m1_blocked43.fjm --note "M7 P3.2a wake (the seen rule; the mark re-arms; thseen unpinned; heat p32a): blocked43 vs doom_e1m1_blocked40.fjm"
machine : power plan 'Turbo'; busy processes: none
msframe : A=doom_e1m1_blocked40.fjm B=doom_e1m1_blocked43.fjm, 200 game frames, 5 reps, cpu 2, resolution 3%
  rep 0  A         64.2 ms   225.9M fj/s  yard 3.61->3.64G   |  B         65.3 ms   219.4M fj/s  yard 3.59->3.50G
  rep 1  A         63.3 ms   229.0M fj/s  yard 3.32->3.63G   |  B         63.6 ms   225.4M fj/s  yard 3.63->3.33G
  rep 2  A         65.6 ms   221.0M fj/s  yard 3.62->3.44G   |  B         65.0 ms   220.7M fj/s  yard 3.64->3.61G
  rep 3  A         64.3 ms   225.6M fj/s  yard 3.57->3.64G   |  B         63.6 ms   225.5M fj/s  yard 3.63->3.65G
  rep 4  A         63.4 ms   228.6M fj/s  yard 3.61->3.64G   |  B         63.5 ms   225.8M fj/s  yard 3.63->3.62G

  A        median    64.2 ms/frame  [63.3 .. 65.6]    225.9M fj/s   14,496,297 ops/frame   cell=4 flat
  B        median    63.6 ms/frame  [63.5 .. 65.3]    225.4M fj/s   14,336,652 ops/frame   cell=4 flat

  pixels identical across arms and reps : NO  <- speed below is MEANINGLESS
  ops identical across arms             : no   (expected when the arms are different binaries; not when they are one engine A/B)
  per-pair A/B ms ratio                 : 0.982 0.995 1.010 1.011 0.999
  median ratio                          : 0.999  (>1 = B faster)
  VERDICT: NOT SEPARATED   (rule: all 5 pairs agree in sign AND |median ratio - 1| > 3%)
  engine A: 79af8639f57bfa50 full_span=None C:\Users\tomhe\Documents\flipjump-151\flipjump\interpreter\_fjcore.pyd
  engine B: 79af8639f57bfa50 full_span=None C:\Users\tomhe\Documents\flipjump-151\flipjump\interpreter\_fjcore.pyd
  pin: cpu2 proc=ok thread=ok prio=high   yardstick median 3.61G
  ledger  : appended to scratchpad\12m\msframe_ledger.jsonl
rc=0
