# flipjump: the installed editable 1.5.1 at C:/Users/tomhe/Documents/flipjump-151, 1cd6e0c; doom m7-shoot 3bfe5ed
$ python scratchpad/12m/build_labeled.py --labels scratchpad/12m/atlas/blocked47.labels.tsv.gz -- game --out build/doom_e1m1_blocked47.fjm --pool-base 0x60000000 --span-bits 0x9fffffe0 --pin-state-cells --merge-aliases --spread 2 --spread-min-count 256 --max-slot-ops 512 --pin-broken --width-buckets --counts-cache scratchpad/12m/_counts_game.json.gz --pin-heat scratchpad/12m/heat_blocked27_p42.json.gz
label spy armed -> scratchpad/12m/atlas/blocked47.labels.tsv.gz
build: build_blocked.py game --out build/doom_e1m1_blocked47.fjm --pool-base 0x60000000 --span-bits 0x9fffffe0 --pin-state-cells --merge-aliases --spread 2 --spread-min-count 256 --max-slot-ops 512 --pin-broken --width-buckets --counts-cache scratchpad/12m/_counts_game.json.gz --pin-heat scratchpad/12m/heat_blocked27_p42.json.gz
blocking: pool base 0x60000000, span 0x9fffffe0
pin-heat: scratchpad/12m/heat_blocked27_p42.json.gz (sha256 b307cab74b45b336...): 20 hot groups, 35,894 hot sites
macros allowed: hex.double_exact_xor, hex.exact_xor, hex.quadrupled_exact_xor, hex.shifts.shl_bit_once, hex.shifts.shr_bit_once, hex.sparse_double_exact_xor, hex.sparse_exact_xor, hex.triple_exact_xor, sim.jump16
pid bake: 254 pairs baked, 255 addressable at PID_NIBBLES=2
  counts cache is for a DIFFERENT program -- recounting
labels -> scratchpad/12m/atlas/blocked47.labels.tsv.gz  (2,281,414 labels)
  alias: 6,530 groups merged into 35,102 (was 41,632)
  counts cached to scratchpad/12m/_counts_game.json.gz
  width waste: 13,971,072 ops allocated = 8,671,190 real + 593,210 width-pad + 4,706,672 count-pad
  MIXED groups (widest > 2x most-common): 343 groups, 3,810 tables; splitting them by width would free up to 182,880 ops of pool
             4,896 ops  ((gps_ptr + 64) + 32)                        n=102     common=16    widest=48
             3,360 ops  ((sp_sa + 64) + 32)                          n=70      common=16    widest=48
             3,360 ops  ((sp_sa + 448) + 32)                         n=70      common=16    widest=48
             3,360 ops  ((sp_sa + 384) + 32)                         n=70      common=16    widest=48
             3,360 ops  ((sp_sa + 320) + 32)                         n=70      common=16    widest=48
  counting pass: 41,632 groups, 482,028 tables, 1914s
  PREFLIGHT: demand 47,366,720 words, capacity 83,886,079 words (56.5% used); 35,102 of 35,102 groups placed
  pin-heat: {'hot_groups': 20, 'hot_groups_missing': 0, 'hot_groups_ambiguous': 0, 'hot_sites_listed': 35894, 'hot_sites_matched': 0, 'hot_sites_width_changed': 0}
  pin-exclude: 8,098 words -- the BYTE cells (m1.zerobyte jumps through them) and the pointer-read cells (a raw read takes base + value); the other nibble state cells ARE pinned
  pin-heat: 20 of 20 hot words pinned
labels -> scratchpad/12m/atlas/blocked47.labels.tsv.gz  (2,281,414 labels)
  reset: stripping the block base from 32,873 pinned words before the LUT test
  pin-heat: {'hot_groups': 20, 'hot_groups_missing': 0, 'hot_groups_ambiguous': 0, 'hot_sites_listed': 35894, 'hot_sites_matched': 0, 'hot_sites_width_changed': 0}
  pin-heat: 20 of 20 hot words pinned
labels -> scratchpad/12m/atlas/blocked47.labels.tsv.gz  (2,289,369 labels)
{
  "map": "E1M1",
  "downscale": 2,
  "storage_mode": "flat",
  "span_words": 98439744,
  "flat_limit": 134217728,
  "headroom": 1.363,
  "fjm_bytes": 34979774,
  "assemble_seconds": 6446.339,
  "tier": "lines/W1R/FT1+plane_near",
  "features": {
    "wall_noise": true,
    "sky": true,
    "steps": true,
    "things": true,
    "stack_steps": true,
    "bbox_cull": true,
    "deg": true,
    "player_sim": true,
    "collide": true,
    "moving_things": true,
    "state_wire": "bin",
    "self_reset": true,
    "standalone": true,
    "doors": true,
    "menu": true
  },
  "self_reset": {
    "nibble_cells": 2537,
    "byte_cells": 320,
    "persisted_labels": [
      "viewx",
      "viewy",
      "viewangle",
      "kb_f",
      "kb_b",
      "kb_l",
      "kb_r",
      "kb_u",
      "mode",
      "menu_scr",
      "menu_sel",
      "lvdone",
      "pusedn",
      "kb_sl",
      "kb_sr",
      "kb_fi",
      "kb_w1",
      "kb_w2",
      "kb_w3",
      "kb_w4",
      "dstate",
      "ddir",
      "dsub",
      "dwait",
      "dreq",
      "pcard",
      "wfired",
      "lstate",
      "ldir",
      "lsub",
      "lwait",
      "lreq",
      "fswitch",
      "sshead",
      "thss_rt",
      "thpos_rt",
      "mon_state",
      "mon_tics",
      "mon_facing",
      "mon_active",
      "mon_target",
      "mon_reaction",
      "mon_threshold",
      "mon_movedir",
      "sched_cursor",
      "thseen",
      "mon_movecount",
      "mon_rng",
      "mon_floorz",
      "msec",
      "bar_solid",
      "mh_prev",
      "mon_justattacked",
      "mon_health",
      "mon_shootable",
      "mon_solid",
      "mon_justhit",
      "mon_ambush",
      "snd_alert",
      "hud_v",
      "hud_s",
      "hud_full",
      "wp_rdy",
      "wp_pend",
      "wp_st",
      "wp_tics",
      "wp_sy",
      "fl_st",
      "fl_tics",
      "wp_rf",
      "wp_ad",
      "am_clip",
      "am_shell",
      "wp_own",
      "rng_pl",
      "wp_frm",
      "fl_frm",
      "aim_sid",
      "aim_tz"
    ],
    "restore_set": "C:\\Users\\tomhe\\Documents\\doom-m7r\\src\\doomfj\\data\\m5_restore_set.json.gz",
    "labels_moved_in_set": 0,
    "values_changed_in_set": 0,
    "baked_cells_value_checked": 15198,
    "view_w": 160,
    "subsectors": 682
  }
}

assemblies: 2; blocked per assembly: 482,028, 483,308
  block bases agree across all 2 assemblies (35,102 shared groups)
pin conflicts (aliased source-word expressions, un-pinned): 0
runtime-reserved words skipped (stl.IO etc): 0
declines by reason: no-block 2,537, too-wide 0, overflow 0
broken groups: 0 of 35,102 (these lose their pin for ALL their tables); evicted 0
pin-heat after the last assembly: {'hot_groups': 20, 'hot_groups_missing': 0, 'hot_groups_ambiguous': 0, 'hot_sites_listed': 35894, 'hot_sites_matched': 13080, 'hot_sites_width_changed': 0}
blocked: 483,308 tables in 35,102 groups; declined 2,537; ungrouped 0
total 6886s
done in 6886s; labels at scratchpad/12m/atlas/blocked47.labels.tsv.gz
rc=0
9e4ab7d92ff9649d7ed59b93e2ee17f22a1d430749b6ea33b8cf430efd1a0548 *build/doom_e1m1_blocked47.fjm
