$ python scratchpad/gp/b0_scenarios.py --file scratchpad/gp/scenarios/combat_scenarios_v5.json --fjm build/doom_e1m1_blocked43.fjm --labels scratchpad/12m/atlas/blocked43.labels.tsv.gz --pixel-every 1 --proxy --json docs/ship-evidence/blocked43_b0_v5.json
  model replays: 11 runs reproduce the set's poses (315 s, outside the lock)
b0_scenarios: doom_e1m1_blocked43.fjm sha256 3c3a87d474d975e5 | set combat_scenarios_v5.json (11 runs, keys 794fa332d21c447e) | startup+menu 225,700 ops (exact)
  run                   avg (exact)  p50 +-2^18         p80         max  state     pixels    cam  dr sonl
  R0-west-hall           18,638,445  18,350,080  19,660,800  20,447,232  100/100   100/100     0   0   49
  R0-aftermath           16,627,689  16,777,216  18,087,936  24,641,536  100/100   100/100     0   0   13
  R0-south-hall          12,525,632  13,369,344  13,893,632  15,728,640  100/100   100/100     0   0   16
  R0-imp-court           15,285,355  15,204,352  16,777,216  19,660,800  100/100   100/100     0   1   20
  R0-northwest            9,782,743   9,961,472  10,485,760  11,010,048  100/100   100/100     0   0   74
  R0-courtyard           15,591,088  15,728,640  16,515,072  19,922,944  100/100   100/100     0   0   17
  R2-barrel-hall         13,511,354  13,369,344  13,631,488  17,563,648  100/100   100/100     0   0   36
  R2-spectre-corridor    11,595,257  11,796,480  12,582,912  13,893,632  100/100   100/100     0   0   19
  R2-east-yard           13,120,154  13,369,344  16,777,216  17,563,648  100/100   100/100     0   0   13
  R3-west                 8,370,964   8,126,464  10,747,904  16,252,928  100/100   100/100     0   0   33
  R3-mid                 10,253,420  10,223,616  10,485,760  12,058,624  100/100   100/100     0   0   63
  B0 BINDING (mean + p80)/2 over 11 runs: 14,400,185 ops/frame   (mean 13,209,282, p80 run R0-courtyard = 15,591,088)
  per-frame maximum: 24,641,536 ops (+/- 2^18) in R0-aftermath; run averages 8,370,963 .. 18,638,445; headroom to 22M: 7,599,815
  STRAFE UNDERCOUNT (--proxy: each strafe-only frame given a forward step into the same landing):
    R0-west-hall         +9,083,548 ops over 49 strafe-only frames = 185,379 per frame; state 100/100; picture identical: True
    R0-aftermath         +2,216,925 ops over 13 strafe-only frames = 170,533 per frame; state 100/100; picture identical: True
    R0-south-hall        +2,389,327 ops over 16 strafe-only frames = 149,333 per frame; state 100/100; picture identical: True
    R0-imp-court         +2,262,556 ops over 20 strafe-only frames = 113,128 per frame; state 100/100; picture identical: True
    R0-northwest         +9,166,987 ops over 74 strafe-only frames = 123,878 per frame; state 100/100; picture identical: True
    R0-courtyard         +2,680,697 ops over 17 strafe-only frames = 157,688 per frame; state 100/100; picture identical: True
    R2-barrel-hall       +3,211,326 ops over 36 strafe-only frames = 89,204 per frame; state 100/100; picture identical: True
    R2-spectre-corridor  +2,248,958 ops over 19 strafe-only frames = 118,366 per frame; state 100/100; picture identical: True
    R2-east-yard         +3,005,949 ops over 13 strafe-only frames = 231,227 per frame; state 100/100; picture identical: True
    R3-west              +3,480,635 ops over 33 strafe-only frames = 105,474 per frame; state 100/100; picture identical: True
    R3-mid               +7,444,808 ops over 63 strafe-only frames = 118,172 per frame; state 100/100; picture identical: True
    binding with the collision tic on strafe-only frames: 14,435,039 (B0 + 34,854); 133,688 ops per strafe-only frame over 353 frames
B0 OK
rc=0
