$ python scratchpad/12m/profx/phases.py games29
game frames: 1000   mean frame 12,512,838 ops (marker 1 to marker 1)

phase                                         ops/frame       %    runs/fr      ops/run
input (8 polls, key decode)                         997   0.01%       1.00          997
doors                                             1,578   0.01%       1.00        1,578
move / turn                                       9,500   0.08%       1.00        9,500
collision                                       122,218   0.98%       0.86      141,292
  of which dsccs seed walks                      76,571   0.61%       2.40       31,838
post-move vx/vy                                     308   0.00%       1.00          308
sim.bind_things                                 401,796   3.21%       1.00      401,796
  of which ptloc_walk (dirty things)                  0   0.00%       0.00            -
view setup                                        3,604   0.03%       1.00        3,604
eye point location (dsc walk)                    31,121   0.25%       1.00       31,121
render walk, all                             11,714,758  93.62%       1.00   11,714,758
m1_reset                                        226,935   1.81%       1.00      226,935
(glue between phases)                                18   0.00%

one player move try = collision / seed walks: 50,818 ops (31,838 of it the seed walk); 2.40 tries/frame

render walk split by owner object (ops/frame):
      3,633,525  31.02%  seg_pass2_leaf
      2,402,333  20.51%  seg_pass1_leaf
      2,382,565  20.34%  seg_pass1_ts_leaf
        888,707   7.59%  thing_leaf_b
        882,991   7.54%  bspcode walk (nodes, pos_leaf, ss code)
        614,552   5.25%  thing_pass_leaf
        545,136   4.65%  thing_leaf
        232,052   1.98%  vpb bands-as-code (plane bands)
         66,258   0.57%  bbgate_leaf
         63,367   0.54%  segconsts (per-seg/thing const blocks)
          3,268   0.03%  banks tail (vql/vqh, yslope, zlight)
              0   0.00%  banks head (vars, sprbkt tables)
rc=0
