$ python scratchpad/12m/gamespeed.py --fjm build/doom_e1m1_blocked35.fjm
SIZE: w=32  segments=351427  data=36,524,364 words (27.21% of 2^27)  span=90,736,992 words (67.60%)  file=26,923,014 bytes
calibration: startup + 2 menu frames = 235,882 ops (subtracted from every run)
  run  0: 1,650,751,664 ops / 102 presented -> raw 16,183,839, game-only 16,505,157 ops/frame
  run  1: 685,095,405 ops / 102 presented -> raw 6,716,621, game-only 6,848,595 ops/frame
  run  2: 1,581,451,641 ops / 102 presented -> raw 15,504,427, game-only 15,812,157 ops/frame
  run  3: 1,675,947,720 ops / 102 presented -> raw 16,430,860, game-only 16,757,118 ops/frame
  run  4: 942,463,276 ops / 102 presented -> raw 9,239,836, game-only 9,422,273 ops/frame
  run  5: 1,050,553,090 ops / 102 presented -> raw 10,299,540, game-only 10,503,172 ops/frame
  run  6: 899,533,361 ops / 102 presented -> raw 8,818,954, game-only 8,992,974 ops/frame
  run  7: 894,615,876 ops / 102 presented -> raw 8,770,743, game-only 8,943,799 ops/frame
  run  8: 1,125,977,716 ops / 102 presented -> raw 11,038,997, game-only 11,257,418 ops/frame
  run  9: 1,174,411,734 ops / 102 presented -> raw 11,513,840, game-only 11,741,758 ops/frame

==============================================================================
SPEED  BINDING (mean+p80)/2: 13,745,300 ops/frame   (target <= 20,000,000)  PASS
SPEED  mean run-average   : 11,678,442 ops/frame
SPEED  80th-pct run avg   : 15,812,157 ops/frame
SPEED  spread lo..hi      : 6,848,595 .. 16,757,118 ops/frame
SPEED  raw (menu included): mean 11,451,766, 80th-pct 15,504,427 ops/frame
SIZE   words              : 36,524,364 = 27.21% of 2^27   (target <= 35%)  PASS
SIZE   span / file        : 90,736,992 words (67.60%) / 26,923,014 bytes
==============================================================================
rc=0
