$ python scratchpad/gp/b0_scenarios.py --file scratchpad/gp/scenarios/combat_scenarios_v5.json --fjm build/doom_e1m1_blocked47.fjm --labels scratchpad/12m/atlas/blocked47.labels.tsv.gz --pixel-every 1 --proxy --json docs/ship-evidence/blocked47_b0_v5.json
  model replays: 11 runs reproduce the set's poses (181 s, outside the lock)
b0_scenarios: doom_e1m1_blocked47.fjm sha256 9e4ab7d92ff9649d | set combat_scenarios_v5.json (11 runs, keys 794fa332d21c447e) | startup+menu 225,145 ops (exact)
  run                   avg (exact)  p50 +-2^18         p80         max  state     pixels    cam  dr sonl
  R0-west-hall           20,056,500  19,922,944  21,233,664  22,544,384  100/100   100/100     0   0   49
  R0-aftermath           18,101,570  18,350,080  19,922,944  25,427,968  100/100   100/100     0   7   13
  R0-south-hall          13,813,895  14,942,208  15,728,640  16,777,216  100/100   100/100     0   0   16
  R0-imp-court           17,041,398  17,039,360  18,350,080  21,757,952  100/100   100/100     0   0   20
  R0-northwest           10,541,059  10,747,904  11,272,192  11,796,480  100/100   100/100     0   0   74
  R0-courtyard           17,347,943  17,825,792  18,874,368  21,495,808  100/100   100/100     0   0   17
  R2-barrel-hall         14,738,943  14,680,064  15,204,352  18,874,368  100/100   100/100     0   0   36
  R2-spectre-corridor    12,562,989  12,845,056  13,631,488  14,155,776  100/100   100/100     0   0   19
  R2-east-yard           14,139,313  14,155,776  18,350,080  20,447,232  100/100   100/100     0   0   13
  R3-west                 8,518,126   8,126,464  11,534,336  17,039,360  100/100   100/100     0   0   33
  R3-mid                 11,036,701  11,010,048  11,534,336  13,107,200  100/100   100/100     0   0   63
  B0 BINDING (mean + p80)/2 over 11 runs: 15,851,173 ops/frame   (mean 14,354,403, p80 run R0-courtyard = 17,347,943)
  per-frame maximum: 25,427,968 ops (+/- 2^18) in R0-aftermath; run averages 8,518,126 .. 20,056,499; headroom to 22M: 6,148,827
  STRAFE UNDERCOUNT (--proxy: each strafe-only frame given a forward step into the same landing):
    R0-west-hall         +9,737,963 ops over 49 strafe-only frames = 198,734 per frame; state 100/100; picture identical: True
    R0-aftermath         +2,388,195 ops over 13 strafe-only frames = 183,707 per frame; state 100/100; picture identical: True
    R0-south-hall        +2,577,192 ops over 16 strafe-only frames = 161,074 per frame; state 100/100; picture identical: True
    R0-imp-court         +2,500,356 ops over 20 strafe-only frames = 125,018 per frame; state 100/100; picture identical: True
    R0-northwest         +10,284,573 ops over 74 strafe-only frames = 138,981 per frame; state 100/100; picture identical: True
    R0-courtyard         +2,919,598 ops over 17 strafe-only frames = 171,741 per frame; state 100/100; picture identical: True
    R2-barrel-hall       +3,597,615 ops over 36 strafe-only frames = 99,934 per frame; state 100/100; picture identical: True
    R2-spectre-corridor  +2,445,713 ops over 19 strafe-only frames = 128,722 per frame; state 100/100; picture identical: True
    R2-east-yard         +3,206,104 ops over 13 strafe-only frames = 246,623 per frame; state 100/100; picture identical: True
    R3-west              +3,846,404 ops over 33 strafe-only frames = 116,558 per frame; state 100/100; picture identical: True
    R3-mid               +8,364,668 ops over 63 strafe-only frames = 132,773 per frame; state 100/100; picture identical: True
    binding with the collision tic on strafe-only frames: 15,889,348 (B0 + 38,175); 146,936 ops per strafe-only frame over 353 frames
B0 OK
rc=0
