$ python scratchpad/12m/poolmap.py --fjm build/doom_e1m1_blocked33.fjm --heat scratchpad/12m/heat_blocked27_p14.json.gz
FJM    w=32  segments=349381  data=36,179,196 words (26.96% of 2^27)  span=90,641,792 words (67.53%)  file=26,739,783 bytes
       segment table sums to the payload: yes (36,179,196 words)
SPLIT  below word 50,331,648: 1 segment, 23,355,176 payload words, ending at word 23,355,176
       in the pool   : 349,380 segments, 12,824,020 payload words, words 50,331,648..90,641,792
GAP    program end -> pool base: 26,976,472 words
POOL   base word 50,331,648, window ends word 134,217,727 (--pool-base 0x60000000 --span-bits 0x9fffffe0); 43,575,935 words of the window above the image
  counts cache HIT: 20,246 groups, 348,100 tables (skipping the counting assembly)
HEAT   scratchpad/12m/heat_blocked27_p14.json.gz: 20 hot groups placed first (0 missing, 0 ambiguous) -- the rest biggest-first
BLOCKS 20,246 of 20,246 groups placed (0 broken); demand 39,562,624 words, extent 40,310,144 words, capacity 83,886,079 words (47.2% used)
       demand == extent, i.e. no hole in front of any block: NO
       extent == the image's span above the pool base, i.e. the image ends at the allocator's cursor: yes
HOLES  extent - demand = 747,520 words in front of blocks (the hot groups go first, in heat order, not biggest-first)
PAD    39,562,624 - 12,824,020 = 26,738,604 words INSIDE the blocks, by mechanism:
       block power-of-two round-up         7,561,440 words   28.3%  (--width-buckets only)
       alignment between buckets                   0 words    0.0%  (structurally 0)
       unused slots                       19,040,864 words   71.2%  (count rounded up, times --spread)
       slot width + declined tables          136,300 words    0.5%
       the four terms sum to the pad: yes
SUM    span - data = 90,641,792 - 36,179,196 = 54,462,596 = 26,976,472 gap + 26,738,604 pad + 747,520 holes: yes
rc=0
