# host suite at HEAD 2028a40 + the working tree of this CR round (config.py comment, tests/host/test_hot_pads_block.py); full output
$ bash scripts/test.sh tests/host -p no:cacheprovider
........................................................................ [  6%]
........................................................................ [ 13%]
........................................................................ [ 20%]
........................................................................ [ 27%]
........................................................................ [ 34%]
........................................................................ [ 40%]
........................................................................ [ 47%]
........................................................................ [ 54%]
........................................................................ [ 61%]
........................................................................ [ 68%]
........................................................................ [ 75%]
........................................................................ [ 81%]
................................................xx...................... [ 88%]
........................................................................ [ 95%]
...............................................                          [100%]
============================== warnings summary ===============================
tests/host/test_emitter_call_sites.py::test_every_tracked_caller_passes_keywords_the_emitter_has
tests/host/test_no_decimal_wire.py::test_every_screen_is_fed_the_binary_wire
tests/host/test_oracle_calls_in_step.py::test_every_gate_asks_the_oracle_for_what_it_emits
  <unknown>:1: DeprecationWarning: invalid escape sequence '\_'

-- Docs: https://docs.pytest.org/en/stable/how-to/capture-warnings.html
1053 passed, 1 deselected, 2 xfailed, 3 warnings in 56.74s
# exit=0
