$ python scratchpad/12m/msframe.py --a build/doom_e1m1_blocked28.fjm --against shipped --note "M7 P1.1 pin protection: blocked27 program placed with the heat list (flipjump 1.5.1 bc8ee63)"
machine : power plan 'Turbo'; busy processes: none
against : baseline 'shipped' = build\doom_e1m1_blocked27.fjm (38b09a7331f4f52b), recorded 2026-09-25 22:43:08 at 74.7 ms/frame
msframe : A=doom_e1m1_blocked27.fjm B=doom_e1m1_blocked28.fjm, 200 game frames, 5 reps, cpu 2, resolution 3%
  rep 0  base      75.5 ms   241.2M fj/s  yard 3.65->3.63G   |  change    74.2 ms   227.2M fj/s  yard 3.64->3.65G
  rep 1  base      74.9 ms   243.3M fj/s  yard 3.61->3.63G   |  change    72.8 ms   231.6M fj/s  yard 3.61->3.50G
  rep 2  base      75.2 ms   242.4M fj/s  yard 3.64->3.63G   |  change    73.4 ms   229.8M fj/s  yard 3.62->3.57G
  rep 3  base      74.4 ms   245.0M fj/s  yard 3.64->3.65G   |  change    73.4 ms   229.8M fj/s  yard 3.65->3.64G
  rep 4  base      75.5 ms   241.5M fj/s  yard 3.64->3.60G   |  change    73.1 ms   230.7M fj/s  yard 3.49->3.62G

  base     median    75.2 ms/frame  [74.4 .. 75.5]    242.4M fj/s   18,221,696 ops/frame   cell=4 flat
  change   median    73.4 ms/frame  [72.8 .. 74.2]    229.8M fj/s   16,858,606 ops/frame   cell=4 flat

  pixels identical across arms and reps : YES
  ops identical across arms             : no   (expected when the arms are different binaries; not when they are one engine A/B)
  per-pair A/B ms ratio                 : 1.018 1.029 1.025 1.014 1.033
  median ratio                          : 1.025  (>1 = B faster)
  VERDICT: NOT SEPARATED   (rule: all 5 pairs agree in sign AND |median ratio - 1| > 3%)
  engine A: 79af8639f57bfa50 full_span=None C:\Users\tomhe\Documents\flipjump-151\flipjump\interpreter\_fjcore.pyd
  engine B: 79af8639f57bfa50 full_span=None C:\Users\tomhe\Documents\flipjump-151\flipjump\interpreter\_fjcore.pyd
  pin: cpu2 proc=ok thread=ok prio=high   yardstick median 3.63G
  ledger  : appended to scratchpad\12m\msframe_ledger.jsonl
rc=0
