$ python scratchpad/12m/msframe.py --ignore-busy --a build/doom_e1m1_blocked47.fjm --b build/doom_e1m1_blocked48.fjm --note M7 P5 the monsters attack: hurt, fireballs, blood: blocked48 vs doom_e1m1_blocked47.fjm -- BUSY BOX: the owner fullscan.py (pid 28924) ran beside it, --ignore-busy
machine : power plan 'Turbo'; busy processes: python(28924) 1.0s/s
msframe : A=doom_e1m1_blocked47.fjm B=doom_e1m1_blocked48.fjm, 200 game frames, 5 reps, cpu 2, resolution 3%
  rep 0  A         72.1 ms   216.8M fj/s  yard 3.49->3.49G   |  B         73.9 ms   214.5M fj/s  yard 3.51->3.54G
  rep 1  A         73.7 ms   212.0M fj/s  yard 3.48->3.35G   |  B         72.9 ms   217.4M fj/s  yard 3.35->3.53G
  rep 2  A         73.5 ms   212.6M fj/s  yard 3.46->3.49G   |  B         72.7 ms   217.8M fj/s  yard 3.51->3.52G
  rep 3  A         71.9 ms   217.4M fj/s  yard 3.45->3.55G   |  B         73.2 ms   216.4M fj/s  yard 3.52->3.48G
  rep 4  A         72.9 ms   214.6M fj/s  yard 3.50->3.52G   |  B         75.7 ms   209.4M fj/s  yard 3.54->3.49G

  A        median    72.9 ms/frame  [71.9 .. 73.7]    214.6M fj/s   15,632,447 ops/frame   cell=4 flat
  B        median    73.2 ms/frame  [72.7 .. 75.7]    216.4M fj/s   15,844,669 ops/frame   cell=4 flat

  pixels identical across arms and reps : NO  <- speed below is MEANINGLESS
  ops identical across arms             : no   (expected when the arms are different binaries; not when they are one engine A/B)
  per-pair A/B ms ratio                 : 0.976 1.012 1.011 0.982 0.963
  median ratio                          : 0.982  (>1 = B faster)
  VERDICT: NOT SEPARATED   (rule: all 5 pairs agree in sign AND |median ratio - 1| > 3%)
  engine A: 79af8639f57bfa50 full_span=None C:\Users\tomhe\Documents\flipjump-151\flipjump\interpreter\_fjcore.pyd
  engine B: 79af8639f57bfa50 full_span=None C:\Users\tomhe\Documents\flipjump-151\flipjump\interpreter\_fjcore.pyd
  pin: cpu2 proc=ok thread=ok prio=high   yardstick median 3.49G
  ledger  : appended to scratchpad\12m\msframe_ledger.jsonl
rc=0
