$ python scratchpad/12m/msframe.py --a build/doom_e1m1_blocked34.fjm --b build/doom_e1m1_blocked35.fjm --note M7 P2a.2 the exit and LEVEL COMPLETE: blocked35 vs doom_e1m1_blocked34.fjm
machine : power plan 'Turbo'; busy processes: none
msframe : A=doom_e1m1_blocked34.fjm B=doom_e1m1_blocked35.fjm, 200 game frames, 5 reps, cpu 2, resolution 3%
  rep 0  A         61.4 ms   229.4M fj/s  yard 3.64->3.58G   |  B         61.9 ms   229.3M fj/s  yard 3.55->3.64G
  rep 1  A         61.4 ms   229.5M fj/s  yard 3.46->3.64G   |  B         61.5 ms   230.5M fj/s  yard 3.65->3.61G
  rep 2  A         61.2 ms   230.3M fj/s  yard 3.54->3.65G   |  B         61.6 ms   230.3M fj/s  yard 3.64->3.58G
  rep 3  A         61.4 ms   229.5M fj/s  yard 3.61->3.65G   |  B         61.5 ms   230.6M fj/s  yard 3.64->3.54G
  rep 4  A         61.0 ms   230.8M fj/s  yard 3.64->3.65G   |  B         61.8 ms   229.4M fj/s  yard 3.62->3.64G

  A        median    61.4 ms/frame  [61.0 .. 61.4]    229.5M fj/s   14,087,664 ops/frame   cell=4 flat
  B        median    61.6 ms/frame  [61.5 .. 61.9]    230.3M fj/s   14,185,609 ops/frame   cell=4 flat

  pixels identical across arms and reps : YES
  ops identical across arms             : no   (expected when the arms are different binaries; not when they are one engine A/B)
  per-pair A/B ms ratio                 : 0.993 0.998 0.993 0.998 0.987
  median ratio                          : 0.993  (>1 = B faster)
  VERDICT: NOT SEPARATED   (rule: all 5 pairs agree in sign AND |median ratio - 1| > 3%)
  engine A: 79af8639f57bfa50 full_span=None C:\Users\tomhe\Documents\flipjump-151\flipjump\interpreter\_fjcore.pyd
  engine B: 79af8639f57bfa50 full_span=None C:\Users\tomhe\Documents\flipjump-151\flipjump\interpreter\_fjcore.pyd
  pin: cpu2 proc=ok thread=ok prio=high   yardstick median 3.64G
  ledger  : appended to scratchpad\12m\msframe_ledger.jsonl
rc=0
