$ python -m pytest tests/host -q -p no:cacheprovider
........................................................................ [  5%]
........................................................................ [ 11%]
........................................................................ [ 17%]
........................................................................ [ 22%]
........................................................................ [ 28%]
........................................................................ [ 34%]
........................................................................ [ 39%]
........................................................................ [ 45%]
........................................................................ [ 51%]
........................................................................ [ 56%]
.......................ss............................................... [ 62%]
........................................................................ [ 68%]
........................................................................ [ 73%]
........................................................................ [ 79%]
........................................................................ [ 85%]
............................................xx.......................... [ 90%]
........................................................................ [ 96%]
............................................                             [100%]
============================== warnings summary ===============================
tests/host/test_emitter_call_sites.py::test_every_tracked_caller_passes_keywords_the_emitter_has
tests/host/test_no_decimal_wire.py::test_every_screen_is_fed_the_binary_wire
tests/host/test_oracle_calls_in_step.py::test_every_gate_asks_the_oracle_for_what_it_emits
  <unknown>:1: DeprecationWarning: invalid escape sequence '\_'

-- Docs: https://docs.pytest.org/en/stable/how-to/capture-warnings.html
1264 passed, 2 skipped, 1 deselected, 2 xfailed, 3 warnings in 160.92s (0:02:40)
rc=0
