$ python scratchpad/12m/profx/phases.py games_blocked46
game frames: 1000   mean frame 12,911,839 ops (marker 1 to marker 1)

phase                                         ops/frame       %    runs/fr      ops/run
input (8 polls, key decode)                       1,193   0.01%       1.00        1,193
doors                                             1,794   0.01%       1.00        1,794
move / turn                                      10,172   0.08%       1.00       10,172
collision                                       124,838   0.97%       0.86      144,321
  of which dsccs seed walks                      73,418   0.57%       2.40       30,527
post-move vx/vy                                     332   0.00%       1.00          332
sim.bind_things                                       0   0.00%       0.00            -
  of which ptloc_walk (dirty things)                  0   0.00%       0.00            -
view setup                                        3,863   0.03%       1.00        3,863
eye point location (dsc walk)                    29,883   0.23%       1.00       29,883
render walk, all                             12,479,305  96.65%       1.00   12,479,305
m1_reset                                         96,634   0.75%       1.00       96,634
(glue between phases)                           163,821   1.27%

one player move try = collision / seed walks: 51,907 ops (30,527 of it the seed walk); 2.40 tries/frame

render walk split by owner object (ops/frame):
      3,578,343  28.67%  seg_pass2_leaf
      2,500,839  20.04%  seg_pass1_ts_leaf
      2,354,320  18.87%  seg_pass1_leaf
      1,328,319  10.64%  thing_pass_leaf
        848,554   6.80%  bspcode walk (nodes, pos_leaf, ss code)
        801,257   6.42%  thing_leaf_b
        691,556   5.54%  thing_leaf
        242,316   1.94%  vpb bands-as-code (plane bands)
         69,297   0.56%  bbgate_leaf
         61,301   0.49%  segconsts (per-seg/thing const blocks)
          3,189   0.03%  banks tail (vql/vqh, yslope, zlight)
             10   0.00%  banks head (vars, sprbkt tables)
rc=0
