$ python -m pytest tests/host -q -p no:cacheprovider
........................................................................ [  5%]
........................................................................ [ 11%]
........................................................................ [ 17%]
........................................................................ [ 23%]
........................................................................ [ 28%]
........................................................................ [ 34%]
........................................................................ [ 40%]
........................................................................ [ 46%]
........................................................................ [ 51%]
........................................................................ [ 57%]
.....................ss................................................. [ 63%]
........................................................................ [ 69%]
........................................................................ [ 74%]
........................................................................ [ 80%]
........................................................................ [ 86%]
............................xx.......................................... [ 92%]
........................................................................ [ 97%]
............................                                             [100%]
============================== warnings summary ===============================
tests/host/test_emitter_call_sites.py::test_every_tracked_caller_passes_keywords_the_emitter_has
tests/host/test_no_decimal_wire.py::test_every_screen_is_fed_the_binary_wire
tests/host/test_oracle_calls_in_step.py::test_every_gate_asks_the_oracle_for_what_it_emits
  <unknown>:1: DeprecationWarning: invalid escape sequence '\_'

-- Docs: https://docs.pytest.org/en/stable/how-to/capture-warnings.html
1248 passed, 2 skipped, 1 deselected, 2 xfailed, 3 warnings in 157.95s (0:02:37)
rc=0
