$ python scratchpad/12m/poolmap.py --fjm build/doom_e1m1_blocked48.fjm --heat scratchpad/12m/heat_blocked27_p42.json.gz
FJM    w=32  segments=494085  data=47,186,598 words (35.16% of 2^27)  span=98,979,584 words (73.75%)  file=35,861,100 bytes
       segment table sums to the payload: yes (47,186,598 words)
SPLIT  below word 50,331,648: 1 segment, 29,402,186 payload words, ending at word 29,402,186
       in the pool   : 494,084 segments, 17,784,412 payload words, words 50,331,648..98,979,584
GAP    program end -> pool base: 20,929,462 words
POOL   base word 50,331,648, window ends word 134,217,727 (--pool-base 0x60000000 --span-bits 0x9fffffe0); 35,238,143 words of the window above the image
  counts cache HIT: 36,506 groups, 492,804 tables (skipping the counting assembly)
HEAT   scratchpad/12m/heat_blocked27_p42.json.gz: 20 hot groups placed first (0 missing, 0 ambiguous) -- the rest biggest-first
BLOCKS 36,506 of 36,506 groups placed (0 broken); demand 47,906,560 words, extent 48,647,936 words, capacity 83,886,079 words (57.1% used)
       demand == extent, i.e. no hole in front of any block: NO
       extent == the image's span above the pool base, i.e. the image ends at the allocator's cursor: yes
HOLES  extent - demand = 741,376 words in front of blocks (the hot groups go first, in heat order, not biggest-first)
PAD    47,906,560 - 17,784,412 = 30,122,148 words INSIDE the blocks, by mechanism:
       block power-of-two round-up         7,878,176 words   26.2%  (--width-buckets only)
       alignment between buckets                   0 words    0.0%  (structurally 0)
       unused slots                       22,049,696 words   73.2%  (count rounded up, times --spread)
       slot width + declined tables          194,276 words    0.6%
       the four terms sum to the pad: yes
SUM    span - data = 98,979,584 - 47,186,598 = 51,792,986 = 20,929,462 gap + 30,122,148 pad + 741,376 holes: yes
rc=0
