$ python scratchpad/12m/poolmap.py --fjm build/doom_e1m1_blocked45.fjm --heat scratchpad/12m/heat_blocked27_p32a.json.gz
FJM    w=32  segments=471583  data=45,531,634 words (33.92% of 2^27)  span=97,874,112 words (72.92%)  file=34,505,877 bytes
       segment table sums to the payload: yes (45,531,634 words)
SPLIT  below word 50,331,648: 1 segment, 28,598,938 payload words, ending at word 28,598,938
       in the pool   : 471,582 segments, 16,932,696 payload words, words 50,331,648..97,874,112
GAP    program end -> pool base: 21,732,710 words
POOL   base word 50,331,648, window ends word 134,217,727 (--pool-base 0x60000000 --span-bits 0x9fffffe0); 36,343,615 words of the window above the image
  counts cache HIT: 33,949 groups, 470,302 tables (skipping the counting assembly)
HEAT   scratchpad/12m/heat_blocked27_p32a.json.gz: 20 hot groups placed first (0 missing, 0 ambiguous) -- the rest biggest-first
BLOCKS 33,949 of 33,949 groups placed (0 broken); demand 46,794,944 words, extent 47,542,464 words, capacity 83,886,079 words (55.8% used)
       demand == extent, i.e. no hole in front of any block: NO
       extent == the image's span above the pool base, i.e. the image ends at the allocator's cursor: yes
HOLES  extent - demand = 747,520 words in front of blocks (the hot groups go first, in heat order, not biggest-first)
PAD    46,794,944 - 16,932,696 = 29,862,248 words INSIDE the blocks, by mechanism:
       block power-of-two round-up         7,774,752 words   26.0%  (--width-buckets only)
       alignment between buckets                   0 words    0.0%  (structurally 0)
       unused slots                       21,929,696 words   73.4%  (count rounded up, times --spread)
       slot width + declined tables          157,800 words    0.5%
       the four terms sum to the pad: yes
SUM    span - data = 97,874,112 - 45,531,634 = 52,342,478 = 21,732,710 gap + 29,862,248 pad + 747,520 holes: yes
rc=0
