$ python scratchpad/12m/msframe.py --a build/doom_e1m1_blocked44.fjm --b build/doom_e1m1_blocked45.fjm --note M7 P3.2c decide: blocked45 vs doom_e1m1_blocked44.fjm
machine : power plan 'Turbo'; busy processes: none
msframe : A=doom_e1m1_blocked44.fjm B=doom_e1m1_blocked45.fjm, 200 game frames, 5 reps, cpu 2, resolution 3%
  rep 0  A         70.9 ms   210.8M fj/s  yard 3.65->3.58G   |  B         71.1 ms   208.4M fj/s  yard 3.48->3.47G
  rep 1  A         69.5 ms   215.0M fj/s  yard 3.64->3.65G   |  B         70.7 ms   209.6M fj/s  yard 3.48->3.57G
  rep 2  A         67.1 ms   222.6M fj/s  yard 3.64->3.49G   |  B         66.5 ms   223.1M fj/s  yard 3.63->3.64G
  rep 3  A         66.7 ms   224.0M fj/s  yard 3.64->3.62G   |  B         66.7 ms   222.2M fj/s  yard 3.64->3.64G
  rep 4  A         67.6 ms   221.0M fj/s  yard 3.63->3.65G   |  B         66.6 ms   222.8M fj/s  yard 3.65->3.65G

  A        median    67.6 ms/frame  [66.7 .. 70.9]    221.0M fj/s   14,944,344 ops/frame   cell=4 flat
  B        median    66.7 ms/frame  [66.5 .. 71.1]    222.2M fj/s   14,828,598 ops/frame   cell=4 flat

  pixels identical across arms and reps : NO  <- speed below is MEANINGLESS
  ops identical across arms             : no   (expected when the arms are different binaries; not when they are one engine A/B)
  per-pair A/B ms ratio                 : 0.996 0.983 1.010 1.000 1.016
  median ratio                          : 1.000  (>1 = B faster)
  VERDICT: NOT SEPARATED   (rule: all 5 pairs agree in sign AND |median ratio - 1| > 3%)
  engine A: 79af8639f57bfa50 full_span=None C:\Users\tomhe\Documents\flipjump-151\flipjump\interpreter\_fjcore.pyd
  engine B: 79af8639f57bfa50 full_span=None C:\Users\tomhe\Documents\flipjump-151\flipjump\interpreter\_fjcore.pyd
  pin: cpu2 proc=ok thread=ok prio=high   yardstick median 3.64G
  ledger  : appended to scratchpad\12m\msframe_ledger.jsonl
rc=0
