$ python scratchpad/12m/poolmap.py --fjm build/doom_e1m1_blocked36.fjm --heat scratchpad/12m/heat_blocked27_p14.json.gz
FJM    w=32  segments=364358  data=37,898,634 words (28.24% of 2^27)  span=91,548,800 words (68.21%)  file=27,912,576 bytes
       segment table sums to the payload: yes (37,898,634 words)
SPLIT  below word 50,331,648: 1 segment, 24,595,320 payload words, ending at word 24,595,320
       in the pool   : 364,357 segments, 13,303,314 payload words, words 50,331,648..91,548,800
GAP    program end -> pool base: 25,736,328 words
POOL   base word 50,331,648, window ends word 134,217,727 (--pool-base 0x60000000 --span-bits 0x9fffffe0); 42,668,927 words of the window above the image
  counts cache HIT: 23,972 groups, 363,077 tables (skipping the counting assembly)
HEAT   scratchpad/12m/heat_blocked27_p14.json.gz: 20 hot groups placed first (0 missing, 0 ambiguous) -- the rest biggest-first
BLOCKS 23,972 of 23,972 groups placed (0 broken); demand 40,469,632 words, extent 41,217,152 words, capacity 83,886,079 words (48.2% used)
       demand == extent, i.e. no hole in front of any block: NO
       extent == the image's span above the pool base, i.e. the image ends at the allocator's cursor: yes
HOLES  extent - demand = 747,520 words in front of blocks (the hot groups go first, in heat order, not biggest-first)
PAD    40,469,632 - 13,303,314 = 27,166,318 words INSIDE the blocks, by mechanism:
       block power-of-two round-up         7,561,440 words   27.8%  (--width-buckets only)
       alignment between buckets                   0 words    0.0%  (structurally 0)
       unused slots                       19,468,576 words   71.7%  (count rounded up, times --spread)
       slot width + declined tables          136,302 words    0.5%
       the four terms sum to the pad: yes
SUM    span - data = 91,548,800 - 37,898,634 = 53,650,166 = 25,736,328 gap + 27,166,318 pad + 747,520 holes: yes
rc=0
