$ python scratchpad/12m/msframe.py --a C:/Users/tomhe/Documents/doom-m7k/build/doom_e1m1_blocked38.fjm --b build/doom_e1m1_blocked40.fjm --note M7 P3.1 idle monsters (the heat list re-keyed, p31): blocked40 vs doom_e1m1_blocked38.fjm
machine : power plan 'Turbo'; busy processes: none
msframe : A=doom_e1m1_blocked38.fjm B=doom_e1m1_blocked40.fjm, 200 game frames, 5 reps, cpu 2, resolution 3%
  rep 0  A         63.9 ms   221.7M fj/s  yard 3.64->3.65G   |  B         64.3 ms   225.6M fj/s  yard 3.62->3.48G
  rep 1  A         62.9 ms   225.3M fj/s  yard 3.64->3.55G   |  B         64.3 ms   225.5M fj/s  yard 3.44->3.62G
  rep 2  A         61.8 ms   229.1M fj/s  yard 3.64->3.53G   |  B         64.2 ms   225.6M fj/s  yard 3.64->3.64G
  rep 3  A         62.1 ms   227.9M fj/s  yard 3.61->3.64G   |  B         63.2 ms   229.5M fj/s  yard 3.59->3.63G
  rep 4  A         62.7 ms   226.0M fj/s  yard 3.60->3.56G   |  B         64.1 ms   226.1M fj/s  yard 3.56->3.63G

  A        median    62.7 ms/frame  [61.8 .. 63.9]    226.0M fj/s   14,162,434 ops/frame   cell=4 flat
  B        median    64.2 ms/frame  [63.2 .. 64.3]    225.6M fj/s   14,496,297 ops/frame   cell=4 flat

  pixels identical across arms and reps : NO  <- speed below is MEANINGLESS
  ops identical across arms             : no   (expected when the arms are different binaries; not when they are one engine A/B)
  per-pair A/B ms ratio                 : 0.994 0.978 0.962 0.984 0.978
  median ratio                          : 0.978  (>1 = B faster)
  VERDICT: NOT SEPARATED   (rule: all 5 pairs agree in sign AND |median ratio - 1| > 3%)
  engine A: 79af8639f57bfa50 full_span=None C:\Users\tomhe\Documents\flipjump-151\flipjump\interpreter\_fjcore.pyd
  engine B: 79af8639f57bfa50 full_span=None C:\Users\tomhe\Documents\flipjump-151\flipjump\interpreter\_fjcore.pyd
  pin: cpu2 proc=ok thread=ok prio=high   yardstick median 3.62G
  ledger  : appended to scratchpad\12m\msframe_ledger.jsonl
rc=0
