$ python scratchpad/12m/profx/phases.py games_blocked44
game frames: 1000   mean frame 12,334,235 ops (marker 1 to marker 1)

phase                                         ops/frame       %    runs/fr      ops/run
input (8 polls, key decode)                       1,053   0.01%       1.00        1,053
doors                                             1,859   0.02%       1.00        1,859
move / turn                                       9,914   0.08%       1.00        9,914
collision                                       133,854   1.09%       0.86      154,745
  of which dsccs seed walks                      79,962   0.65%       2.40       33,248
post-move vx/vy                                     332   0.00%       1.00          332
sim.bind_things                                       0   0.00%       0.00            -
  of which ptloc_walk (dirty things)                  0   0.00%       0.00            -
view setup                                        3,784   0.03%       1.00        3,784
eye point location (dsc walk)                    32,416   0.26%       1.00       32,416
render walk, all                             11,883,836  96.35%       1.00   11,883,836
m1_reset                                         99,257   0.80%       1.00       99,257
(glue between phases)                           167,927   1.36%

one player move try = collision / seed walks: 55,656 ops (33,248 of it the seed walk); 2.40 tries/frame

render walk split by owner object (ops/frame):
      3,665,644  30.85%  seg_pass2_leaf
      2,481,799  20.88%  seg_pass1_ts_leaf
      2,324,892  19.56%  seg_pass1_leaf
        913,828   7.69%  bspcode walk (nodes, pos_leaf, ss code)
        779,699   6.56%  thing_leaf_b
        702,631   5.91%  thing_leaf
        650,839   5.48%  thing_pass_leaf
        230,776   1.94%  vpb bands-as-code (plane bands)
         69,159   0.58%  bbgate_leaf
         61,374   0.52%  segconsts (per-seg/thing const blocks)
          3,188   0.03%  banks tail (vql/vqh, yslope, zlight)
              0   0.00%  banks head (vars, sprbkt tables)
rc=0
