# P1.5: blocked32 was BUILT at 7cdfb97 (tag evidence/p1.5-build, blocked32_build.log:1); 478a104 is the head after the rebase onto P1.4's c98ce8a, whose one src change since P1.4's build is PR #93 round 1's (91eaeec, emission-neutral by p14_emit_neutral.log)
$ git rev-parse 7cdfb97:src 478a104:src
7813ec42c4d92d5c42f8bb728dbdda727ff307b5
56dbaaa7b191708d2bc0496608f8dd45d6ab9d0a
$ PYTHONPATH=src timeout 5400 python scratchpad/gp/p13_emit_neutral.py --base 7cdfb97 --head 478a104
base 7cdfb97 (E1M1, the game tier, build_wall_renderer's own path to its first assembly):
   input fj_consts.fj                 9a9b21cf800de94e
   input fixed_point.fj               8b45cf5a116dab95
   input present.fj                   585e03353deba64e
   input projection.fj                5016a5292f885801
   input frame_render.fj              09abd1e6321edc89
   input plane_render.fj              bc23ce78d7a9d679
   input plane_bands.fj               a795a346eb1407c0
   input stream_render.fj             321cb23531972ce9
   input input.fj                     c38fb2c033741540
   input sim.fj                       a7fcac0c2cc3a7ac
   input e1m1_00_entry.fj             3857785ad2c1b556
   input e1m1_01_tables.fj            84f5a6317b26ddeb
   input e1m1_02_main.fj              e244363c16096ba0
   input e1m1_03_segconsts.fj         d6c3342e34bb0947
   input e1m1_04_walk.fj              c61b4998118a372d
   input e1m1_05_state.fj             cfed7895b532b699
   input e1m1_06_banks.fj             6247e38ae6ec9f1d
   input m1_reset.fj                  0302197b5ff36f04
   persist viewx,viewy,viewangle,kb_f,kb_b,kb_l,kb_r,kb_u,mode,menu_scr,menu_sel,dstate,ddir,dsub,dwait,sshead,thss_rt,thpos_rt
head 478a104: EVERY ASSEMBLER INPUT EQUAL, the same persist tuple
CONTROL the build's persist call with moving_things=False: caught -- the persist line differs
CONTROL sshead declared one cell wider: caught -- e1m1_01_tables.fj differ
EMISSION-NEUTRAL: PASS
rc=0
