# R1: the menu tests on the P1.5 tree's OLD src/doomfj/menu.py (18ef625; 3-wide M, no credit, three colours)
$ python -m pytest tests/host/test_menu.py -q -p no:cacheprovider
FAILED tests/host/test_menu.py::test_the_stream_paints_exactly_the_oracle_picture[0]
FAILED tests/host/test_menu.py::test_the_stream_paints_exactly_the_oracle_picture[1]
FAILED tests/host/test_menu.py::test_the_stream_paints_exactly_the_oracle_picture[2]
FAILED tests/host/test_menu.py::test_the_stream_paints_exactly_the_oracle_picture[3]
FAILED tests/host/test_menu.py::test_the_stream_paints_exactly_the_oracle_picture[4]
FAILED tests/host/test_menu.py::test_the_stream_paints_exactly_the_oracle_picture[5]
FAILED tests/host/test_menu.py::test_the_picture_is_not_blank - ValueError: t...
FAILED tests/host/test_menu.py::test_the_selection_actually_moves - ValueErro...
FAILED tests/host/test_menu.py::test_a_selected_row_uses_the_highlight_colour
FAILED tests/host/test_menu.py::test_ditto_is_actually_used - ValueError: too...
FAILED tests/host/test_menu.py::test_column_zero_is_never_dittoed - ValueErro...
FAILED tests/host/test_menu.py::test_the_frame_is_cheap - ValueError: too man...
FAILED tests/host/test_menu.py::test_fj_emits_one_output_char_per_stream_byte
FAILED tests/host/test_menu.py::test_an_empty_menu_is_a_blank_frame - ValueEr...
FAILED tests/host/test_menu.py::test_long_lines_are_clipped_not_overflowed - ...
FAILED tests/host/test_menu.py::test_palette_colours_are_derived_not_guessed
FAILED tests/host/test_menu.py::test_a_wrong_picture_is_caught - ValueError: ...
FAILED tests/host/test_menu.py::test_the_credit_sits_in_the_bottom_right_corner_in_its_dim_gray
FAILED tests/host/test_menu.py::test_the_m_is_five_columns_with_two_stems_and_a_dip
19 failed, 6 passed in 0.57s
# with the credit and the five-column M
$ python -m pytest tests/host/test_menu.py -q -p no:cacheprovider
25 passed in 0.21s
