# the restore-set re-key of m7-sprite-bank c83bf51
=== 06:17:02 python scratchpad/ca_labels.py --out scratchpad/_ca_labels_p16.tsv.gz
$ python scratchpad/ca_labels.py --out scratchpad/_ca_labels_p16.tsv.gz
driving build_wall_renderer(self_reset=True) to pass 1 ...
pid bake: 152 pairs baked, 255 addressable at PID_NIBBLES=2
pass 1 in 2836s: 1,786,132 labels -> scratchpad\_ca_labels_p16.tsv.gz (14.0 MB)
code_start word: 17308
rc=0
=== 07:05:57 python scratchpad/ca_remap_set.py --labels scratchpad/_ca_labels_p16.tsv.gz --old-labels scratchpad/_ca_labels_p15.tsv.gz
$ python scratchpad/ca_remap_set.py --labels scratchpad/_ca_labels_p16.tsv.gz --old-labels scratchpad/_ca_labels_p15.tsv.gz
labels in the set      : 433
  unchanged            : 433
  re-keyed             : 0
  dropped (register gone): 0  []
  span changed, held whole -> resized: 0  
words: 11,412 -> 11,412  (delta +0)  negative = a dropped register or a shrunk array; positive =
      a grown array, or the superset taken where the old->new mapping was ambiguous --
      see the comments above.
production loader accepts it: 11,412 words, layout fingerprint 92abac25441dd0cd
wrote src/doomfj/data/m1_restore_set.json.gz
rc=0
=== 07:06:14 python scratchpad/m1_add_globals.py --labels scratchpad/_ca_labels_p16.tsv.gz --set src/doomfj/data/m1_restore_set.json.gz --out src/doomfj/data/m1_restore_set.json.gz
$ python scratchpad/m1_add_globals.py --labels scratchpad/_ca_labels_p16.tsv.gz --set src/doomfj/data/m1_restore_set.json.gz --out src/doomfj/data/m1_restore_set.json.gz
added 20 words over 328 globals (2 check + 326 hoisted)
src/doomfj/data/m1_restore_set.json.gz: 11412 -> 11432 words over 436 entries
rc=0
=== 07:06:18 python scratchpad/ca_labels.py --standalone --out scratchpad/_ca_labels_std_p16.tsv.gz
$ python scratchpad/ca_labels.py --standalone --out scratchpad/_ca_labels_std_p16.tsv.gz
driving build_wall_renderer(self_reset=True) to pass 1 ...
pid bake: 222 pairs baked, 255 addressable at PID_NIBBLES=2
pass 1 in 3142s: 1,843,288 labels -> scratchpad\_ca_labels_std_p16.tsv.gz (14.4 MB)
code_start word: 17308
rc=0
=== 08:00:18 python scratchpad/m5_setfile.py --labels scratchpad/_ca_labels_std_p16.tsv.gz --doors tests/fixtures/freedoom_e1m1.wad
$ python scratchpad/m5_setfile.py --labels scratchpad/_ca_labels_std_p16.tsv.gz --doors tests/fixtures/freedoom_e1m1.wad
dropped wmagic; added 194 words over 21 standalone globals (incl. the per-door state)
src/doomfj/data/m5_restore_set.json.gz: 11432 -> 11622 words over 436 -> 456 entries
persist: viewx, viewy, viewangle, kb_f, kb_b, kb_l, kb_r, kb_u, mode, menu_scr, menu_sel, dstate, ddir, dsub, dwait, sshead, thss_rt, thpos_rt
rc=0
=== 08:00:22 python -m pytest tests/host/test_restore_set_shipped.py -q -p no:cacheprovider
$ python -m pytest tests/host/test_restore_set_shipped.py -q -p no:cacheprovider
....................                                                     [100%]
20 passed in 0.22s
rc=0
=== REKEY DONE 08:00:24
