# the restore-set re-key of m7-doors-keys-exit f575ed2
=== 18:44:53 python scratchpad/ca_labels.py --out scratchpad/_ca_labels_p2a1.tsv.gz
$ python scratchpad/ca_labels.py --out scratchpad/_ca_labels_p2a1.tsv.gz
driving build_wall_renderer(self_reset=True) to pass 1 ...
pid bake: 152 pairs baked, 255 addressable at PID_NIBBLES=2
pass 1 in 3767s: 1,786,248 labels -> scratchpad\_ca_labels_p2a1.tsv.gz (14.0 MB)
code_start word: 17308
rc=0
=== 19:49:34 python scratchpad/ca_remap_set.py --labels scratchpad/_ca_labels_p2a1.tsv.gz --old-labels scratchpad/_ca_labels_p16.tsv.gz
$ python scratchpad/ca_remap_set.py --labels scratchpad/_ca_labels_p2a1.tsv.gz --old-labels scratchpad/_ca_labels_p16.tsv.gz
labels in the set      : 436
  unchanged            : 436
  re-keyed             : 0
  dropped (register gone): 0  []
  span changed, held whole -> resized: 0  
words: 11,432 -> 11,432  (delta +0)  negative = a dropped register or a shrunk array; positive =
      a grown array, or the superset taken where the old->new mapping was ambiguous --
      see the comments above.
production loader accepts it: 11,432 words, layout fingerprint 6287a37148a1c23a
wrote src/doomfj/data/m1_restore_set.json.gz
rc=0
=== 19:49:50 python scratchpad/m1_add_globals.py --labels scratchpad/_ca_labels_p2a1.tsv.gz --set src/doomfj/data/m1_restore_set.json.gz --out src/doomfj/data/m1_restore_set.json.gz
$ python scratchpad/m1_add_globals.py --labels scratchpad/_ca_labels_p2a1.tsv.gz --set src/doomfj/data/m1_restore_set.json.gz --out src/doomfj/data/m1_restore_set.json.gz
added 0 words over 328 globals (2 check + 326 hoisted)
src/doomfj/data/m1_restore_set.json.gz: 11432 -> 11432 words over 436 entries
rc=0
=== 19:49:55 python scratchpad/ca_labels.py --standalone --out scratchpad/_ca_labels_std_p2a1.tsv.gz
$ python scratchpad/ca_labels.py --standalone --out scratchpad/_ca_labels_std_p2a1.tsv.gz
driving build_wall_renderer(self_reset=True) to pass 1 ...
pid bake: 233 pairs baked, 255 addressable at PID_NIBBLES=2
pass 1 in 2343s: 1,855,436 labels -> scratchpad\_ca_labels_std_p2a1.tsv.gz (14.5 MB)
code_start word: 17308
rc=0
=== 20:30:36 python scratchpad/m5_setfile.py --labels scratchpad/_ca_labels_std_p2a1.tsv.gz --doors tests/fixtures/freedoom_e1m1.wad
$ python scratchpad/m5_setfile.py --labels scratchpad/_ca_labels_std_p2a1.tsv.gz --doors tests/fixtures/freedoom_e1m1.wad
Traceback (most recent call last):
  File "C:\Users\tomhe\Documents\doom-m7g\scratchpad\m5_setfile.py", line 290, in <module>
    sys.exit(main())
             ^^^^^^
  File "C:\Users\tomhe\Documents\doom-m7g\scratchpad\m5_setfile.py", line 274, in main
    doc, gone, added = derive(doc, addresses, names, decls, persist)
                       ^^^^^^^^^^^^^^^^^^^^^^^^^^^^^^^^^^^^^^^^^^^^^
  File "C:\Users\tomhe\Documents\doom-m7g\scratchpad\m5_setfile.py", line 121, in derive
    assert declared_words is None or extent == declared_words, (
AssertionError: wfired spans 4 words in the label table but STANDALONE_SCRATCH_DECLS declares 2. The two sources disagree; trusting either alone would leave part of the register unrestored.
rc=1
# resumed after the m5_setfile fix (standalone_globals: door_decls with the map's walk-over count)
=== 20:31:48 python scratchpad/m5_setfile.py --labels scratchpad/_ca_labels_std_p2a1.tsv.gz --doors tests/fixtures/freedoom_e1m1.wad
$ python scratchpad/m5_setfile.py --labels scratchpad/_ca_labels_std_p2a1.tsv.gz --doors tests/fixtures/freedoom_e1m1.wad
dropped wmagic; added 250 words over 24 standalone globals (incl. the per-door state)
src/doomfj/data/m5_restore_set.json.gz: 11432 -> 11678 words over 436 -> 459 entries
persist: viewx, viewy, viewangle, kb_f, kb_b, kb_l, kb_r, kb_u, mode, menu_scr, menu_sel, dstate, ddir, dsub, dwait, dreq, pcard, wfired, sshead, thss_rt, thpos_rt
rc=0
=== 20:31:52 python -m pytest tests/host/test_restore_set_shipped.py -q -p no:cacheprovider
$ python -m pytest tests/host/test_restore_set_shipped.py -q -p no:cacheprovider
....................                                                     [100%]
20 passed in 0.21s
rc=0
=== REKEY DONE 20:31:54
