$ python scratchpad/gp/scenarios_v2.py --freeze --file scratchpad/gp/scenarios/combat_scenarios_v4.json --b0 docs/ship-evidence/blocked36_b0_v4.json --approver the owner --approval-record the owner, 2026-09-29, in the M7 session (AskUserQuestion on the P2b set): 'Approve v4 (Recommended)' -- freeze v4 after B0 is measured on P2b's binary if every criterion still passes. Re-planned on the tree with PR #99's planner fix (NAV_RULE): R0-imp-court returns to v3's keys, so v4 differs from v3 in R2-spectre-corridor only (p2b_v4_replan.log); B0 blocked36_b0_v4.json, 11 runs state- and pixel-exact
FREEZE scratchpad\gp\scenarios\combat_scenarios_v4.json (11 runs), B0 docs\ship-evidence\blocked36_b0_v4.json, approver 'the owner'
  re-plan: identical keys and setups, 11 runs
  wrote scratchpad\gp\scenarios\combat_scenarios_v4.json: FROZEN, owner freeze by 'the owner' (git head e3fcba6, 22 hashed files, keys 2724202d088cfd0c)
  run                   hp kill hits shot mele fbal pick door  mov%  str% step% dodg dAwk% gAwk% corp% cam
  R0-west-hall         100    2    4    0    0    0    0    0   84%   78%  100%    0   98%   98%   28%   0
  R0-aftermath         104    0    0    0    0    0    6    1   95%   51%  100%    0   41%   41%   42%   0
  R0-south-hall        100    0    2    6    0    1    5    0  100%   58%  100%    0   74%   75%    0%   0
  R0-imp-court          55    1    6    3    0    4    2    1   93%   78%  100%    6   84%   87%    0%   0
  R0-northwest          42    1    4    5    1    0    0    0   79%   79%  100%    0   95%   95%   43%   0
  R0-courtyard          94    0    2    3    0    3    0    0   76%   50%  100%    2   82%   87%    0%   0
  R2-barrel-hall        35    2   11    6    0    0    1    0   88%   74%  100%    0   86%   86%   28%   0
  R2-spectre-corridor  100    2    9    0    0    1    1    0   94%   75%  100%    0   92%   99%   16%   0
  R2-east-yard          88    0    0    3    1    5    0    0   95%   71%  100%   19   66%   66%    0%   0
  R3-west              100    1    2    3    0    0    1    2   83%   65%  100%    0   59%   61%    9%   0
  R3-mid                91    1    3    3    0    0    1    0   86%   80%  100%    0   77%   84%   14%   0
  POPULATION per frame over the set (1100 frames; d_ = DRAWN in the decided picture, geo_ = the geometric test):
    awake        mean  6.16  p50  6  p80  9  p99 17  max 18
    geo_in_view  mean  2.33  p50  2  p80  3  p99  7  max  8
    geo_awake    mean  2.07  p50  2  p80  3  p99  6  max  7
    geo_corpses  mean  0.24  p50  0  p80  0  p99  2  max  3
    fireballs    mean  0.26  p50  0  p80  0  p99  4  max  4
    deferred     mean  0.02  p50  0  p80  0  p99  1  max  3
    heavy        mean  1.95  p50  2  p80  4  p99  6  max  6
    d_live       mean  1.91  p50  2  p80  3  p99  5  max  5
    d_awake      mean  1.70  p50  2  p80  3  p99  5  max  5
    d_corpse     mean  0.21  p50  0  p80  0  p99  2  max  2
    d_drop       mean  0.06  p50  0  p80  0  p99  1  max  1
    d_fireball   mean  0.00  p50  0  p80  0  p99  0  max  0
    d_fx         mean  0.21  p50  0  p80  1  p99  1  max  2
    d_barrel     mean  1.20  p50  0  p80  2  p99 12  max 13
  B0 (frozen, blocked27 1cbc8226bb70e687): binding 14,227,169 ops/frame, mean 12,944,713, p80 run R0-courtyard 15,509,625, per-frame max 24,641,536 (R0-aftermath); strafe undercount +32,774 on the binding
  every run survives                                                             PASS  11 runs, 0 deaths, lowest end health 35
  >= 30% of frames have an awake monster DRAWN                                   PASS  854/1100 = 77.6%
  >= 8 kills                                                                     PASS  10 monsters killed (and 5 barrels exploded; 1 shotgun shots)
  all three monster attack kinds                                                 PASS  hitscan 32, melee 2, fireball 14
  >= 6 pickups                                                                   PASS  17 pickups
  >= 3 doors opened by the player                                                PASS  4 (R0-aftermath [0], R0-imp-court [2], R3-west [8, 9]); by monsters 2
  >= 50% of frames carry a movement key (forward, back, strafe)                  PASS  973/1100 = 88.5% (strafe on 759 = 69.0%)
  every run moves on >= 60% of its movement frames                               PASS  worst R0-west-hall: 84/84 = 100%
  >= 50% of the frames with an awake monster drawn carry a strafe key            PASS  598/854 = 70.0%
  >= 1 fireball dodge (a strafe away from a fireball's line)                     PASS  27 dodge frames of 30 frames with a fireball threat
  an aftermath run: >= 3 corpses within 160 units at the start, one drawn on its first frame, corpses drawn on >= 20% of its frames PASS  R0-aftermath: 3 corpses near the start, 2 drawn on frame 0, corpses drawn on 42/100 frames
  no run uses the exit                                                           PASS  0
  B0 follows the model's camera: the injected pose lands on the model's pose     PASS  0 frames part; door states apart on 2 frames; use with strafe on 0
  F1 status FROZEN with the owner's approval                                     PASS  status 'FROZEN', the set approved by 'the owner' on '2026-09-29'; last freeze: owner freeze by 'the owner'
  F2 every recorded file hash matches (model, census, planner: 22 files)         PASS  22/22
  F3 the replay reproduces every frozen pose and final digest                    PASS  11/11 runs
  F4 the drawn and geometric population reproduces frame by frame                PASS  11/11 runs
  F5 the B0 record is present and was measured on these keys                     PASS  binding 14227168.712727273, keys match
FREEZE PASS
rc=0
