$ python scratchpad/gp/scenarios_v2.py --plan --sight seen --file scratchpad/gp/scenarios/combat_scenarios_v5.json
  nav graph R0-west-hall: 10494 cells in 100.3 s (cached nav_7993da4fd9e4_18_21.pkl)
  R0-west-hall         sector 150 params aggressive tried [('aggressive', [])]                      36.0 s  kills 2 picks 0 doors [0] hp 73 move 79% strafe 76%
  R0-aftermath         sector  17 params aggressive tried [('aggressive', [])]                      33.6 s  kills 0 picks 6 doors [0] hp 104 move 95% strafe 52%
  R0-south-hall        sector  57 params aggressive tried [('aggressive', [])]                      35.7 s  kills 0 picks 5 doors [] hp 103 move 100% strafe 58%
  R0-imp-court         sector  12 params aggressive tried [('aggressive', [])]                      28.6 s  kills 3 picks 2 doors [2] hp 61 move 93% strafe 78%
  R0-northwest         sector 135 params aggressive tried [('aggressive', [])]                      59.3 s  kills 1 picks 0 doors [] hp 82 move 81% strafe 80%
  R0-courtyard         sector  18 params aggressive tried [('aggressive', [])]                      27.4 s  kills 0 picks 0 doors [] hp 100 move 76% strafe 48%
  nav graph R2-barrel-hall: 12469 cells in 125.0 s (cached nav_7993da4fd9e4_134_-33.pkl)
  R2-barrel-hall       sector 134 params aggressive tried [('aggressive', [])]                      33.6 s  kills 6 picks 1 doors [] hp 35 move 88% strafe 74%
  R2-spectre-corridor  sector 102 params aggressive tried [('aggressive', [])]                      23.1 s  kills 2 picks 1 doors [] hp 100 move 91% strafe 73%
  nav graph R2-east-yard: 8545 cells in 88.3 s (cached nav_7993da4fd9e4_128_42.pkl)
  R2-east-yard         sector  15 params brawl      tried [('brawl', [])]                           38.3 s  kills 0 picks 0 doors [] hp 76 move 92% strafe 66%
  nav graph R3-west: 1725 cells in 17.9 s (cached nav_7993da4fd9e4_-8_110.pkl)
  R3-west              sector  86 params aggressive tried [('aggressive', [])]                      33.2 s  kills 2 picks 1 doors [8] hp 100 move 91% strafe 79%
  R3-mid               sector  87 params aggressive tried [('aggressive', [])]                      15.2 s  kills 1 picks 1 doors [] hp 91 move 86% strafe 80%
  run                   hp kill hits shot mele fbal pick door  mov%  str% step% dodg dAwk% gAwk% corp% cam
  R0-west-hall          73    2    5    1    0    1    0    1   79%   76%  100%    4   95%   95%   21%   0
  R0-aftermath         104    0    0    0    0    0    6    1   95%   52%  100%    0   41%   41%   42%   0
  R0-south-hall        103    0    2    3    0    0    5    0  100%   58%  100%    0   74%   75%    0%   0
  R0-imp-court          61    1    6    0    0    2    2    1   93%   78%  100%    6   87%   88%    0%   0
  R0-northwest          82    1    4    4    0    0    0    0   81%   80%  100%    0   81%   81%   23%   0
  R0-courtyard         100    0    2    0    0    1    0    0   76%   48%  100%    0   82%   86%    0%   0
  R2-barrel-hall        35    3   11    3    0    0    1    0   88%   74%  100%    0   74%   75%   28%   0
  R2-spectre-corridor  100    2    9    0    0    0    1    0   91%   73%  100%    0   99%   99%   18%   0
  R2-east-yard          76    0    2    0    1    3    0    0   92%   66%  100%    4   57%   60%    0%   0
  R3-west              100    2    5    0    0    0    1    1   91%   79%  100%    0   60%   61%   13%   0
  R3-mid                91    1    3    3    0    0    1    0   86%   80%  100%    0   77%   84%   14%   0
  POPULATION per frame over the set (1100 frames; d_ = DRAWN in the decided picture, geo_ = the geometric test):
    awake        mean  5.44  p50  4  p80 10  p99 12  max 14
    geo_in_view  mean  2.36  p50  2  p80  4  p99  7  max  8
    geo_awake    mean  2.03  p50  2  p80  3  p99  7  max  7
    geo_corpses  mean  0.26  p50  0  p80  0  p99  2  max  3
    fireballs    mean  0.18  p50  0  p80  0  p99  2  max  3
    deferred     mean  0.01  p50  0  p80  0  p99  0  max  2
    heavy        mean  1.78  p50  1  p80  4  p99  6  max  6
    d_live       mean  1.78  p50  2  p80  3  p99  5  max  5
    d_awake      mean  1.55  p50  1  p80  2  p99  5  max  5
    d_corpse     mean  0.19  p50  0  p80  0  p99  2  max  2
    d_drop       mean  0.11  p50  0  p80  0  p99  1  max  2
    d_fireball   mean  0.02  p50  0  p80  0  p99  1  max  1
    d_fx         mean  0.25  p50  0  p80  1  p99  1  max  2
    d_barrel     mean  1.08  p50  0  p80  2  p99 11  max 13
  every run survives                                                             PASS  11 runs, 0 deaths, lowest end health 35
  >= 30% of frames have an awake monster DRAWN                                   PASS  827/1100 = 75.2%
  >= 8 kills                                                                     PASS  12 monsters killed (and 5 barrels exploded; 2 shotgun shots)
  all three monster attack kinds                                                 PASS  hitscan 14, melee 1, fireball 7
  >= 6 pickups                                                                   PASS  17 pickups
  >= 3 doors opened by the player                                                PASS  4 (R0-west-hall [0], R0-aftermath [0], R0-imp-court [2], R3-west [8]); by monsters 2
  >= 50% of frames carry a movement key (forward, back, strafe)                  PASS  972/1100 = 88.4% (strafe on 764 = 69.5%)
  every run moves on >= 60% of its movement frames                               PASS  worst R0-west-hall: 79/79 = 100%
  >= 50% of the frames with an awake monster drawn carry a strafe key            PASS  583/827 = 70.5%
  >= 1 fireball dodge (a strafe away from a fireball's line)                     PASS  14 dodge frames of 22 frames with a fireball threat
  an aftermath run: >= 3 corpses within 160 units at the start, one drawn on its first frame, corpses drawn on >= 20% of its frames PASS  R0-aftermath: 3 corpses near the start, 2 drawn on frame 0, corpses drawn on 42/100 frames
  no run uses the exit                                                           PASS  0
  B0 follows the model's camera: the injected pose lands on the model's pose     PASS  0 frames part; door states apart on 1 frames; use with strafe on 0
  F1 status FROZEN with the owner's approval                                     FAIL  status "PLANNED -- B0 and the owner's freeze pending (`--freeze`)", the set approved by None on None; last freeze: - by None
  F2 every recorded file hash matches (model, census, planner: 0 files)          FAIL  0/0
  F3 the replay reproduces every frozen pose and final digest                    PASS  11/11 runs
  F4 the drawn and geometric population reproduces frame by frame                FAIL  differs: ['R0-west-hall', 'R0-aftermath', 'R0-south-hall', 'R0-imp-court', 'R0-northwest', 'R0-courtyard', 'R2-barrel-hall', 'R2-spectre-corridor', 'R2-east-yard', 'R3-west', 'R3-mid']
  F5 the B0 record is present and was measured on these keys                     FAIL  binding None, keys -
  wrote scratchpad/gp/scenarios/combat_scenarios_v5.json (1026 s): criteria PASS, keys 794fa332d21c447e
rc=0
