# the restore-set re-key of m7-shoot 7dd242a
=== 12:52:19 python scratchpad/ca_labels.py --out scratchpad/_ca_labels_p4.tsv.gz
$ python scratchpad/ca_labels.py --out scratchpad/_ca_labels_p4.tsv.gz
driving build_wall_renderer(self_reset=True) to pass 1 ...
pid bake: 152 pairs baked, 255 addressable at PID_NIBBLES=2
pass 1 in 2044s: 1,786,272 labels -> scratchpad\_ca_labels_p4.tsv.gz (14.0 MB)
code_start word: 17308
rc=0
=== 13:27:59 python scratchpad/ca_remap_set.py --labels scratchpad/_ca_labels_p4.tsv.gz --old-labels scratchpad/_ca_labels_p33.tsv.gz
$ python scratchpad/ca_remap_set.py --labels scratchpad/_ca_labels_p4.tsv.gz --old-labels scratchpad/_ca_labels_p33.tsv.gz
labels in the set      : 436
  unchanged            : 436
  re-keyed             : 0
  dropped (register gone): 0  []
  span changed, held whole -> resized: 0  
words: 11,432 -> 11,432  (delta +0)  negative = a dropped register or a shrunk array; positive =
      a grown array, or the superset taken where the old->new mapping was ambiguous --
      see the comments above.
production loader accepts it: 11,432 words, layout fingerprint 6287a37148a1c23a
wrote src/doomfj/data/m1_restore_set.json.gz
rc=0
=== 13:28:12 python scratchpad/m1_add_globals.py --labels scratchpad/_ca_labels_p4.tsv.gz --set src/doomfj/data/m1_restore_set.json.gz --out src/doomfj/data/m1_restore_set.json.gz
$ python scratchpad/m1_add_globals.py --labels scratchpad/_ca_labels_p4.tsv.gz --set src/doomfj/data/m1_restore_set.json.gz --out src/doomfj/data/m1_restore_set.json.gz
added 0 words over 328 globals (2 check + 326 hoisted)
src/doomfj/data/m1_restore_set.json.gz: 11432 -> 11432 words over 436 entries
rc=0
=== 13:28:16 python scratchpad/ca_labels.py --standalone --out scratchpad/_ca_labels_std_p4.tsv.gz
$ python scratchpad/ca_labels.py --standalone --out scratchpad/_ca_labels_std_p4.tsv.gz
driving build_wall_renderer(self_reset=True) to pass 1 ...
pid bake: 254 pairs baked, 255 addressable at PID_NIBBLES=2
pass 1 in 2361s: 2,281,414 labels -> scratchpad\_ca_labels_std_p4.tsv.gz (17.8 MB)
code_start word: 17308
rc=0
=== 14:09:15 python scratchpad/m5_setfile.py --labels scratchpad/_ca_labels_std_p4.tsv.gz --doors tests/fixtures/freedoom_e1m1.wad
$ python scratchpad/m5_setfile.py --labels scratchpad/_ca_labels_std_p4.tsv.gz --doors tests/fixtures/freedoom_e1m1.wad
Traceback (most recent call last):
  File "C:\Users\tomhe\Documents\doom-m7r\scratchpad\m5_setfile.py", line 306, in <module>
    sys.exit(main())
             ^^^^^^
  File "C:\Users\tomhe\Documents\doom-m7r\scratchpad\m5_setfile.py", line 290, in main
    doc, gone, added = derive(doc, addresses, names, decls, persist)
                       ^^^^^^^^^^^^^^^^^^^^^^^^^^^^^^^^^^^^^^^^^^^^^
  File "C:\Users\tomhe\Documents\doom-m7r\scratchpad\m5_setfile.py", line 147, in derive
    assert not absent, (
AssertionError: the persist names (build.STANDALONE_PERSIST / DOOR_PERSIST / THING_PERSIST) include ['hud_v', 'hud_s', 'hud_full', 'wp_rdy', 'wp_pend', 'wp_st', 'wp_tics', 'wp_sy', 'fl_st', 'fl_tics', 'wp_rf', 'wp_ad', 'am_clip', 'am_shell', 'wp_own', 'rng_pl', 'wp_frm', 'fl_frm', 'aim_sid', 'aim_tz'], which the set does not carry. emit_reset_part would refuse an hour into the build; refuse here instead.
rc=1
# 14:12 the run above STOPPED at m5_setfile: the standalone set never carried the game screen's persisted cells (hud/weapon/aim -- the hosted set has no bar). Fixed (build.game_screen_persisted_decls, read by m5_setfile and test_restore_set_shipped; the selftest's C5b control now carries every persist name) and the step re-run on the SAME captures:
=== 14:12:59 python scratchpad/m5_setfile.py --selftest
$ python scratchpad/m5_setfile.py --selftest
P  wmagic dropped, 25 globals added at declared width, persist set present -> ok
C1 an unexpected label vanishes      -> refused ok
C2 a persist label not in the set    -> refused ok
C3 extent != declared hex.vec width  -> refused ok
C4 an offset escapes its label       -> refused ok
C5 a THING_PERSIST label not in the set -> refused ok
C5b every persist label in the set -> accepted ok
SELFTEST: PASS
rc=0
=== 14:13:00 python scratchpad/m5_setfile.py --labels scratchpad/_ca_labels_std_p4.tsv.gz --doors tests/fixtures/freedoom_e1m1.wad
$ python scratchpad/m5_setfile.py --labels scratchpad/_ca_labels_std_p4.tsv.gz --doors tests/fixtures/freedoom_e1m1.wad
dropped wmagic; added 3770 words over 83 standalone globals (incl. the per-door state)
src/doomfj/data/m5_restore_set.json.gz: 11432 -> 15198 words over 436 -> 518 entries
persist: viewx, viewy, viewangle, kb_f, kb_b, kb_l, kb_r, kb_u, mode, menu_scr, menu_sel, lvdone, pusedn, kb_sl, kb_sr, kb_fi, kb_w1, kb_w2, kb_w3, kb_w4, dstate, ddir, dsub, dwait, dreq, pcard, wfired, lstate, ldir, lsub, lwait, lreq, fswitch, sshead, thss_rt, thpos_rt, mon_state, mon_tics, mon_facing, mon_active, mon_target, mon_reaction, mon_threshold, mon_movedir, sched_cursor, thseen, mon_movecount, mon_rng, mon_floorz, msec, bar_solid, mh_prev, mon_justattacked, mon_health, mon_shootable, mon_solid, mon_justhit, mon_ambush, snd_alert, hud_v, hud_s, hud_full, wp_rdy, wp_pend, wp_st, wp_tics, wp_sy, fl_st, fl_tics, wp_rf, wp_ad, am_clip, am_shell, wp_own, rng_pl, wp_frm, fl_frm, aim_sid, aim_tz
rc=0
=== 14:13:04 python -m pytest tests/host/test_restore_set_shipped.py -q -p no:cacheprovider
22 passed in 0.86s
rc=0
=== REKEY DONE 14:13:06
