$ python scratchpad/12m/msframe.py --a build/doom_e1m1_padA.fjm --b build/doom_e1m1_padB.fjm --note "lead B vs lead A: hex.shifts.shl/shr_bit_once blocked (flipjump exp/literal-shift-tables 3e53017)"
# start 2026-09-25 20:14:03
machine : power plan 'Turbo'; busy processes: none
msframe : A=doom_e1m1_padA.fjm B=doom_e1m1_padB.fjm, 200 game frames, 5 reps, cpu 2, resolution 3%
  rep 0  A         81.4 ms   235.8M fj/s  yard 3.49->3.33G   |  B         76.3 ms   238.8M fj/s  yard 3.46->3.55G
  rep 1  A         79.0 ms   242.9M fj/s  yard 3.61->3.61G   |  B         77.2 ms   236.0M fj/s  yard 3.59->3.64G
  rep 2  A         78.9 ms   243.5M fj/s  yard 3.62->3.63G   |  B         76.4 ms   238.6M fj/s  yard 3.61->3.60G
  rep 3  A         76.5 ms   250.9M fj/s  yard 3.64->3.63G   |  B         76.5 ms   238.1M fj/s  yard 3.62->3.62G
  rep 4  A         77.1 ms   249.2M fj/s  yard 3.63->3.61G   |  B         74.6 ms   244.3M fj/s  yard 3.64->3.65G

  A        median    78.9 ms/frame  [76.5 .. 81.4]    243.5M fj/s   19,201,791 ops/frame   cell=4 flat
  B        median    76.4 ms/frame  [74.6 .. 77.2]    238.6M fj/s   18,221,696 ops/frame   cell=4 flat

  pixels identical across arms and reps : YES
  ops identical across arms             : no   (expected when the arms are different binaries; not when they are one engine A/B)
  per-pair A/B ms ratio                 : 1.067 1.024 1.033 1.000 1.033
  median ratio                          : 1.033  (>1 = B faster)
  VERDICT: NOT SEPARATED   (rule: all 5 pairs agree in sign AND |median ratio - 1| > 3%)
  engine A: 79af8639f57bfa50 full_span=None C:\Users\tomhe\Documents\flipjump-151\flipjump\interpreter\_fjcore.pyd
  engine B: 79af8639f57bfa50 full_span=None C:\Users\tomhe\Documents\flipjump-151\flipjump\interpreter\_fjcore.pyd
  pin: cpu2 proc=ok thread=ok prio=high   yardstick median 3.61G
  ledger  : appended to scratchpad\12m\msframe_ledger.jsonl
# exit=0
# end   20:20:09
