flipjump: C:\Users\tomhe\Documents\flipjump-151\flipjump at 9e14998 (runs only; padB was assembled against exp/literal-shift-tables 3e53017); engine 79af8639f57bfa50
$ python scratchpad/12m/gamespeed.py --fjm build/doom_e1m1_padB.fjm
SIZE: w=32  segments=432165  data=43,253,668 words (32.23% of 2^27)  span=94,704,800 words (70.56%)  file=31,770,388 bytes
calibration: startup + 2 menu frames = 518,147 ops (subtracted from every run)
  run  0: 2,100,441,242 ops / 102 presented -> raw 20,592,561, game-only 20,999,230 ops/frame
  run  1: 1,001,952,090 ops / 102 presented -> raw 9,823,059, game-only 10,014,339 ops/frame
  run  2: 2,013,523,861 ops / 102 presented -> raw 19,740,430, game-only 20,130,057 ops/frame
  run  3: 2,099,228,516 ops / 102 presented -> raw 20,580,671, game-only 20,987,103 ops/frame
  run  4: 1,240,232,635 ops / 102 presented -> raw 12,159,143, game-only 12,397,144 ops/frame
  run  5: 1,358,311,602 ops / 102 presented -> raw 13,316,780, game-only 13,577,934 ops/frame
  run  6: 1,202,547,964 ops / 102 presented -> raw 11,789,685, game-only 12,020,298 ops/frame
  run  7: 1,217,147,917 ops / 102 presented -> raw 11,932,822, game-only 12,166,297 ops/frame
  run  8: 1,460,676,340 ops / 102 presented -> raw 14,320,356, game-only 14,601,581 ops/frame
  run  9: 1,511,398,521 ops / 102 presented -> raw 14,817,632, game-only 15,108,803 ops/frame

==============================================================================
SPEED  BINDING (mean+p80)/2: 17,665,168 ops/frame   (target <= 20,000,000)  PASS
SPEED  mean run-average   : 15,200,279 ops/frame
SPEED  80th-pct run avg   : 20,130,057 ops/frame
SPEED  spread lo..hi      : 10,014,339 .. 20,999,230 ops/frame
SPEED  raw (menu included): mean 14,907,314, 80th-pct 19,740,430 ops/frame
SIZE   words              : 43,253,668 = 32.23% of 2^27   (target <= 35%)  PASS
SIZE   span / file        : 94,704,800 words (70.56%) / 31,770,388 bytes
==============================================================================
$ python scratchpad/12m/gamespeed.py --fjm build/doom_e1m1_padB.fjm --validate
  run  0: ends (   831,   485)   1267 from spawn    1478 travelled  moved on  96/100 move-frames (4% blocked)
  run  1: ends (  -357,   430)    183 from spawn    1165 travelled  moved on  86/ 97 move-frames (11% blocked)
  run  2: ends (   780,   427)   1208 from spawn    1397 travelled  moved on  84/ 94 move-frames (11% blocked)
  run  3: ends (   688,   208)   1105 from spawn    1220 travelled  moved on  71/ 91 move-frames (22% blocked)
  run  4: ends (  -176,   348)    257 from spawn    1036 travelled  moved on  72/ 88 move-frames (18% blocked)
  run  5: ends (  -173,   163)    260 from spawn     960 travelled  moved on  60/ 85 move-frames (29% blocked)
  run  6: ends (  -173,   413)    289 from spawn     884 travelled  moved on  60/ 82 move-frames (27% blocked)
  run  7: ends (  -490,   106)    167 from spawn    1073 travelled  moved on  72/ 79 move-frames (9% blocked)
  run  8: ends (   239,   353)    662 from spawn    1190 travelled  moved on  67/ 76 move-frames (12% blocked)
  run  9: ends (   189,   245)    605 from spawn    1114 travelled  moved on  63/ 73 move-frames (14% blocked)
  distinct end cells: 10/10 ; widest spread 1321 units ; worst run 29% blocked
