$ python scratchpad/12m/msframe.py --a build/doom_e1m1_padA.fjm --b build/doom_e1m1_padB.fjm --frames 400 --reps 10 --note "lead B vs lead A, ESCALATED (5x200 was NOT SEPARATED: median 1.033 with one tied pair)"
# start 2026-09-25 20:20:27
machine : power plan 'Turbo'; busy processes: none
msframe : A=doom_e1m1_padA.fjm B=doom_e1m1_padB.fjm, 400 game frames, 10 reps, cpu 2, resolution 3%
  rep 0  A         72.4 ms   261.9M fj/s  yard 3.59->3.65G   |  B         70.4 ms   255.6M fj/s  yard 3.63->3.64G
  rep 1  A         72.4 ms   262.2M fj/s  yard 3.61->3.63G   |  B         70.6 ms   255.0M fj/s  yard 3.66->3.65G
  rep 2  A         72.6 ms   261.4M fj/s  yard 3.63->3.64G   |  B         70.3 ms   256.1M fj/s  yard 3.66->3.65G
  rep 3  A         72.5 ms   261.6M fj/s  yard 3.63->3.64G   |  B         70.9 ms   253.9M fj/s  yard 3.59->3.62G
  rep 4  A         72.4 ms   262.1M fj/s  yard 3.63->3.65G   |  B         70.0 ms   257.0M fj/s  yard 3.66->3.66G
  rep 5  A         72.3 ms   262.5M fj/s  yard 3.64->3.65G   |  B         70.6 ms   254.9M fj/s  yard 3.65->3.64G
  rep 6  A         73.0 ms   260.0M fj/s  yard 3.64->3.49G   |  B         70.4 ms   255.5M fj/s  yard 3.65->3.65G
  rep 7  A         72.3 ms   262.5M fj/s  yard 3.59->3.64G   |  B         70.2 ms   256.2M fj/s  yard 3.65->3.66G
  rep 8  A         72.5 ms   261.8M fj/s  yard 3.62->3.65G   |  B         70.1 ms   256.6M fj/s  yard 3.62->3.62G
  rep 9  A         72.8 ms   260.6M fj/s  yard 3.65->3.64G   |  B         70.4 ms   255.6M fj/s  yard 3.65->3.65G

  A        median    72.4 ms/frame  [72.3 .. 73.0]    261.9M fj/s   18,970,135 ops/frame   cell=4 flat
  B        median    70.4 ms/frame  [70.0 .. 70.9]    255.6M fj/s   17,994,040 ops/frame   cell=4 flat

  pixels identical across arms and reps : YES
  ops identical across arms             : no   (expected when the arms are different binaries; not when they are one engine A/B)
  per-pair A/B ms ratio                 : 1.029 1.025 1.033 1.023 1.034 1.024 1.036 1.029 1.033 1.034
  median ratio                          : 1.031  (>1 = B faster)
  VERDICT: B FASTER   (rule: all 10 pairs agree in sign AND |median ratio - 1| > 3%)
  engine A: 79af8639f57bfa50 full_span=None C:\Users\tomhe\Documents\flipjump-151\flipjump\interpreter\_fjcore.pyd
  engine B: 79af8639f57bfa50 full_span=None C:\Users\tomhe\Documents\flipjump-151\flipjump\interpreter\_fjcore.pyd
  pin: cpu2 proc=ok thread=ok prio=high   yardstick median 3.64G
  ledger  : appended to scratchpad\12m\msframe_ledger.jsonl
# exit=0
# end   20:36:41
